Archive member included to satisfy reference by file (symbol)

/usr/lib/gcc/arm-none-eabi/13.2.0/../../../../arm-none-eabi/lib/thumb/v7e-m+dp/hard/libc_nano.a(libc_a-atexit.o)
                              /usr/lib/gcc/arm-none-eabi/13.2.0/../../../../arm-none-eabi/lib/thumb/v7e-m+dp/hard/crt0.o (atexit)
/usr/lib/gcc/arm-none-eabi/13.2.0/../../../../arm-none-eabi/lib/thumb/v7e-m+dp/hard/libc_nano.a(libc_a-exit.o)
                              /usr/lib/gcc/arm-none-eabi/13.2.0/../../../../arm-none-eabi/lib/thumb/v7e-m+dp/hard/crt0.o (exit)
/usr/lib/gcc/arm-none-eabi/13.2.0/../../../../arm-none-eabi/lib/thumb/v7e-m+dp/hard/libc_nano.a(libc_a-findfp.o)
                              /usr/lib/gcc/arm-none-eabi/13.2.0/../../../../arm-none-eabi/lib/thumb/v7e-m+dp/hard/libc_nano.a(libc_a-exit.o) (__stdio_exit_handler)
/usr/lib/gcc/arm-none-eabi/13.2.0/../../../../arm-none-eabi/lib/thumb/v7e-m+dp/hard/libc_nano.a(libc_a-fwalk.o)
                              /usr/lib/gcc/arm-none-eabi/13.2.0/../../../../arm-none-eabi/lib/thumb/v7e-m+dp/hard/libc_nano.a(libc_a-findfp.o) (_fwalk_sglue)
/usr/lib/gcc/arm-none-eabi/13.2.0/../../../../arm-none-eabi/lib/thumb/v7e-m+dp/hard/libc_nano.a(libc_a-printf.o)
                              build/nrf24l01.o (printf)
/usr/lib/gcc/arm-none-eabi/13.2.0/../../../../arm-none-eabi/lib/thumb/v7e-m+dp/hard/libc_nano.a(libc_a-puts.o)
                              build/main.o (puts)
/usr/lib/gcc/arm-none-eabi/13.2.0/../../../../arm-none-eabi/lib/thumb/v7e-m+dp/hard/libc_nano.a(libc_a-stdio.o)
                              /usr/lib/gcc/arm-none-eabi/13.2.0/../../../../arm-none-eabi/lib/thumb/v7e-m+dp/hard/libc_nano.a(libc_a-findfp.o) (__sread)
/usr/lib/gcc/arm-none-eabi/13.2.0/../../../../arm-none-eabi/lib/thumb/v7e-m+dp/hard/libc_nano.a(libc_a-wbuf.o)
                              /usr/lib/gcc/arm-none-eabi/13.2.0/../../../../arm-none-eabi/lib/thumb/v7e-m+dp/hard/libc_nano.a(libc_a-puts.o) (__swbuf_r)
/usr/lib/gcc/arm-none-eabi/13.2.0/../../../../arm-none-eabi/lib/thumb/v7e-m+dp/hard/libc_nano.a(libc_a-wsetup.o)
                              /usr/lib/gcc/arm-none-eabi/13.2.0/../../../../arm-none-eabi/lib/thumb/v7e-m+dp/hard/libc_nano.a(libc_a-puts.o) (__swsetup_r)
/usr/lib/gcc/arm-none-eabi/13.2.0/../../../../arm-none-eabi/lib/thumb/v7e-m+dp/hard/libc_nano.a(libc_a-memset.o)
                              /usr/lib/gcc/arm-none-eabi/13.2.0/../../../../arm-none-eabi/lib/thumb/v7e-m+dp/hard/crt0.o (memset)
/usr/lib/gcc/arm-none-eabi/13.2.0/../../../../arm-none-eabi/lib/thumb/v7e-m+dp/hard/libc_nano.a(libc_a-closer.o)
                              /usr/lib/gcc/arm-none-eabi/13.2.0/../../../../arm-none-eabi/lib/thumb/v7e-m+dp/hard/libc_nano.a(libc_a-stdio.o) (_close_r)
/usr/lib/gcc/arm-none-eabi/13.2.0/../../../../arm-none-eabi/lib/thumb/v7e-m+dp/hard/libc_nano.a(libc_a-reent.o)
                              /usr/lib/gcc/arm-none-eabi/13.2.0/../../../../arm-none-eabi/lib/thumb/v7e-m+dp/hard/libc_nano.a(libc_a-closer.o) (errno)
/usr/lib/gcc/arm-none-eabi/13.2.0/../../../../arm-none-eabi/lib/thumb/v7e-m+dp/hard/libc_nano.a(libc_a-impure.o)
                              /usr/lib/gcc/arm-none-eabi/13.2.0/../../../../arm-none-eabi/lib/thumb/v7e-m+dp/hard/libc_nano.a(libc_a-printf.o) (_impure_ptr)
/usr/lib/gcc/arm-none-eabi/13.2.0/../../../../arm-none-eabi/lib/thumb/v7e-m+dp/hard/libc_nano.a(libc_a-lseekr.o)
                              /usr/lib/gcc/arm-none-eabi/13.2.0/../../../../arm-none-eabi/lib/thumb/v7e-m+dp/hard/libc_nano.a(libc_a-stdio.o) (_lseek_r)
/usr/lib/gcc/arm-none-eabi/13.2.0/../../../../arm-none-eabi/lib/thumb/v7e-m+dp/hard/libc_nano.a(libc_a-readr.o)
                              /usr/lib/gcc/arm-none-eabi/13.2.0/../../../../arm-none-eabi/lib/thumb/v7e-m+dp/hard/libc_nano.a(libc_a-stdio.o) (_read_r)
/usr/lib/gcc/arm-none-eabi/13.2.0/../../../../arm-none-eabi/lib/thumb/v7e-m+dp/hard/libc_nano.a(libc_a-writer.o)
                              /usr/lib/gcc/arm-none-eabi/13.2.0/../../../../arm-none-eabi/lib/thumb/v7e-m+dp/hard/libc_nano.a(libc_a-stdio.o) (_write_r)
/usr/lib/gcc/arm-none-eabi/13.2.0/../../../../arm-none-eabi/lib/thumb/v7e-m+dp/hard/libc_nano.a(libc_a-init.o)
                              /usr/lib/gcc/arm-none-eabi/13.2.0/../../../../arm-none-eabi/lib/thumb/v7e-m+dp/hard/crt0.o (__libc_init_array)
/usr/lib/gcc/arm-none-eabi/13.2.0/../../../../arm-none-eabi/lib/thumb/v7e-m+dp/hard/libc_nano.a(libc_a-fini.o)
                              /usr/lib/gcc/arm-none-eabi/13.2.0/../../../../arm-none-eabi/lib/thumb/v7e-m+dp/hard/crt0.o (__libc_fini_array)
/usr/lib/gcc/arm-none-eabi/13.2.0/../../../../arm-none-eabi/lib/thumb/v7e-m+dp/hard/libc_nano.a(libc_a-lock.o)
                              /usr/lib/gcc/arm-none-eabi/13.2.0/../../../../arm-none-eabi/lib/thumb/v7e-m+dp/hard/libc_nano.a(libc_a-findfp.o) (__retarget_lock_init_recursive)
/usr/lib/gcc/arm-none-eabi/13.2.0/../../../../arm-none-eabi/lib/thumb/v7e-m+dp/hard/libc_nano.a(libc_a-__atexit.o)
[...]
Memory Configuration

Name             Origin             Length             Attributes
FLASH            0x08000000         0x00100000         xr
RAM              0x20000000         0x00020000         xrw
ITCMRAM          0x00000000         0x00010000         xrw
*default*        0x00000000         0xffffffff

Linker script and memory map

LOAD /usr/lib/gcc/arm-none-eabi/13.2.0/thumb/v7e-m+dp/hard/crti.o
LOAD /usr/lib/gcc/arm-none-eabi/13.2.0/thumb/v7e-m+dp/hard/crtbegin.o
LOAD /usr/lib/gcc/arm-none-eabi/13.2.0/../../../../arm-none-eabi/lib/thumb/v7e-m+dp/hard/crt0.o
LOAD build/main.o
LOAD build/stm32h7xx_it.o
LOAD build/stm32h7xx_hal_msp.o
LOAD build/stm32h7xx_hal_cortex.o
LOAD build/stm32h7xx_hal_tim.o
LOAD build/stm32h7xx_hal_tim_ex.o
LOAD build/stm32h7xx_hal_rcc.o
LOAD build/stm32h7xx_hal_rcc_ex.o
LOAD build/stm32h7xx_hal_flash.o
LOAD build/stm32h7xx_hal_flash_ex.o
LOAD build/stm32h7xx_hal_gpio.o
LOAD build/stm32h7xx_hal_hsem.o
LOAD build/stm32h7xx_hal_dma.o
LOAD build/stm32h7xx_hal_dma_ex.o
LOAD build/stm32h7xx_hal_mdma.o
LOAD build/stm32h7xx_hal_pwr.o
LOAD build/stm32h7xx_hal_pwr_ex.o
LOAD build/stm32h7xx_hal.o
LOAD build/stm32h7xx_hal_i2c.o
LOAD build/stm32h7xx_hal_i2c_ex.o
LOAD build/stm32h7xx_hal_exti.o
LOAD build/system_stm32h7xx_dualcore_boot_cm4_cm7.o
LOAD build/stm32h7xx_hal_uart.o
LOAD build/stm32h7xx_hal_uart_ex.o
LOAD build/nrf24l01.o
LOAD build/stm32h7xx_hal_spi.o
LOAD build/stm32h7xx_hal_spi_ex.o
LOAD build/startup_stm32h755xx_CM7.o
LOAD /usr/lib/gcc/arm-none-eabi/13.2.0/../../../../arm-none-eabi/lib/thumb/v7e-m+dp/hard/libc_nano.a
LOAD /usr/lib/gcc/arm-none-eabi/13.2.0/../../../../arm-none-eabi/lib/thumb/v7e-m+dp/hard/libm.a
LOAD /usr/lib/gcc/arm-none-eabi/13.2.0/../../../../arm-none-eabi/lib/thumb/v7e-m+dp/hard/libnosys.a
START GROUP
LOAD /usr/lib/gcc/arm-none-eabi/13.2.0/thumb/v7e-m+dp/hard/libgcc.a
LOAD /usr/lib/gcc/arm-none-eabi/13.2.0/../../../../arm-none-eabi/lib/thumb/v7e-m+dp/hard/libc_nano.a
END GROUP
START GROUP
LOAD /usr/lib/gcc/arm-none-eabi/13.2.0/thumb/v7e-m+dp/hard/libgcc.a
LOAD /usr/lib/gcc/arm-none-eabi/13.2.0/../../../../arm-none-eabi/lib/thumb/v7e-m+dp/hard/libc_nano.a
END GROUP
LOAD /usr/lib/gcc/arm-none-eabi/13.2.0/thumb/v7e-m+dp/hard/crtend.o
LOAD /usr/lib/gcc/arm-none-eabi/13.2.0/thumb/v7e-m+dp/hard/crtn.o
                0x20020000                        _estack = 0x20020000
                0x00000200                        _Min_Heap_Size = 0x200
                0x00000400                        _Min_Stack_Size = 0x400

.isr_vector     0x08000000      0x298
                0x08000000                        . = ALIGN (0x4)
 *(.isr_vector)
 .isr_vector    0x08000000      0x298 build/startup_stm32h755xx_CM7.o
                0x08000000                g_pfnVectors
                0x08000298                        . = ALIGN (0x4)

.text           0x08000298     0x3f78
                0x08000298                        . = ALIGN (0x4)
 *(.text)
 .text          0x08000298       0x30 /usr/lib/gcc/arm-none-eabi/13.2.0/thumb/v7e-m+dp/hard/libgcc.a(_aeabi_uldivmod.o)
                0x08000298                __aeabi_uldivmod
 .text          0x080002c8        0x4 /usr/lib/gcc/arm-none-eabi/13.2.0/thumb/v7e-m+dp/hard/libgcc.a(_dvmd_tls.o)
                0x080002c8                __aeabi_ldiv0
                0x080002c8                __aeabi_idiv0
 *(.text*)
 .text.__do_global_dtors_aux
                0x080002cc       0x24 /usr/lib/gcc/arm-none-eabi/13.2.0/thumb/v7e-m+dp/hard/crtbegin.o
 .text.frame_dummy
                0x080002f0       0x1c /usr/lib/gcc/arm-none-eabi/13.2.0/thumb/v7e-m+dp/hard/crtbegin.o
 .text.MX_GPIO_Init
                0x0800030c       0xc4 build/main.o
 .text.Error_Handler
                0x080003d0        0x4 build/main.o
                0x080003d0                Error_Handler
 .text.MX_USART3_UART_Init
                0x080003d4       0x60 build/main.o
 .text.MX_SPI1_Init
                0x08000434       0x58 build/main.o
 .text.SystemClock_Config
                0x0800048c       0xc4 build/main.o
                0x0800048c                SystemClock_Config
 .text.main     0x08000550       0x94 build/main.o
                0x08000550                main
 .text.NMI_Handler
                0x080005e4        0x2 build/stm32h7xx_it.o
                0x080005e4                NMI_Handler
 .text.HardFault_Handler
                0x080005e6        0x2 build/stm32h7xx_it.o
                0x080005e6                HardFault_Handler
 .text.MemManage_Handler
                0x080005e8        0x2 build/stm32h7xx_it.o
                0x080005e8                MemManage_Handler
 .text.BusFault_Handler
                0x080005ea        0x2 build/stm32h7xx_it.o
                0x080005ea                BusFault_Handler
 .text.UsageFault_Handler
                0x080005ec        0x2 build/stm32h7xx_it.o
                0x080005ec                UsageFault_Handler
 .text.SVC_Handler
                0x080005ee        0x2 build/stm32h7xx_it.o
                0x080005ee                SVC_Handler
 .text.DebugMon_Handler
                0x080005f0        0x2 build/stm32h7xx_it.o
                0x080005f0                DebugMon_Handler
 .text.PendSV_Handler
                0x080005f2        0x2 build/stm32h7xx_it.o
                0x080005f2                PendSV_Handler
 .text.SysTick_Handler
                0x080005f4        0x8 build/stm32h7xx_it.o
                0x080005f4                SysTick_Handler
 .text.HAL_MspInit
                0x080005fc       0x24 build/stm32h7xx_hal_msp.o
                0x080005fc                HAL_MspInit
 .text.HAL_SPI_MspInit
                0x08000620       0xcc build/stm32h7xx_hal_msp.o
                0x08000620                HAL_SPI_MspInit
 .text.HAL_UART_MspInit
                0x080006ec       0x98 build/stm32h7xx_hal_msp.o
                0x080006ec                HAL_UART_MspInit
 .text.__NVIC_SetPriority
                0x08000784       0x24 build/stm32h7xx_hal_cortex.o
 .text.NVIC_EncodePriority
                0x080007a8       0x3e build/stm32h7xx_hal_cortex.o
 *fill*         0x080007e6        0x2 
 .text.HAL_NVIC_SetPriorityGrouping
                0x080007e8       0x24 build/stm32h7xx_hal_cortex.o
                0x080007e8                HAL_NVIC_SetPriorityGrouping
 .text.HAL_NVIC_SetPriority
                0x0800080c       0x20 build/stm32h7xx_hal_cortex.o
                0x0800080c                HAL_NVIC_SetPriority
 .text.HAL_SYSTICK_Config
                0x0800082c       0x28 build/stm32h7xx_hal_cortex.o
                0x0800082c                HAL_SYSTICK_Config
 .text.HAL_RCC_OscConfig
                0x08000854      0x6b0 build/stm32h7xx_hal_rcc.o
                0x08000854                HAL_RCC_OscConfig
 .text.HAL_RCC_GetSysClockFreq
                0x08000f04      0x1f8 build/stm32h7xx_hal_rcc.o
                0x08000f04                HAL_RCC_GetSysClockFreq
 .text.HAL_RCC_ClockConfig
                0x080010fc      0x294 build/stm32h7xx_hal_rcc.o
                0x080010fc                HAL_RCC_ClockConfig
 .text.HAL_RCC_GetHCLKFreq
                0x08001390       0x44 build/stm32h7xx_hal_rcc.o
                0x08001390                HAL_RCC_GetHCLKFreq
 .text.HAL_RCC_GetPCLK1Freq
                0x080013d4       0x24 build/stm32h7xx_hal_rcc.o
                0x080013d4                HAL_RCC_GetPCLK1Freq
 .text.HAL_RCC_GetPCLK2Freq
                0x080013f8       0x24 build/stm32h7xx_hal_rcc.o
                0x080013f8                HAL_RCC_GetPCLK2Freq
 .text.RCCEx_PLL2_Config
                0x0800141c      0x108 build/stm32h7xx_hal_rcc_ex.o
 .text.RCCEx_PLL3_Config
                0x08001524      0x108 build/stm32h7xx_hal_rcc_ex.o
 .text.HAL_RCCEx_PeriphCLKConfig
                0x0800162c      0xaac build/stm32h7xx_hal_rcc_ex.o
                0x0800162c                HAL_RCCEx_PeriphCLKConfig
 .text.HAL_RCCEx_GetD3PCLK1Freq
                0x080020d8       0x24 build/stm32h7xx_hal_rcc_ex.o
                0x080020d8                HAL_RCCEx_GetD3PCLK1Freq
 .text.HAL_RCCEx_GetPLL2ClockFreq
                0x080020fc      0x200 build/stm32h7xx_hal_rcc_ex.o
                0x080020fc                HAL_RCCEx_GetPLL2ClockFreq
 .text.HAL_RCCEx_GetPLL3ClockFreq
                0x080022fc      0x200 build/stm32h7xx_hal_rcc_ex.o
                0x080022fc                HAL_RCCEx_GetPLL3ClockFreq
 .text.HAL_GPIO_Init
                0x080024fc      0x220 build/stm32h7xx_hal_gpio.o
                0x080024fc                HAL_GPIO_Init
 .text.HAL_GPIO_WritePin
                0x0800271c        0xc build/stm32h7xx_hal_gpio.o
                0x0800271c                HAL_GPIO_WritePin
 .text.HAL_HSEM_FastTake
                0x08002728       0x20 build/stm32h7xx_hal_hsem.o
                0x08002728                HAL_HSEM_FastTake
 .text.HAL_HSEM_Release
                0x08002748       0x10 build/stm32h7xx_hal_hsem.o
                0x08002748                HAL_HSEM_Release
 .text.HAL_PWREx_ConfigSupply
                0x08002758       0x94 build/stm32h7xx_hal_pwr_ex.o
                0x08002758                HAL_PWREx_ConfigSupply
 .text.HAL_InitTick
                0x080027ec       0x50 build/stm32h7xx_hal.o
                0x080027ec                HAL_InitTick
 .text.HAL_Init
                0x0800283c       0x5c build/stm32h7xx_hal.o
                0x0800283c                HAL_Init
 .text.HAL_IncTick
                0x08002898       0x18 build/stm32h7xx_hal.o
                0x08002898                HAL_IncTick
 .text.HAL_GetTick
                0x080028b0        0xc build/stm32h7xx_hal.o
                0x080028b0                HAL_GetTick
 .text.HAL_GetREVID
                0x080028bc        0xc build/stm32h7xx_hal.o
                0x080028bc                HAL_GetREVID
 .text.SystemInit
                0x080028c8       0xe0 build/system_stm32h7xx_dualcore_boot_cm4_cm7.o
                0x080028c8                SystemInit
 .text.UART_EndRxTransfer
                0x080029a8       0x58 build/stm32h7xx_hal_uart.o
 .text.UART_SetConfig
                0x08002a00      0x5fc build/stm32h7xx_hal_uart.o
                0x08002a00                UART_SetConfig
 .text.UART_AdvFeatureConfig
                0x08002ffc       0xca build/stm32h7xx_hal_uart.o
                0x08002ffc                UART_AdvFeatureConfig
 .text.UART_WaitOnFlagUntilTimeout
                0x080030c6       0x96 build/stm32h7xx_hal_uart.o
                0x080030c6                UART_WaitOnFlagUntilTimeout
 .text.UART_CheckIdleState
                0x0800315c       0xca build/stm32h7xx_hal_uart.o
                0x0800315c                UART_CheckIdleState
 .text.HAL_UART_Init
                0x08003226       0x66 build/stm32h7xx_hal_uart.o
                0x08003226                HAL_UART_Init
 .text.UARTEx_SetNbDataToProcess
                0x0800328c       0x4c build/stm32h7xx_hal_uart_ex.o
 .text.HAL_UARTEx_DisableFifoMode
                0x080032d8       0x3e build/stm32h7xx_hal_uart_ex.o
                0x080032d8                HAL_UARTEx_DisableFifoMode
 .text.HAL_UARTEx_SetTxFifoThreshold
                0x08003316       0x4a build/stm32h7xx_hal_uart_ex.o
                0x08003316                HAL_UARTEx_SetTxFifoThreshold
 .text.HAL_UARTEx_SetRxFifoThreshold
                0x08003360       0x4a build/stm32h7xx_hal_uart_ex.o
                0x08003360                HAL_UARTEx_SetRxFifoThreshold
 .text.SPI_GetPacketSize
                0x080033aa       0x10 build/stm32h7xx_hal_spi.o
 *fill*         0x080033ba        0x2 
 .text.HAL_SPI_Init
                0x080033bc      0x190 build/stm32h7xx_hal_spi.o
                0x080033bc                HAL_SPI_Init
 .text.Reset_Handler
                0x0800354c       0x50 build/startup_stm32h755xx_CM7.o
                0x0800354c                Reset_Handler
 .text.Default_Handler
                0x0800359c        0x2 build/startup_stm32h755xx_CM7.o
                0x0800359c                RTC_Alarm_IRQHandler
                0x0800359c                HASH_RNG_IRQHandler
                0x0800359c                EXTI2_IRQHandler
                0x0800359c                TIM8_CC_IRQHandler
                0x0800359c                HRTIM1_Master_IRQHandler
                0x0800359c                UART8_IRQHandler
                0x0800359c                SPI4_IRQHandler
                0x0800359c                TIM1_CC_IRQHandler
                0x0800359c                BDMA_Channel6_IRQHandler
                0x0800359c                DMA2_Stream5_IRQHandler
                0x0800359c                HRTIM1_FLT_IRQHandler
                0x0800359c                JPEG_IRQHandler
                0x0800359c                DMA1_Stream5_IRQHandler
                0x0800359c                BDMA_Channel1_IRQHandler
                0x0800359c                HRTIM1_TIMD_IRQHandler
                0x0800359c                TAMP_STAMP_IRQHandler
                0x0800359c                EXTI3_IRQHandler
                0x0800359c                LPTIM4_IRQHandler
                0x0800359c                TIM8_TRG_COM_TIM14_IRQHandler
                0x0800359c                LPTIM2_IRQHandler
                0x0800359c                DFSDM1_FLT1_IRQHandler
                0x0800359c                DMAMUX2_OVR_IRQHandler
                0x0800359c                TIM8_UP_TIM13_IRQHandler
                0x0800359c                I2C3_ER_IRQHandler
                0x0800359c                DFSDM1_FLT2_IRQHandler
                0x0800359c                MDMA_IRQHandler
                0x0800359c                LPTIM3_IRQHandler
                0x0800359c                HSEM1_IRQHandler
                0x0800359c                EXTI0_IRQHandler
                0x0800359c                I2C2_EV_IRQHandler
                0x0800359c                DMA1_Stream2_IRQHandler
                0x0800359c                FPU_IRQHandler
                0x0800359c                OTG_HS_WKUP_IRQHandler
                0x0800359c                FDCAN1_IT1_IRQHandler
                0x0800359c                LTDC_ER_IRQHandler
                0x0800359c                DMA2_Stream2_IRQHandler
                0x0800359c                HRTIM1_TIME_IRQHandler
                0x0800359c                SPI1_IRQHandler
                0x0800359c                TIM6_DAC_IRQHandler
                0x0800359c                DCMI_IRQHandler
                0x0800359c                HRTIM1_TIMC_IRQHandler
                0x0800359c                DMA2_Stream3_IRQHandler
                0x0800359c                SAI2_IRQHandler
                0x0800359c                DFSDM1_FLT3_IRQHandler
                0x0800359c                USART6_IRQHandler
                0x0800359c                TIM17_IRQHandler
                0x0800359c                USART3_IRQHandler
                0x0800359c                BDMA_Channel7_IRQHandler
                0x0800359c                CRYP_IRQHandler
                0x0800359c                LPTIM5_IRQHandler
                0x0800359c                UART5_IRQHandler
                0x0800359c                ADC3_IRQHandler
                0x0800359c                DMA2_Stream0_IRQHandler
                0x0800359c                TIM4_IRQHandler
                0x0800359c                BDMA_Channel2_IRQHandler
                0x0800359c                QUADSPI_IRQHandler
                0x0800359c                I2C1_EV_IRQHandler
                0x0800359c                DMA1_Stream6_IRQHandler
                0x0800359c                DMAMUX1_OVR_IRQHandler
                0x0800359c                DMA1_Stream1_IRQHandler
                0x0800359c                TIM16_IRQHandler
                0x0800359c                UART4_IRQHandler
                0x0800359c                BDMA_Channel5_IRQHandler
                0x0800359c                TIM3_IRQHandler
                0x0800359c                RCC_IRQHandler
                0x0800359c                TIM8_BRK_TIM12_IRQHandler
                0x0800359c                TIM1_TRG_COM_IRQHandler
                0x0800359c                Default_Handler
                0x0800359c                ECC_IRQHandler
                0x0800359c                CEC_IRQHandler
                0x0800359c                EXTI15_10_IRQHandler
                0x0800359c                BDMA_Channel0_IRQHandler
                0x0800359c                ADC_IRQHandler
                0x0800359c                DMA1_Stream7_IRQHandler
                0x0800359c                HRTIM1_TIMA_IRQHandler
                0x0800359c                SPI5_IRQHandler
                0x0800359c                TIM7_IRQHandler
                0x0800359c                SDMMC1_IRQHandler
                0x0800359c                TIM5_IRQHandler
                0x0800359c                DMA2_Stream7_IRQHandler
                0x0800359c                TIM15_IRQHandler
                0x0800359c                PVD_AVD_IRQHandler
                0x0800359c                I2C3_EV_IRQHandler
                0x0800359c                EXTI9_5_IRQHandler
                0x0800359c                RTC_WKUP_IRQHandler
                0x0800359c                LTDC_IRQHandler
                0x0800359c                SAI3_IRQHandler
                0x0800359c                ETH_WKUP_IRQHandler
                0x0800359c                SPDIF_RX_IRQHandler
                0x0800359c                SPI2_IRQHandler
                0x0800359c                OTG_HS_EP1_IN_IRQHandler
                0x0800359c                DMA1_Stream0_IRQHandler
                0x0800359c                CRS_IRQHandler
                0x0800359c                CM7_SEV_IRQHandler
                0x0800359c                EXTI4_IRQHandler
                0x0800359c                CM4_SEV_IRQHandler
                0x0800359c                HRTIM1_TIMB_IRQHandler
                0x0800359c                FDCAN2_IT1_IRQHandler
                0x0800359c                ETH_IRQHandler
                0x0800359c                TIM1_UP_IRQHandler
                0x0800359c                WWDG_RST_IRQHandler
                0x0800359c                BDMA_Channel4_IRQHandler
                0x0800359c                OTG_HS_EP1_OUT_IRQHandler
                0x0800359c                WWDG_IRQHandler
                0x0800359c                SPI6_IRQHandler
                0x0800359c                MDIOS_IRQHandler
                0x0800359c                I2C4_EV_IRQHandler
                0x0800359c                FDCAN2_IT0_IRQHandler
                0x0800359c                LPUART1_IRQHandler
                0x0800359c                FDCAN1_IT0_IRQHandler
                0x0800359c                TIM2_IRQHandler
                0x0800359c                OTG_FS_WKUP_IRQHandler
                0x0800359c                OTG_HS_IRQHandler
                0x0800359c                HSEM2_IRQHandler
                0x0800359c                DMA2D_IRQHandler
                0x0800359c                TIM1_BRK_IRQHandler
                0x0800359c                EXTI1_IRQHandler
                0x0800359c                SDMMC2_IRQHandler
                0x0800359c                OTG_FS_EP1_OUT_IRQHandler
                0x0800359c                BDMA_Channel3_IRQHandler
                0x0800359c                HOLD_CORE_IRQHandler
                0x0800359c                UART7_IRQHandler
                0x0800359c                MDIOS_WKUP_IRQHandler
                0x0800359c                USART2_IRQHandler
                0x0800359c                DFSDM1_FLT0_IRQHandler
                0x0800359c                SAI4_IRQHandler
                0x0800359c                I2C2_ER_IRQHandler
                0x0800359c                DMA2_Stream1_IRQHandler
                0x0800359c                FLASH_IRQHandler
                0x0800359c                DMA2_Stream4_IRQHandler
                0x0800359c                USART1_IRQHandler
                0x0800359c                OTG_FS_IRQHandler
                0x0800359c                SPI3_IRQHandler
                0x0800359c                WAKEUP_PIN_IRQHandler
                0x0800359c                DMA1_Stream4_IRQHandler
                0x0800359c                OTG_FS_EP1_IN_IRQHandler
                0x0800359c                I2C1_ER_IRQHandler
                0x0800359c                FMC_IRQHandler
                0x0800359c                FDCAN_CAL_IRQHandler
                0x0800359c                SWPMI1_IRQHandler
                0x0800359c                COMP1_IRQHandler
                0x0800359c                LPTIM1_IRQHandler
                0x0800359c                I2C4_ER_IRQHandler
                0x0800359c                DMA2_Stream6_IRQHandler
                0x0800359c                SAI1_IRQHandler
                0x0800359c                DMA1_Stream3_IRQHandler
 *fill*         0x0800359e        0x2 
 .text.std      0x080035a0       0x6c /usr/lib/gcc/arm-none-eabi/13.2.0/../../../../arm-none-eabi/lib/thumb/v7e-m+dp/hard/libc_nano.a(libc_a-findfp.o)
 .text.stdio_exit_handler
                0x0800360c       0x18 /usr/lib/gcc/arm-none-eabi/13.2.0/../../../../arm-none-eabi/lib/thumb/v7e-m+dp/hard/libc_nano.a(libc_a-findfp.o)
 .text.cleanup_stdio
                0x08003624       0x40 /usr/lib/gcc/arm-none-eabi/13.2.0/../../../../arm-none-eabi/lib/thumb/v7e-m+dp/hard/libc_nano.a(libc_a-findfp.o)
 .text.global_stdio_init.part.0
                0x08003664       0x3c /usr/lib/gcc/arm-none-eabi/13.2.0/../../../../arm-none-eabi/lib/thumb/v7e-m+dp/hard/libc_nano.a(libc_a-findfp.o)
 .text.__sfp_lock_acquire
                0x080036a0        0xc /usr/lib/gcc/arm-none-eabi/13.2.0/../../../../arm-none-eabi/lib/thumb/v7e-m+dp/hard/libc_nano.a(libc_a-findfp.o)
                0x080036a0                __sfp_lock_acquire
 .text.__sfp_lock_release
                0x080036ac        0xc /usr/lib/gcc/arm-none-eabi/13.2.0/../../../../arm-none-eabi/lib/thumb/v7e-m+dp/hard/libc_nano.a(libc_a-findfp.o)
                0x080036ac                __sfp_lock_release
 .text.__sinit  0x080036b8       0x30 /usr/lib/gcc/arm-none-eabi/13.2.0/../../../../arm-none-eabi/lib/thumb/v7e-m+dp/hard/libc_nano.a(libc_a-findfp.o)
                0x080036b8                __sinit
 .text._fwalk_sglue
                0x080036e8       0x3c /usr/lib/gcc/arm-none-eabi/13.2.0/../../../../arm-none-eabi/lib/thumb/v7e-m+dp/hard/libc_nano.a(libc_a-fwalk.o)
                0x080036e8                _fwalk_sglue
 .text._puts_r  0x08003724       0xaa /usr/lib/gcc/arm-none-eabi/13.2.0/../../../../arm-none-eabi/lib/thumb/v7e-m+dp/hard/libc_nano.a(libc_a-puts.o)
                0x08003724                _puts_r
 *fill*         0x080037ce        0x2 
 .text.puts     0x080037d0       0x10 /usr/lib/gcc/arm-none-eabi/13.2.0/../../../../arm-none-eabi/lib/thumb/v7e-m+dp/hard/libc_nano.a(libc_a-puts.o)
                0x080037d0                puts
 .text.__sread  0x080037e0       0x22 /usr/lib/gcc/arm-none-eabi/13.2.0/../../../../arm-none-eabi/lib/thumb/v7e-m+dp/hard/libc_nano.a(libc_a-stdio.o)
                0x080037e0                __sread
 .text.__swrite
                0x08003802       0x38 /usr/lib/gcc/arm-none-eabi/13.2.0/../../../../arm-none-eabi/lib/thumb/v7e-m+dp/hard/libc_nano.a(libc_a-stdio.o)
                0x08003802                __swrite
 .text.__sseek  0x0800383a       0x24 /usr/lib/gcc/arm-none-eabi/13.2.0/../../../../arm-none-eabi/lib/thumb/v7e-m+dp/hard/libc_nano.a(libc_a-stdio.o)
                0x0800383a                __sseek
 .text.__sclose
                0x0800385e        0x8 /usr/lib/gcc/arm-none-eabi/13.2.0/../../../../arm-none-eabi/lib/thumb/v7e-m+dp/hard/libc_nano.a(libc_a-stdio.o)
                0x0800385e                __sclose
 .text.__swbuf_r
                0x08003866       0x7c /usr/lib/gcc/arm-none-eabi/13.2.0/../../../../arm-none-eabi/lib/thumb/v7e-m+dp/hard/libc_nano.a(libc_a-wbuf.o)
                0x08003866                __swbuf_r
 *fill*         0x080038e2        0x2 
 .text.__swsetup_r
                0x080038e4       0xac /usr/lib/gcc/arm-none-eabi/13.2.0/../../../../arm-none-eabi/lib/thumb/v7e-m+dp/hard/libc_nano.a(libc_a-wsetup.o)
                0x080038e4                __swsetup_r
 .text.memset   0x08003990       0x10 /usr/lib/gcc/arm-none-eabi/13.2.0/../../../../arm-none-eabi/lib/thumb/v7e-m+dp/hard/libc_nano.a(libc_a-memset.o)
                0x08003990                memset
 .text._close_r
                0x080039a0       0x20 /usr/lib/gcc/arm-none-eabi/13.2.0/../../../../arm-none-eabi/lib/thumb/v7e-m+dp/hard/libc_nano.a(libc_a-closer.o)
                0x080039a0                _close_r
 .text._lseek_r
                0x080039c0       0x24 /usr/lib/gcc/arm-none-eabi/13.2.0/../../../../arm-none-eabi/lib/thumb/v7e-m+dp/hard/libc_nano.a(libc_a-lseekr.o)
                0x080039c0                _lseek_r
 .text._read_r  0x080039e4       0x24 /usr/lib/gcc/arm-none-eabi/13.2.0/../../../../arm-none-eabi/lib/thumb/v7e-m+dp/hard/libc_nano.a(libc_a-readr.o)
                0x080039e4                _read_r
 .text._write_r
                0x08003a08       0x24 /usr/lib/gcc/arm-none-eabi/13.2.0/../../../../arm-none-eabi/lib/thumb/v7e-m+dp/hard/libc_nano.a(libc_a-writer.o)
                0x08003a08                _write_r
 .text.__libc_init_array
                0x08003a2c       0x48 /usr/lib/gcc/arm-none-eabi/13.2.0/../../../../arm-none-eabi/lib/thumb/v7e-m+dp/hard/libc_nano.a(libc_a-init.o)
                0x08003a2c                __libc_init_array
 .text.__retarget_lock_init_recursive
                0x08003a74        0x2 /usr/lib/gcc/arm-none-eabi/13.2.0/../../../../arm-none-eabi/lib/thumb/v7e-m+dp/hard/libc_nano.a(libc_a-lock.o)
                0x08003a74                __retarget_lock_init_recursive
 .text.__retarget_lock_acquire_recursive
                0x08003a76        0x2 /usr/lib/gcc/arm-none-eabi/13.2.0/../../../../arm-none-eabi/lib/thumb/v7e-m+dp/hard/libc_nano.a(libc_a-lock.o)
                0x08003a76                __retarget_lock_acquire_recursive
 .text.__retarget_lock_release_recursive
                0x08003a78        0x2 /usr/lib/gcc/arm-none-eabi/13.2.0/../../../../arm-none-eabi/lib/thumb/v7e-m+dp/hard/libc_nano.a(libc_a-lock.o)
                0x08003a78                __retarget_lock_release_recursive
 *fill*         0x08003a7a        0x2 
 .text._free_r  0x08003a7c       0x94 /usr/lib/gcc/arm-none-eabi/13.2.0/../../../../arm-none-eabi/lib/thumb/v7e-m+dp/hard/libc_nano.a(libc_a-freer.o)
                0x08003a7c                _free_r
 .text.sbrk_aligned
                0x08003b10       0x44 /usr/lib/gcc/arm-none-eabi/13.2.0/../../../../arm-none-eabi/lib/thumb/v7e-m+dp/hard/libc_nano.a(libc_a-mallocr.o)
 .text._malloc_r
                0x08003b54       0xf0 /usr/lib/gcc/arm-none-eabi/13.2.0/../../../../arm-none-eabi/lib/thumb/v7e-m+dp/hard/libc_nano.a(libc_a-mallocr.o)
                0x08003b54                _malloc_r
 .text.__malloc_lock
                0x08003c44        0xc /usr/lib/gcc/arm-none-eabi/13.2.0/../../../../arm-none-eabi/lib/thumb/v7e-m+dp/hard/libc_nano.a(libc_a-mlock.o)
                0x08003c44                __malloc_lock
 .text.__malloc_unlock
                0x08003c50        0xc /usr/lib/gcc/arm-none-eabi/13.2.0/../../../../arm-none-eabi/lib/thumb/v7e-m+dp/hard/libc_nano.a(libc_a-mlock.o)
                0x08003c50                __malloc_unlock
 .text.__sflush_r
                0x08003c5c      0x108 /usr/lib/gcc/arm-none-eabi/13.2.0/../../../../arm-none-eabi/lib/thumb/v7e-m+dp/hard/libc_nano.a(libc_a-fflush.o)
                0x08003c5c                __sflush_r
 .text._fflush_r
                0x08003d64       0x50 /usr/lib/gcc/arm-none-eabi/13.2.0/../../../../arm-none-eabi/lib/thumb/v7e-m+dp/hard/libc_nano.a(libc_a-fflush.o)
                0x08003d64                _fflush_r
 .text.__swhatbuf_r
                0x08003db4       0x4c /usr/lib/gcc/arm-none-eabi/13.2.0/../../../../arm-none-eabi/lib/thumb/v7e-m+dp/hard/libc_nano.a(libc_a-makebuf.o)
                0x08003db4                __swhatbuf_r
 .text.__smakebuf_r
                0x08003e00       0x78 /usr/lib/gcc/arm-none-eabi/13.2.0/../../../../arm-none-eabi/lib/thumb/v7e-m+dp/hard/libc_nano.a(libc_a-makebuf.o)
                0x08003e00                __smakebuf_r
 .text._fstat_r
                0x08003e78       0x24 /usr/lib/gcc/arm-none-eabi/13.2.0/../../../../arm-none-eabi/lib/thumb/v7e-m+dp/hard/libc_nano.a(libc_a-fstatr.o)
                0x08003e78                _fstat_r
 .text._isatty_r
                0x08003e9c       0x20 /usr/lib/gcc/arm-none-eabi/13.2.0/../../../../arm-none-eabi/lib/thumb/v7e-m+dp/hard/libc_nano.a(libc_a-isattyr.o)
                0x08003e9c                _isatty_r
 .text._sbrk_r  0x08003ebc       0x20 /usr/lib/gcc/arm-none-eabi/13.2.0/../../../../arm-none-eabi/lib/thumb/v7e-m+dp/hard/libc_nano.a(libc_a-sbrkr.o)
                0x08003ebc                _sbrk_r
 .text._close   0x08003edc       0x10 /usr/lib/gcc/arm-none-eabi/13.2.0/../../../../arm-none-eabi/lib/thumb/v7e-m+dp/hard/libnosys.a(close.o)
                0x08003edc                _close
 .text._fstat   0x08003eec       0x10 /usr/lib/gcc/arm-none-eabi/13.2.0/../../../../arm-none-eabi/lib/thumb/v7e-m+dp/hard/libnosys.a(fstat.o)
                0x08003eec                _fstat
 .text._isatty  0x08003efc       0x10 /usr/lib/gcc/arm-none-eabi/13.2.0/../../../../arm-none-eabi/lib/thumb/v7e-m+dp/hard/libnosys.a(isatty.o)
                0x08003efc                _isatty
 .text._lseek   0x08003f0c       0x10 /usr/lib/gcc/arm-none-eabi/13.2.0/../../../../arm-none-eabi/lib/thumb/v7e-m+dp/hard/libnosys.a(lseek.o)
                0x08003f0c                _lseek
 .text._read    0x08003f1c       0x10 /usr/lib/gcc/arm-none-eabi/13.2.0/../../../../arm-none-eabi/lib/thumb/v7e-m+dp/hard/libnosys.a(read.o)
                0x08003f1c                _read
 .text._sbrk    0x08003f2c       0x1c /usr/lib/gcc/arm-none-eabi/13.2.0/../../../../arm-none-eabi/lib/thumb/v7e-m+dp/hard/libnosys.a(sbrk.o)
                0x08003f2c                _sbrk
 .text._write   0x08003f48       0x10 /usr/lib/gcc/arm-none-eabi/13.2.0/../../../../arm-none-eabi/lib/thumb/v7e-m+dp/hard/libnosys.a(write.o)
                0x08003f48                _write
 .text.__udivmoddi4
                0x08003f58      0x2a0 /usr/lib/gcc/arm-none-eabi/13.2.0/thumb/v7e-m+dp/hard/libgcc.a(_udivmoddi4.o)
                0x08003f58                __udivmoddi4
 *(.glue_7)
 .glue_7        0x080041f8        0x0 linker stubs
 *(.glue_7t)
 .glue_7t       0x080041f8        0x0 linker stubs
 *(.eh_frame)
 .eh_frame      0x080041f8        0x0 /usr/lib/gcc/arm-none-eabi/13.2.0/thumb/v7e-m+dp/hard/crtbegin.o
 *(.init)
 .init          0x080041f8        0x4 /usr/lib/gcc/arm-none-eabi/13.2.0/thumb/v7e-m+dp/hard/crti.o
                0x080041f8                _init
 .init          0x080041fc        0x8 /usr/lib/gcc/arm-none-eabi/13.2.0/thumb/v7e-m+dp/hard/crtn.o
 *(.fini)
 .fini          0x08004204        0x4 /usr/lib/gcc/arm-none-eabi/13.2.0/thumb/v7e-m+dp/hard/crti.o
                0x08004204                _fini
 .fini          0x08004208        0x8 /usr/lib/gcc/arm-none-eabi/13.2.0/thumb/v7e-m+dp/hard/crtn.o
                0x08004210                        . = ALIGN (0x4)
                0x08004210                        _etext = .

.vfp11_veneer   0x08004210        0x0
 .vfp11_veneer  0x08004210        0x0 linker stubs

.v4_bx          0x08004210        0x0
 .v4_bx         0x08004210        0x0 linker stubs

.iplt           0x08004210        0x0
 .iplt          0x08004210        0x0 /usr/lib/gcc/arm-none-eabi/13.2.0/thumb/v7e-m+dp/hard/crtbegin.o

.rodata         0x08004210       0x4c
                0x08004210                        . = ALIGN (0x4)
 *(.rodata)
 *(.rodata*)
 .rodata.main.str1.4
                0x08004210       0x11 build/main.o
 *fill*         0x08004221        0x3 
 .rodata.D1CorePrescTable
                0x08004224       0x10 build/system_stm32h7xx_dualcore_boot_cm4_cm7.o
                0x08004224                D1CorePrescTable
 .rodata.UARTPrescTable
                0x08004234       0x18 build/stm32h7xx_hal_uart.o
                0x08004234                UARTPrescTable
 .rodata.denominator.0
                0x0800424c        0x8 build/stm32h7xx_hal_uart_ex.o
 .rodata.numerator.1
                0x08004254        0x8 build/stm32h7xx_hal_uart_ex.o
                0x0800425c                        . = ALIGN (0x4)

.ARM.extab
 *(.ARM.extab* .gnu.linkonce.armextab.*)

.ARM            0x0800425c        0x8
                0x0800425c                        __exidx_start = .
 *(.ARM.exidx*)
 .ARM.exidx.text.__udivmoddi4
                0x0800425c        0x8 /usr/lib/gcc/arm-none-eabi/13.2.0/thumb/v7e-m+dp/hard/libgcc.a(_udivmoddi4.o)
                0x08004264                        __exidx_end = .

.rel.dyn        0x08004264        0x0
 .rel.iplt      0x08004264        0x0 /usr/lib/gcc/arm-none-eabi/13.2.0/thumb/v7e-m+dp/hard/crtbegin.o

.preinit_array  0x08004264        0x0
                0x08004264                        PROVIDE (__preinit_array_start = .)
 *(.preinit_array*)
                0x08004264                        PROVIDE (__preinit_array_end = .)

.init_array     0x08004264        0x4
                0x08004264                        PROVIDE (__init_array_start = .)
 *(SORT_BY_NAME(.init_array.*))
 *(.init_array*)
 .init_array    0x08004264        0x4 /usr/lib/gcc/arm-none-eabi/13.2.0/thumb/v7e-m+dp/hard/crtbegin.o
                0x08004268                        PROVIDE (__init_array_end = .)

.fini_array     0x08004268        0x4
                0x08004268                        PROVIDE (__fini_array_start = .)
 *(SORT_BY_NAME(.fini_array.*))
 *(.fini_array*)
 .fini_array    0x08004268        0x4 /usr/lib/gcc/arm-none-eabi/13.2.0/thumb/v7e-m+dp/hard/crtbegin.o
                0x0800426c                        PROVIDE (__fini_array_end = .)
                0x0800426c                        _sidata = LOADADDR (.data)

.data           0x20000000       0x6c load address 0x0800426c
                0x20000000                        . = ALIGN (0x4)
                0x20000000                        _sdata = .
 *(.data)
 *(.data*)
 .data.uwTickFreq
                0x20000000        0x1 build/stm32h7xx_hal.o
                0x20000000                uwTickFreq
 *fill*         0x20000001        0x3 
 .data.uwTickPrio
                0x20000004        0x4 build/stm32h7xx_hal.o
                0x20000004                uwTickPrio
 .data.SystemD2Clock
                0x20000008        0x4 build/system_stm32h7xx_dualcore_boot_cm4_cm7.o
                0x20000008                SystemD2Clock
 .data.SystemCoreClock
                0x2000000c        0x4 build/system_stm32h7xx_dualcore_boot_cm4_cm7.o
                0x2000000c                SystemCoreClock
 .data.__sglue  0x20000010        0xc /usr/lib/gcc/arm-none-eabi/13.2.0/../../../../arm-none-eabi/lib/thumb/v7e-m+dp/hard/libc_nano.a(libc_a-findfp.o)
                0x20000010                __sglue
 .data._impure_ptr
                0x2000001c        0x4 /usr/lib/gcc/arm-none-eabi/13.2.0/../../../../arm-none-eabi/lib/thumb/v7e-m+dp/hard/libc_nano.a(libc_a-impure.o)
                0x2000001c                _impure_ptr
 .data._impure_data
                0x20000020       0x4c /usr/lib/gcc/arm-none-eabi/13.2.0/../../../../arm-none-eabi/lib/thumb/v7e-m+dp/hard/libc_nano.a(libc_a-impure.o)
                0x20000020                _impure_data
                0x2000006c                        . = ALIGN (0x4)
                0x2000006c                        _edata = .

.igot.plt       0x2000006c        0x0 load address 0x080042d8
 .igot.plt      0x2000006c        0x0 /usr/lib/gcc/arm-none-eabi/13.2.0/thumb/v7e-m+dp/hard/crtbegin.o
                0x2000006c                        . = ALIGN (0x4)

.bss            0x2000006c      0x28c load address 0x080042d8
                0x2000006c                        _sbss = .
                0x2000006c                        __bss_start__ = _sbss
 *(.bss)
 *(.bss*)
 .bss.completed.1
                0x2000006c        0x1 /usr/lib/gcc/arm-none-eabi/13.2.0/thumb/v7e-m+dp/hard/crtbegin.o
 *fill*         0x2000006d        0x3 
 .bss.object.0  0x20000070       0x18 /usr/lib/gcc/arm-none-eabi/13.2.0/thumb/v7e-m+dp/hard/crtbegin.o
 .bss.huart3    0x20000088       0x94 build/main.o
                0x20000088                huart3
 .bss.hspi1     0x2000011c       0x88 build/main.o
                0x2000011c                hspi1
 .bss.uwTick    0x200001a4        0x4 build/stm32h7xx_hal.o
                0x200001a4                uwTick
 .bss.__sf      0x200001a8      0x138 /usr/lib/gcc/arm-none-eabi/13.2.0/../../../../arm-none-eabi/lib/thumb/v7e-m+dp/hard/libc_nano.a(libc_a-findfp.o)
                0x200001a8                __sf
 .bss.__stdio_exit_handler
                0x200002e0        0x4 /usr/lib/gcc/arm-none-eabi/13.2.0/../../../../arm-none-eabi/lib/thumb/v7e-m+dp/hard/libc_nano.a(libc_a-findfp.o)
                0x200002e0                __stdio_exit_handler
 .bss.errno     0x200002e4        0x4 /usr/lib/gcc/arm-none-eabi/13.2.0/../../../../arm-none-eabi/lib/thumb/v7e-m+dp/hard/libc_nano.a(libc_a-reent.o)
                0x200002e4                errno
 .bss.__lock___malloc_recursive_mutex
                0x200002e8        0x1 /usr/lib/gcc/arm-none-eabi/13.2.0/../../../../arm-none-eabi/lib/thumb/v7e-m+dp/hard/libc_nano.a(libc_a-lock.o)
                0x200002e8                __lock___malloc_recursive_mutex
 .bss.__lock___sfp_recursive_mutex
                0x200002e9        0x1 /usr/lib/gcc/arm-none-eabi/13.2.0/../../../../arm-none-eabi/lib/thumb/v7e-m+dp/hard/libc_nano.a(libc_a-lock.o)
                0x200002e9                __lock___sfp_recursive_mutex
 *fill*         0x200002ea        0x2 
 .bss.__malloc_sbrk_start
                0x200002ec        0x4 /usr/lib/gcc/arm-none-eabi/13.2.0/../../../../arm-none-eabi/lib/thumb/v7e-m+dp/hard/libc_nano.a(libc_a-mallocr.o)
                0x200002ec                __malloc_sbrk_start
 .bss.__malloc_free_list
                0x200002f0        0x4 /usr/lib/gcc/arm-none-eabi/13.2.0/../../../../arm-none-eabi/lib/thumb/v7e-m+dp/hard/libc_nano.a(libc_a-mallocr.o)
                0x200002f0                __malloc_free_list
 .bss.heap_end.0
                0x200002f4        0x4 /usr/lib/gcc/arm-none-eabi/13.2.0/../../../../arm-none-eabi/lib/thumb/v7e-m+dp/hard/libnosys.a(sbrk.o)
 *(COMMON)
                0x200002f8                        . = ALIGN (0x4)
                0x200002f8                        _ebss = .
                0x200002f8                        __bss_end__ = _ebss

._user_heap_stack
                0x200002f8      0x600 load address 0x080042d8
                0x200002f8                        . = ALIGN (0x8)
                0x200002f8                        PROVIDE (end = .)
                [!provide]                        PROVIDE (_end = .)
                0x200004f8                        . = (. + _Min_Heap_Size)
 *fill*         0x200002f8      0x200 
                0x200008f8                        . = (. + _Min_Stack_Size)
 *fill*         0x200004f8      0x400 
                0x200008f8                        . = ALIGN (0x8)

/DISCARD/
 libc.a(*)
 libm.a(*)
 libgcc.a(*)

.ARM.attributes
                0x00000000       0x2e
 *(.ARM.attributes)
 .ARM.attributes
                0x00000000       0x20 /usr/lib/gcc/arm-none-eabi/13.2.0/thumb/v7e-m+dp/hard/crti.o
 .ARM.attributes
                0x00000020       0x32 /usr/lib/gcc/arm-none-eabi/13.2.0/thumb/v7e-m+dp/hard/crtbegin.o
 .ARM.attributes
                0x00000052       0x32 build/main.o
 .ARM.attributes
                0x00000084       0x32 build/stm32h7xx_it.o
 .ARM.attributes
                0x000000b6       0x32 build/stm32h7xx_hal_msp.o
 .ARM.attributes
                0x000000e8       0x32 build/stm32h7xx_hal_cortex.o
 .ARM.attributes
                0x0000011a       0x32 build/stm32h7xx_hal_rcc.o
 .ARM.attributes
                0x0000014c       0x32 build/stm32h7xx_hal_rcc_ex.o
 .ARM.attributes
                0x0000017e       0x32 build/stm32h7xx_hal_gpio.o
 .ARM.attributes
                0x000001b0       0x32 build/stm32h7xx_hal_hsem.o
 .ARM.attributes
                0x000001e2       0x32 build/stm32h7xx_hal_pwr_ex.o
 .ARM.attributes
                0x00000214       0x32 build/stm32h7xx_hal.o
 .ARM.attributes
                0x00000246       0x32 build/system_stm32h7xx_dualcore_boot_cm4_cm7.o
 .ARM.attributes
                0x00000278       0x32 build/stm32h7xx_hal_uart.o
 .ARM.attributes
                0x000002aa       0x32 build/stm32h7xx_hal_uart_ex.o
 .ARM.attributes
                0x000002dc       0x32 build/stm32h7xx_hal_spi.o
 .ARM.attributes
                0x0000030e       0x21 build/startup_stm32h755xx_CM7.o
 .ARM.attributes
                0x0000032f       0x32 /usr/lib/gcc/arm-none-eabi/13.2.0/../../../../arm-none-eabi/lib/thumb/v7e-m+dp/hard/libc_nano.a(libc_a-findfp.o)
 .ARM.attributes
                0x00000361       0x32 /usr/lib/gcc/arm-none-eabi/13.2.0/../../../../arm-none-eabi/lib/thumb/v7e-m+dp/hard/libc_nano.a(libc_a-fwalk.o)
 .ARM.attributes
                0x00000393       0x32 /usr/lib/gcc/arm-none-eabi/13.2.0/../../../../arm-none-eabi/lib/thumb/v7e-m+dp/hard/libc_nano.a(libc_a-puts.o)
 .ARM.attributes
                0x000003c5       0x32 /usr/lib/gcc/arm-none-eabi/13.2.0/../../../../arm-none-eabi/lib/thumb/v7e-m+dp/hard/libc_nano.a(libc_a-stdio.o)
 .ARM.attributes
                0x000003f7       0x32 /usr/lib/gcc/arm-none-eabi/13.2.0/../../../../arm-none-eabi/lib/thumb/v7e-m+dp/hard/libc_nano.a(libc_a-wbuf.o)
 .ARM.attributes
                0x00000429       0x32 /usr/lib/gcc/arm-none-eabi/13.2.0/../../../../arm-none-eabi/lib/thumb/v7e-m+dp/hard/libc_nano.a(libc_a-wsetup.o)
 .ARM.attributes
                0x0000045b       0x32 /usr/lib/gcc/arm-none-eabi/13.2.0/../../../../arm-none-eabi/lib/thumb/v7e-m+dp/hard/libc_nano.a(libc_a-memset.o)
 .ARM.attributes
                0x0000048d       0x32 /usr/lib/gcc/arm-none-eabi/13.2.0/../../../../arm-none-eabi/lib/thumb/v7e-m+dp/hard/libc_nano.a(libc_a-closer.o)
 .ARM.attributes
                0x000004bf       0x32 /usr/lib/gcc/arm-none-eabi/13.2.0/../../../../arm-none-eabi/lib/thumb/v7e-m+dp/hard/libc_nano.a(libc_a-reent.o)
 .ARM.attributes
                0x000004f1       0x32 /usr/lib/gcc/arm-none-eabi/13.2.0/../../../../arm-none-eabi/lib/thumb/v7e-m+dp/hard/libc_nano.a(libc_a-impure.o)
 .ARM.attributes
                0x00000523       0x32 /usr/lib/gcc/arm-none-eabi/13.2.0/../../../../arm-none-eabi/lib/thumb/v7e-m+dp/hard/libc_nano.a(libc_a-lseekr.o)
 .ARM.attributes
                0x00000555       0x32 /usr/lib/gcc/arm-none-eabi/13.2.0/../../../../arm-none-eabi/lib/thumb/v7e-m+dp/hard/libc_nano.a(libc_a-readr.o)
 .ARM.attributes
                0x00000587       0x32 /usr/lib/gcc/arm-none-eabi/13.2.0/../../../../arm-none-eabi/lib/thumb/v7e-m+dp/hard/libc_nano.a(libc_a-writer.o)
 .ARM.attributes
                0x000005b9       0x32 /usr/lib/gcc/arm-none-eabi/13.2.0/../../../../arm-none-eabi/lib/thumb/v7e-m+dp/hard/libc_nano.a(libc_a-init.o)
 .ARM.attributes
                0x000005eb       0x32 /usr/lib/gcc/arm-none-eabi/13.2.0/../../../../arm-none-eabi/lib/thumb/v7e-m+dp/hard/libc_nano.a(libc_a-lock.o)
 .ARM.attributes
                0x0000061d       0x32 /usr/lib/gcc/arm-none-eabi/13.2.0/../../../../arm-none-eabi/lib/thumb/v7e-m+dp/hard/libc_nano.a(libc_a-freer.o)
 .ARM.attributes
                0x0000064f       0x32 /usr/lib/gcc/arm-none-eabi/13.2.0/../../../../arm-none-eabi/lib/thumb/v7e-m+dp/hard/libc_nano.a(libc_a-mallocr.o)
 .ARM.attributes
                0x00000681       0x32 /usr/lib/gcc/arm-none-eabi/13.2.0/../../../../arm-none-eabi/lib/thumb/v7e-m+dp/hard/libc_nano.a(libc_a-mlock.o)
 .ARM.attributes
                0x000006b3       0x32 /usr/lib/gcc/arm-none-eabi/13.2.0/../../../../arm-none-eabi/lib/thumb/v7e-m+dp/hard/libc_nano.a(libc_a-fflush.o)
 .ARM.attributes
                0x000006e5       0x32 /usr/lib/gcc/arm-none-eabi/13.2.0/../../../../arm-none-eabi/lib/thumb/v7e-m+dp/hard/libc_nano.a(libc_a-makebuf.o)
 .ARM.attributes
                0x00000717       0x32 /usr/lib/gcc/arm-none-eabi/13.2.0/../../../../arm-none-eabi/lib/thumb/v7e-m+dp/hard/libc_nano.a(libc_a-fstatr.o)
 .ARM.attributes
                0x00000749       0x32 /usr/lib/gcc/arm-none-eabi/13.2.0/../../../../arm-none-eabi/lib/thumb/v7e-m+dp/hard/libc_nano.a(libc_a-isattyr.o)
 .ARM.attributes
                0x0000077b       0x32 /usr/lib/gcc/arm-none-eabi/13.2.0/../../../../arm-none-eabi/lib/thumb/v7e-m+dp/hard/libc_nano.a(libc_a-sbrkr.o)
 .ARM.attributes
                0x000007ad       0x32 /usr/lib/gcc/arm-none-eabi/13.2.0/../../../../arm-none-eabi/lib/thumb/v7e-m+dp/hard/libnosys.a(close.o)
 .ARM.attributes
                0x000007df       0x32 /usr/lib/gcc/arm-none-eabi/13.2.0/../../../../arm-none-eabi/lib/thumb/v7e-m+dp/hard/libnosys.a(fstat.o)
 .ARM.attributes
                0x00000811       0x32 /usr/lib/gcc/arm-none-eabi/13.2.0/../../../../arm-none-eabi/lib/thumb/v7e-m+dp/hard/libnosys.a(isatty.o)
 .ARM.attributes
                0x00000843       0x32 /usr/lib/gcc/arm-none-eabi/13.2.0/../../../../arm-none-eabi/lib/thumb/v7e-m+dp/hard/libnosys.a(lseek.o)
 .ARM.attributes
                0x00000875       0x32 /usr/lib/gcc/arm-none-eabi/13.2.0/../../../../arm-none-eabi/lib/thumb/v7e-m+dp/hard/libnosys.a(read.o)
 .ARM.attributes
                0x000008a7       0x32 /usr/lib/gcc/arm-none-eabi/13.2.0/../../../../arm-none-eabi/lib/thumb/v7e-m+dp/hard/libnosys.a(sbrk.o)
 .ARM.attributes
                0x000008d9       0x32 /usr/lib/gcc/arm-none-eabi/13.2.0/../../../../arm-none-eabi/lib/thumb/v7e-m+dp/hard/libnosys.a(write.o)
 .ARM.attributes
                0x0000090b       0x20 /usr/lib/gcc/arm-none-eabi/13.2.0/thumb/v7e-m+dp/hard/libgcc.a(_aeabi_uldivmod.o)
 .ARM.attributes
                0x0000092b       0x32 /usr/lib/gcc/arm-none-eabi/13.2.0/thumb/v7e-m+dp/hard/libgcc.a(_udivmoddi4.o)
 .ARM.attributes
                0x0000095d       0x20 /usr/lib/gcc/arm-none-eabi/13.2.0/thumb/v7e-m+dp/hard/libgcc.a(_dvmd_tls.o)
 .ARM.attributes
                0x0000097d       0x20 /usr/lib/gcc/arm-none-eabi/13.2.0/thumb/v7e-m+dp/hard/crtn.o
OUTPUT(build/robot_CM7.elf elf32-littlearm)
LOAD linker stubs
LOAD /usr/lib/gcc/arm-none-eabi/13.2.0/../../../../arm-none-eabi/lib/thumb/v7e-m+dp/hard/libc.a
LOAD /usr/lib/gcc/arm-none-eabi/13.2.0/../../../../arm-none-eabi/lib/thumb/v7e-m+dp/hard/libm.a
LOAD /usr/lib/gcc/arm-none-eabi/13.2.0/thumb/v7e-m+dp/hard/libgcc.a

.debug_info     0x00000000    0x22d12
 .debug_info    0x00000000     0x1db4 build/main.o
 .debug_info    0x00001db4      0x16d build/stm32h7xx_it.o
 .debug_info    0x00001f21     0x18dc build/stm32h7xx_hal_msp.o
 .debug_info    0x000037fd     0x1545 build/stm32h7xx_hal_cortex.o
 .debug_info    0x00004d42     0x1401 build/stm32h7xx_hal_rcc.o
 .debug_info    0x00006143     0x1dfd build/stm32h7xx_hal_rcc_ex.o
 .debug_info    0x00007f40      0xfbd build/stm32h7xx_hal_gpio.o
 .debug_info    0x00008efd      0x46d build/stm32h7xx_hal_hsem.o
 .debug_info    0x0000936a     0x16fb build/stm32h7xx_hal_pwr_ex.o
 .debug_info    0x0000aa65     0x1bd2 build/stm32h7xx_hal.o
 .debug_info    0x0000c637      0xf92 build/system_stm32h7xx_dualcore_boot_cm4_cm7.o
 .debug_info    0x0000d5c9     0x6ac1 build/stm32h7xx_hal_uart.o
 .debug_info    0x0001408a     0x13f7 build/stm32h7xx_hal_uart_ex.o
 .debug_info    0x00015481     0x1d58 build/stm32h7xx_hal_spi.o
 .debug_info    0x000171d9       0x30 build/startup_stm32h755xx_CM7.o
 .debug_info    0x00017209      0xfa9 /usr/lib/gcc/arm-none-eabi/13.2.0/../../../../arm-none-eabi/lib/thumb/v7e-m+dp/hard/libc_nano.a(libc_a-findfp.o)
 .debug_info    0x000181b2      0x7d2 /usr/lib/gcc/arm-none-eabi/13.2.0/../../../../arm-none-eabi/lib/thumb/v7e-m+dp/hard/libc_nano.a(libc_a-fwalk.o)
 .debug_info    0x00018984      0x94a /usr/lib/gcc/arm-none-eabi/13.2.0/../../../../arm-none-eabi/lib/thumb/v7e-m+dp/hard/libc_nano.a(libc_a-puts.o)
 .debug_info    0x000192ce      0xa54 /usr/lib/gcc/arm-none-eabi/13.2.0/../../../../arm-none-eabi/lib/thumb/v7e-m+dp/hard/libc_nano.a(libc_a-stdio.o)
 .debug_info    0x00019d22      0x868 /usr/lib/gcc/arm-none-eabi/13.2.0/../../../../arm-none-eabi/lib/thumb/v7e-m+dp/hard/libc_nano.a(libc_a-wbuf.o)
 .debug_info    0x0001a58a      0x7bb /usr/lib/gcc/arm-none-eabi/13.2.0/../../../../arm-none-eabi/lib/thumb/v7e-m+dp/hard/libc_nano.a(libc_a-wsetup.o)
 .debug_info    0x0001ad45       0xe0 /usr/lib/gcc/arm-none-eabi/13.2.0/../../../../arm-none-eabi/lib/thumb/v7e-m+dp/hard/libc_nano.a(libc_a-memset.o)
 .debug_info    0x0001ae25      0x756 /usr/lib/gcc/arm-none-eabi/13.2.0/../../../../arm-none-eabi/lib/thumb/v7e-m+dp/hard/libc_nano.a(libc_a-closer.o)
 .debug_info    0x0001b57b      0x855 /usr/lib/gcc/arm-none-eabi/13.2.0/../../../../arm-none-eabi/lib/thumb/v7e-m+dp/hard/libc_nano.a(libc_a-reent.o)
 .debug_info    0x0001bdd0      0x715 /usr/lib/gcc/arm-none-eabi/13.2.0/../../../../arm-none-eabi/lib/thumb/v7e-m+dp/hard/libc_nano.a(libc_a-impure.o)
 .debug_info    0x0001c4e5      0x796 /usr/lib/gcc/arm-none-eabi/13.2.0/../../../../arm-none-eabi/lib/thumb/v7e-m+dp/hard/libc_nano.a(libc_a-lseekr.o)
 .debug_info    0x0001cc7b      0x7ad /usr/lib/gcc/arm-none-eabi/13.2.0/../../../../arm-none-eabi/lib/thumb/v7e-m+dp/hard/libc_nano.a(libc_a-readr.o)
 .debug_info    0x0001d428      0x7b3 /usr/lib/gcc/arm-none-eabi/13.2.0/../../../../arm-none-eabi/lib/thumb/v7e-m+dp/hard/libc_nano.a(libc_a-writer.o)
 .debug_info    0x0001dbdb      0x10b /usr/lib/gcc/arm-none-eabi/13.2.0/../../../../arm-none-eabi/lib/thumb/v7e-m+dp/hard/libc_nano.a(libc_a-init.o)
 .debug_info    0x0001dce6      0x20a /usr/lib/gcc/arm-none-eabi/13.2.0/../../../../arm-none-eabi/lib/thumb/v7e-m+dp/hard/libc_nano.a(libc_a-lock.o)
 .debug_info    0x0001def0      0x84b /usr/lib/gcc/arm-none-eabi/13.2.0/../../../../arm-none-eabi/lib/thumb/v7e-m+dp/hard/libc_nano.a(libc_a-freer.o)
 .debug_info    0x0001e73b      0x9b6 /usr/lib/gcc/arm-none-eabi/13.2.0/../../../../arm-none-eabi/lib/thumb/v7e-m+dp/hard/libc_nano.a(libc_a-mallocr.o)
 .debug_info    0x0001f0f1      0x76b /usr/lib/gcc/arm-none-eabi/13.2.0/../../../../arm-none-eabi/lib/thumb/v7e-m+dp/hard/libc_nano.a(libc_a-mlock.o)
 .debug_info    0x0001f85c      0x9f2 /usr/lib/gcc/arm-none-eabi/13.2.0/../../../../arm-none-eabi/lib/thumb/v7e-m+dp/hard/libc_nano.a(libc_a-fflush.o)
 .debug_info    0x0002024e      0xb1a /usr/lib/gcc/arm-none-eabi/13.2.0/../../../../arm-none-eabi/lib/thumb/v7e-m+dp/hard/libc_nano.a(libc_a-makebuf.o)
 .debug_info    0x00020d68      0x975 /usr/lib/gcc/arm-none-eabi/13.2.0/../../../../arm-none-eabi/lib/thumb/v7e-m+dp/hard/libc_nano.a(libc_a-fstatr.o)
 .debug_info    0x000216dd      0x756 /usr/lib/gcc/arm-none-eabi/13.2.0/../../../../arm-none-eabi/lib/thumb/v7e-m+dp/hard/libc_nano.a(libc_a-isattyr.o)
 .debug_info    0x00021e33      0x77c /usr/lib/gcc/arm-none-eabi/13.2.0/../../../../arm-none-eabi/lib/thumb/v7e-m+dp/hard/libc_nano.a(libc_a-sbrkr.o)
 .debug_info    0x000225af       0x24 /usr/lib/gcc/arm-none-eabi/13.2.0/thumb/v7e-m+dp/hard/libgcc.a(_aeabi_uldivmod.o)
 .debug_info    0x000225d3      0x703 /usr/lib/gcc/arm-none-eabi/13.2.0/thumb/v7e-m+dp/hard/libgcc.a(_udivmoddi4.o)
 .debug_info    0x00022cd6       0x3c /usr/lib/gcc/arm-none-eabi/13.2.0/thumb/v7e-m+dp/hard/libgcc.a(_dvmd_tls.o)

.debug_abbrev   0x00000000     0x513a
 .debug_abbrev  0x00000000      0x312 build/main.o
 .debug_abbrev  0x00000312       0x80 build/stm32h7xx_it.o
 .debug_abbrev  0x00000392      0x212 build/stm32h7xx_hal_msp.o
 .debug_abbrev  0x000005a4      0x3e6 build/stm32h7xx_hal_cortex.o
 .debug_abbrev  0x0000098a      0x29b build/stm32h7xx_hal_rcc.o
 .debug_abbrev  0x00000c25      0x285 build/stm32h7xx_hal_rcc_ex.o
 .debug_abbrev  0x00000eaa      0x253 build/stm32h7xx_hal_gpio.o
 .debug_abbrev  0x000010fd      0x1e3 build/stm32h7xx_hal_hsem.o
 .debug_abbrev  0x000012e0      0x2ef build/stm32h7xx_hal_pwr_ex.o
 .debug_abbrev  0x000015cf      0x2b1 build/stm32h7xx_hal.o
 .debug_abbrev  0x00001880      0x12a build/system_stm32h7xx_dualcore_boot_cm4_cm7.o
 .debug_abbrev  0x000019aa      0x391 build/stm32h7xx_hal_uart.o
 .debug_abbrev  0x00001d3b      0x348 build/stm32h7xx_hal_uart_ex.o
 .debug_abbrev  0x00002083      0x309 build/stm32h7xx_hal_spi.o
 .debug_abbrev  0x0000238c       0x1d build/startup_stm32h755xx_CM7.o
 .debug_abbrev  0x000023a9      0x424 /usr/lib/gcc/arm-none-eabi/13.2.0/../../../../arm-none-eabi/lib/thumb/v7e-m+dp/hard/libc_nano.a(libc_a-findfp.o)
 .debug_abbrev  0x000027cd      0x19b /usr/lib/gcc/arm-none-eabi/13.2.0/../../../../arm-none-eabi/lib/thumb/v7e-m+dp/hard/libc_nano.a(libc_a-fwalk.o)
 .debug_abbrev  0x00002968      0x2a7 /usr/lib/gcc/arm-none-eabi/13.2.0/../../../../arm-none-eabi/lib/thumb/v7e-m+dp/hard/libc_nano.a(libc_a-puts.o)
 .debug_abbrev  0x00002c0f      0x221 /usr/lib/gcc/arm-none-eabi/13.2.0/../../../../arm-none-eabi/lib/thumb/v7e-m+dp/hard/libc_nano.a(libc_a-stdio.o)
 .debug_abbrev  0x00002e30      0x22d /usr/lib/gcc/arm-none-eabi/13.2.0/../../../../arm-none-eabi/lib/thumb/v7e-m+dp/hard/libc_nano.a(libc_a-wbuf.o)
 .debug_abbrev  0x0000305d      0x1e2 /usr/lib/gcc/arm-none-eabi/13.2.0/../../../../arm-none-eabi/lib/thumb/v7e-m+dp/hard/libc_nano.a(libc_a-wsetup.o)
 .debug_abbrev  0x0000323f       0x9e /usr/lib/gcc/arm-none-eabi/13.2.0/../../../../arm-none-eabi/lib/thumb/v7e-m+dp/hard/libc_nano.a(libc_a-memset.o)
 .debug_abbrev  0x000032dd      0x1b0 /usr/lib/gcc/arm-none-eabi/13.2.0/../../../../arm-none-eabi/lib/thumb/v7e-m+dp/hard/libc_nano.a(libc_a-closer.o)
 .debug_abbrev  0x0000348d      0x1ed /usr/lib/gcc/arm-none-eabi/13.2.0/../../../../arm-none-eabi/lib/thumb/v7e-m+dp/hard/libc_nano.a(libc_a-reent.o)
 .debug_abbrev  0x0000367a      0x149 /usr/lib/gcc/arm-none-eabi/13.2.0/../../../../arm-none-eabi/lib/thumb/v7e-m+dp/hard/libc_nano.a(libc_a-impure.o)
 .debug_abbrev  0x000037c3      0x1c4 /usr/lib/gcc/arm-none-eabi/13.2.0/../../../../arm-none-eabi/lib/thumb/v7e-m+dp/hard/libc_nano.a(libc_a-lseekr.o)
 .debug_abbrev  0x00003987      0x1b0 /usr/lib/gcc/arm-none-eabi/13.2.0/../../../../arm-none-eabi/lib/thumb/v7e-m+dp/hard/libc_nano.a(libc_a-readr.o)
 .debug_abbrev  0x00003b37      0x1b5 /usr/lib/gcc/arm-none-eabi/13.2.0/../../../../arm-none-eabi/lib/thumb/v7e-m+dp/hard/libc_nano.a(libc_a-writer.o)
 .debug_abbrev  0x00003cec       0xc9 /usr/lib/gcc/arm-none-eabi/13.2.0/../../../../arm-none-eabi/lib/thumb/v7e-m+dp/hard/libc_nano.a(libc_a-init.o)
 .debug_abbrev  0x00003db5      0x115 /usr/lib/gcc/arm-none-eabi/13.2.0/../../../../arm-none-eabi/lib/thumb/v7e-m+dp/hard/libc_nano.a(libc_a-lock.o)
 .debug_abbrev  0x00003eca      0x236 /usr/lib/gcc/arm-none-eabi/13.2.0/../../../../arm-none-eabi/lib/thumb/v7e-m+dp/hard/libc_nano.a(libc_a-freer.o)
 .debug_abbrev  0x00004100      0x24a /usr/lib/gcc/arm-none-eabi/13.2.0/../../../../arm-none-eabi/lib/thumb/v7e-m+dp/hard/libc_nano.a(libc_a-mallocr.o)
 .debug_abbrev  0x0000434a      0x1bf /usr/lib/gcc/arm-none-eabi/13.2.0/../../../../arm-none-eabi/lib/thumb/v7e-m+dp/hard/libc_nano.a(libc_a-mlock.o)
 .debug_abbrev  0x00004509      0x2b2 /usr/lib/gcc/arm-none-eabi/13.2.0/../../../../arm-none-eabi/lib/thumb/v7e-m+dp/hard/libc_nano.a(libc_a-fflush.o)
 .debug_abbrev  0x000047bb      0x28e /usr/lib/gcc/arm-none-eabi/13.2.0/../../../../arm-none-eabi/lib/thumb/v7e-m+dp/hard/libc_nano.a(libc_a-makebuf.o)
 .debug_abbrev  0x00004a49      0x1c3 /usr/lib/gcc/arm-none-eabi/13.2.0/../../../../arm-none-eabi/lib/thumb/v7e-m+dp/hard/libc_nano.a(libc_a-fstatr.o)
 .debug_abbrev  0x00004c0c      0x1b0 /usr/lib/gcc/arm-none-eabi/13.2.0/../../../../arm-none-eabi/lib/thumb/v7e-m+dp/hard/libc_nano.a(libc_a-isattyr.o)
 .debug_abbrev  0x00004dbc      0x1da /usr/lib/gcc/arm-none-eabi/13.2.0/../../../../arm-none-eabi/lib/thumb/v7e-m+dp/hard/libc_nano.a(libc_a-sbrkr.o)
 .debug_abbrev  0x00004f96       0x14 /usr/lib/gcc/arm-none-eabi/13.2.0/thumb/v7e-m+dp/hard/libgcc.a(_aeabi_uldivmod.o)
 .debug_abbrev  0x00004faa      0x16a /usr/lib/gcc/arm-none-eabi/13.2.0/thumb/v7e-m+dp/hard/libgcc.a(_udivmoddi4.o)
 .debug_abbrev  0x00005114       0x26 /usr/lib/gcc/arm-none-eabi/13.2.0/thumb/v7e-m+dp/hard/libgcc.a(_dvmd_tls.o)

.debug_loc      0x00000000     0xe4f9
 .debug_loc     0x00000000      0x1f0 build/main.o
 .debug_loc     0x000001f0       0x20 build/stm32h7xx_it.o
 .debug_loc     0x00000210      0x21e build/stm32h7xx_hal_msp.o
 .debug_loc     0x0000042e      0x898 build/stm32h7xx_hal_cortex.o
 .debug_loc     0x00000cc6      0xb18 build/stm32h7xx_hal_rcc.o
 .debug_loc     0x000017de     0x20ec build/stm32h7xx_hal_rcc_ex.o
 .debug_loc     0x000038ca      0x4b2 build/stm32h7xx_hal_gpio.o
 .debug_loc     0x00003d7c      0x161 build/stm32h7xx_hal_hsem.o
 .debug_loc     0x00003edd      0x8f5 build/stm32h7xx_hal_pwr_ex.o
 .debug_loc     0x000047d2      0x708 build/stm32h7xx_hal.o
 .debug_loc     0x00004eda      0x1d8 build/system_stm32h7xx_dualcore_boot_cm4_cm7.o
 .debug_loc     0x000050b2     0x65c2 build/stm32h7xx_hal_uart.o
 .debug_loc     0x0000b674      0xe65 build/stm32h7xx_hal_uart_ex.o
 .debug_loc     0x0000c4d9     0x2020 build/stm32h7xx_hal_spi.o

.debug_aranges  0x00000000     0x10b0
 .debug_aranges
                0x00000000       0x50 build/main.o
 .debug_aranges
                0x00000050       0x60 build/stm32h7xx_it.o
 .debug_aranges
                0x000000b0       0x40 build/stm32h7xx_hal_msp.o
 .debug_aranges
                0x000000f0       0xe8 build/stm32h7xx_hal_cortex.o
 .debug_aranges
                0x000001d8       0x88 build/stm32h7xx_hal_rcc.o
 .debug_aranges
                0x00000260      0x100 build/stm32h7xx_hal_rcc_ex.o
 .debug_aranges
                0x00000360       0x58 build/stm32h7xx_hal_gpio.o
 .debug_aranges
                0x000003b8       0x70 build/stm32h7xx_hal_hsem.o
 .debug_aranges
                0x00000428      0x170 build/stm32h7xx_hal_pwr_ex.o
 .debug_aranges
                0x00000598      0x200 build/stm32h7xx_hal.o
 .debug_aranges
                0x00000798       0x28 build/system_stm32h7xx_dualcore_boot_cm4_cm7.o
 .debug_aranges
                0x000007c0      0x248 build/stm32h7xx_hal_uart.o
 .debug_aranges
                0x00000a08       0xa8 build/stm32h7xx_hal_uart_ex.o
 .debug_aranges
                0x00000ab0      0x1a8 build/stm32h7xx_hal_spi.o
 .debug_aranges
                0x00000c58       0x28 build/startup_stm32h755xx_CM7.o
 .debug_aranges
                0x00000c80       0x78 /usr/lib/gcc/arm-none-eabi/13.2.0/../../../../arm-none-eabi/lib/thumb/v7e-m+dp/hard/libc_nano.a(libc_a-findfp.o)
 .debug_aranges
                0x00000cf8       0x20 /usr/lib/gcc/arm-none-eabi/13.2.0/../../../../arm-none-eabi/lib/thumb/v7e-m+dp/hard/libc_nano.a(libc_a-fwalk.o)
 .debug_aranges
                0x00000d18       0x28 /usr/lib/gcc/arm-none-eabi/13.2.0/../../../../arm-none-eabi/lib/thumb/v7e-m+dp/hard/libc_nano.a(libc_a-puts.o)
 .debug_aranges
                0x00000d40       0x40 /usr/lib/gcc/arm-none-eabi/13.2.0/../../../../arm-none-eabi/lib/thumb/v7e-m+dp/hard/libc_nano.a(libc_a-stdio.o)
 .debug_aranges
                0x00000d80       0x28 /usr/lib/gcc/arm-none-eabi/13.2.0/../../../../arm-none-eabi/lib/thumb/v7e-m+dp/hard/libc_nano.a(libc_a-wbuf.o)
 .debug_aranges
                0x00000da8       0x20 /usr/lib/gcc/arm-none-eabi/13.2.0/../../../../arm-none-eabi/lib/thumb/v7e-m+dp/hard/libc_nano.a(libc_a-wsetup.o)
 .debug_aranges
                0x00000dc8       0x20 /usr/lib/gcc/arm-none-eabi/13.2.0/../../../../arm-none-eabi/lib/thumb/v7e-m+dp/hard/libc_nano.a(libc_a-memset.o)
 .debug_aranges
                0x00000de8       0x20 /usr/lib/gcc/arm-none-eabi/13.2.0/../../../../arm-none-eabi/lib/thumb/v7e-m+dp/hard/libc_nano.a(libc_a-closer.o)
 .debug_aranges
                0x00000e08       0x20 /usr/lib/gcc/arm-none-eabi/13.2.0/../../../../arm-none-eabi/lib/thumb/v7e-m+dp/hard/libc_nano.a(libc_a-reent.o)
 .debug_aranges
                0x00000e28       0x18 /usr/lib/gcc/arm-none-eabi/13.2.0/../../../../arm-none-eabi/lib/thumb/v7e-m+dp/hard/libc_nano.a(libc_a-impure.o)
 .debug_aranges
                0x00000e40       0x20 /usr/lib/gcc/arm-none-eabi/13.2.0/../../../../arm-none-eabi/lib/thumb/v7e-m+dp/hard/libc_nano.a(libc_a-lseekr.o)
 .debug_aranges
                0x00000e60       0x20 /usr/lib/gcc/arm-none-eabi/13.2.0/../../../../arm-none-eabi/lib/thumb/v7e-m+dp/hard/libc_nano.a(libc_a-readr.o)
 .debug_aranges
                0x00000e80       0x20 /usr/lib/gcc/arm-none-eabi/13.2.0/../../../../arm-none-eabi/lib/thumb/v7e-m+dp/hard/libc_nano.a(libc_a-writer.o)
 .debug_aranges
                0x00000ea0       0x20 /usr/lib/gcc/arm-none-eabi/13.2.0/../../../../arm-none-eabi/lib/thumb/v7e-m+dp/hard/libc_nano.a(libc_a-init.o)
 .debug_aranges
                0x00000ec0       0x68 /usr/lib/gcc/arm-none-eabi/13.2.0/../../../../arm-none-eabi/lib/thumb/v7e-m+dp/hard/libc_nano.a(libc_a-lock.o)
 .debug_aranges
                0x00000f28       0x20 /usr/lib/gcc/arm-none-eabi/13.2.0/../../../../arm-none-eabi/lib/thumb/v7e-m+dp/hard/libc_nano.a(libc_a-freer.o)
 .debug_aranges
                0x00000f48       0x28 /usr/lib/gcc/arm-none-eabi/13.2.0/../../../../arm-none-eabi/lib/thumb/v7e-m+dp/hard/libc_nano.a(libc_a-mallocr.o)
 .debug_aranges
                0x00000f70       0x28 /usr/lib/gcc/arm-none-eabi/13.2.0/../../../../arm-none-eabi/lib/thumb/v7e-m+dp/hard/libc_nano.a(libc_a-mlock.o)
 .debug_aranges
                0x00000f98       0x30 /usr/lib/gcc/arm-none-eabi/13.2.0/../../../../arm-none-eabi/lib/thumb/v7e-m+dp/hard/libc_nano.a(libc_a-fflush.o)
 .debug_aranges
                0x00000fc8       0x28 /usr/lib/gcc/arm-none-eabi/13.2.0/../../../../arm-none-eabi/lib/thumb/v7e-m+dp/hard/libc_nano.a(libc_a-makebuf.o)
 .debug_aranges
                0x00000ff0       0x20 /usr/lib/gcc/arm-none-eabi/13.2.0/../../../../arm-none-eabi/lib/thumb/v7e-m+dp/hard/libc_nano.a(libc_a-fstatr.o)
 .debug_aranges
                0x00001010       0x20 /usr/lib/gcc/arm-none-eabi/13.2.0/../../../../arm-none-eabi/lib/thumb/v7e-m+dp/hard/libc_nano.a(libc_a-isattyr.o)
 .debug_aranges
                0x00001030       0x20 /usr/lib/gcc/arm-none-eabi/13.2.0/../../../../arm-none-eabi/lib/thumb/v7e-m+dp/hard/libc_nano.a(libc_a-sbrkr.o)
 .debug_aranges
                0x00001050       0x20 /usr/lib/gcc/arm-none-eabi/13.2.0/thumb/v7e-m+dp/hard/libgcc.a(_aeabi_uldivmod.o)
 .debug_aranges
                0x00001070       0x20 /usr/lib/gcc/arm-none-eabi/13.2.0/thumb/v7e-m+dp/hard/libgcc.a(_udivmoddi4.o)
 .debug_aranges
                0x00001090       0x20 /usr/lib/gcc/arm-none-eabi/13.2.0/thumb/v7e-m+dp/hard/libgcc.a(_dvmd_tls.o)

.debug_ranges   0x00000000      0xc68
 .debug_ranges  0x00000000       0x40 build/main.o
 .debug_ranges  0x00000040       0x50 build/stm32h7xx_it.o
 .debug_ranges  0x00000090       0x30 build/stm32h7xx_hal_msp.o
 .debug_ranges  0x000000c0       0xd8 build/stm32h7xx_hal_cortex.o
 .debug_ranges  0x00000198       0xe8 build/stm32h7xx_hal_rcc.o
 .debug_ranges  0x00000280       0xf0 build/stm32h7xx_hal_rcc_ex.o
 .debug_ranges  0x00000370       0x48 build/stm32h7xx_hal_gpio.o
 .debug_ranges  0x000003b8       0x60 build/stm32h7xx_hal_hsem.o
 .debug_ranges  0x00000418      0x1c0 build/stm32h7xx_hal_pwr_ex.o
 .debug_ranges  0x000005d8      0x1f0 build/stm32h7xx_hal.o
 .debug_ranges  0x000007c8       0x18 build/system_stm32h7xx_dualcore_boot_cm4_cm7.o
 .debug_ranges  0x000007e0      0x238 build/stm32h7xx_hal_uart.o
 .debug_ranges  0x00000a18       0x98 build/stm32h7xx_hal_uart_ex.o
 .debug_ranges  0x00000ab0      0x198 build/stm32h7xx_hal_spi.o
 .debug_ranges  0x00000c48       0x20 build/startup_stm32h755xx_CM7.o

.debug_line     0x00000000    0x1252d
 .debug_line    0x00000000      0x68d build/main.o
 .debug_line    0x0000068d      0x14d build/stm32h7xx_it.o
 .debug_line    0x000007da      0x39f build/stm32h7xx_hal_msp.o
 .debug_line    0x00000b79      0x7d2 build/stm32h7xx_hal_cortex.o
 .debug_line    0x0000134b     0x134b build/stm32h7xx_hal_rcc.o
 .debug_line    0x00002696     0x1fa4 build/stm32h7xx_hal_rcc_ex.o
 .debug_line    0x0000463a      0x6c1 build/stm32h7xx_hal_gpio.o
 .debug_line    0x00004cfb      0x2da build/stm32h7xx_hal_hsem.o
 .debug_line    0x00004fd5      0xc8a build/stm32h7xx_hal_pwr_ex.o
 .debug_line    0x00005c5f      0xa29 build/stm32h7xx_hal.o
 .debug_line    0x00006688      0x3f6 build/system_stm32h7xx_dualcore_boot_cm4_cm7.o
 .debug_line    0x00006a7e     0x50df build/stm32h7xx_hal_uart.o
 .debug_line    0x0000bb5d      0xa48 build/stm32h7xx_hal_uart_ex.o
 .debug_line    0x0000c5a5     0x23dd build/stm32h7xx_hal_spi.o
 .debug_line    0x0000e982       0x77 build/startup_stm32h755xx_CM7.o
 .debug_line    0x0000e9f9      0x533 /usr/lib/gcc/arm-none-eabi/13.2.0/../../../../arm-none-eabi/lib/thumb/v7e-m+dp/hard/libc_nano.a(libc_a-findfp.o)
 .debug_line    0x0000ef2c      0x1d6 /usr/lib/gcc/arm-none-eabi/13.2.0/../../../../arm-none-eabi/lib/thumb/v7e-m+dp/hard/libc_nano.a(libc_a-fwalk.o)
 .debug_line    0x0000f102      0x2d6 /usr/lib/gcc/arm-none-eabi/13.2.0/../../../../arm-none-eabi/lib/thumb/v7e-m+dp/hard/libc_nano.a(libc_a-puts.o)
 .debug_line    0x0000f3d8      0x286 /usr/lib/gcc/arm-none-eabi/13.2.0/../../../../arm-none-eabi/lib/thumb/v7e-m+dp/hard/libc_nano.a(libc_a-stdio.o)
 .debug_line    0x0000f65e      0x271 /usr/lib/gcc/arm-none-eabi/13.2.0/../../../../arm-none-eabi/lib/thumb/v7e-m+dp/hard/libc_nano.a(libc_a-wbuf.o)
 .debug_line    0x0000f8cf      0x2a1 /usr/lib/gcc/arm-none-eabi/13.2.0/../../../../arm-none-eabi/lib/thumb/v7e-m+dp/hard/libc_nano.a(libc_a-wsetup.o)
 .debug_line    0x0000fb70      0x123 /usr/lib/gcc/arm-none-eabi/13.2.0/../../../../arm-none-eabi/lib/thumb/v7e-m+dp/hard/libc_nano.a(libc_a-memset.o)
 .debug_line    0x0000fc93      0x1b8 /usr/lib/gcc/arm-none-eabi/13.2.0/../../../../arm-none-eabi/lib/thumb/v7e-m+dp/hard/libc_nano.a(libc_a-closer.o)
 .debug_line    0x0000fe4b      0x274 /usr/lib/gcc/arm-none-eabi/13.2.0/../../../../arm-none-eabi/lib/thumb/v7e-m+dp/hard/libc_nano.a(libc_a-reent.o)
 .debug_line    0x000100bf      0x108 /usr/lib/gcc/arm-none-eabi/13.2.0/../../../../arm-none-eabi/lib/thumb/v7e-m+dp/hard/libc_nano.a(libc_a-impure.o)
 .debug_line    0x000101c7      0x1b7 /usr/lib/gcc/arm-none-eabi/13.2.0/../../../../arm-none-eabi/lib/thumb/v7e-m+dp/hard/libc_nano.a(libc_a-lseekr.o)
 .debug_line    0x0001037e      0x1b6 /usr/lib/gcc/arm-none-eabi/13.2.0/../../../../arm-none-eabi/lib/thumb/v7e-m+dp/hard/libc_nano.a(libc_a-readr.o)
 .debug_line    0x00010534      0x1b7 /usr/lib/gcc/arm-none-eabi/13.2.0/../../../../arm-none-eabi/lib/thumb/v7e-m+dp/hard/libc_nano.a(libc_a-writer.o)
 .debug_line    0x000106eb      0x135 /usr/lib/gcc/arm-none-eabi/13.2.0/../../../../arm-none-eabi/lib/thumb/v7e-m+dp/hard/libc_nano.a(libc_a-init.o)
 .debug_line    0x00010820      0x17d /usr/lib/gcc/arm-none-eabi/13.2.0/../../../../arm-none-eabi/lib/thumb/v7e-m+dp/hard/libc_nano.a(libc_a-lock.o)
 .debug_line    0x0001099d      0x2b2 /usr/lib/gcc/arm-none-eabi/13.2.0/../../../../arm-none-eabi/lib/thumb/v7e-m+dp/hard/libc_nano.a(libc_a-freer.o)
 .debug_line    0x00010c4f      0x47a /usr/lib/gcc/arm-none-eabi/13.2.0/../../../../arm-none-eabi/lib/thumb/v7e-m+dp/hard/libc_nano.a(libc_a-mallocr.o)
 .debug_line    0x000110c9      0x18a /usr/lib/gcc/arm-none-eabi/13.2.0/../../../../arm-none-eabi/lib/thumb/v7e-m+dp/hard/libc_nano.a(libc_a-mlock.o)
 .debug_line    0x00011253      0x431 /usr/lib/gcc/arm-none-eabi/13.2.0/../../../../arm-none-eabi/lib/thumb/v7e-m+dp/hard/libc_nano.a(libc_a-fflush.o)
 .debug_line    0x00011684      0x347 /usr/lib/gcc/arm-none-eabi/13.2.0/../../../../arm-none-eabi/lib/thumb/v7e-m+dp/hard/libc_nano.a(libc_a-makebuf.o)
 .debug_line    0x000119cb      0x244 /usr/lib/gcc/arm-none-eabi/13.2.0/../../../../arm-none-eabi/lib/thumb/v7e-m+dp/hard/libc_nano.a(libc_a-fstatr.o)
 .debug_line    0x00011c0f      0x1b9 /usr/lib/gcc/arm-none-eabi/13.2.0/../../../../arm-none-eabi/lib/thumb/v7e-m+dp/hard/libc_nano.a(libc_a-isattyr.o)
 .debug_line    0x00011dc8      0x1b8 /usr/lib/gcc/arm-none-eabi/13.2.0/../../../../arm-none-eabi/lib/thumb/v7e-m+dp/hard/libc_nano.a(libc_a-sbrkr.o)
 .debug_line    0x00011f80       0x4e /usr/lib/gcc/arm-none-eabi/13.2.0/thumb/v7e-m+dp/hard/libgcc.a(_aeabi_uldivmod.o)
 .debug_line    0x00011fce      0x515 /usr/lib/gcc/arm-none-eabi/13.2.0/thumb/v7e-m+dp/hard/libgcc.a(_udivmoddi4.o)
 .debug_line    0x000124e3       0x4a /usr/lib/gcc/arm-none-eabi/13.2.0/thumb/v7e-m+dp/hard/libgcc.a(_dvmd_tls.o)

.debug_str      0x00000000     0x64b9
 .debug_str     0x00000000     0x64b9 build/main.o
                               0x107e (size before relaxing)
 .debug_str     0x000064b9      0x221 build/stm32h7xx_it.o
 .debug_str     0x000064b9     0x1081 build/stm32h7xx_hal_msp.o
 .debug_str     0x000064b9     0x1077 build/stm32h7xx_hal_cortex.o
 .debug_str     0x000064b9      0xa0b build/stm32h7xx_hal_rcc.o
 .debug_str     0x000064b9      0xf6a build/stm32h7xx_hal_rcc_ex.o
 .debug_str     0x000064b9      0x6f8 build/stm32h7xx_hal_gpio.o
 .debug_str     0x000064b9      0x365 build/stm32h7xx_hal_hsem.o
 .debug_str     0x000064b9      0xae7 build/stm32h7xx_hal_pwr_ex.o
 .debug_str     0x000064b9     0x16bd build/stm32h7xx_hal.o
 .debug_str     0x000064b9      0x795 build/system_stm32h7xx_dualcore_boot_cm4_cm7.o
 .debug_str     0x000064b9     0x1491 build/stm32h7xx_hal_uart.o
 .debug_str     0x000064b9      0xb85 build/stm32h7xx_hal_uart_ex.o
 .debug_str     0x000064b9      0xd84 build/stm32h7xx_hal_spi.o
 .debug_str     0x000064b9       0x63 build/startup_stm32h755xx_CM7.o
 .debug_str     0x000064b9      0x765 /usr/lib/gcc/arm-none-eabi/13.2.0/../../../../arm-none-eabi/lib/thumb/v7e-m+dp/hard/libc_nano.a(libc_a-findfp.o)
 .debug_str     0x000064b9      0x4f2 /usr/lib/gcc/arm-none-eabi/13.2.0/../../../../arm-none-eabi/lib/thumb/v7e-m+dp/hard/libc_nano.a(libc_a-fwalk.o)
 .debug_str     0x000064b9      0x56d /usr/lib/gcc/arm-none-eabi/13.2.0/../../../../arm-none-eabi/lib/thumb/v7e-m+dp/hard/libc_nano.a(libc_a-puts.o)
 .debug_str     0x000064b9      0x54f /usr/lib/gcc/arm-none-eabi/13.2.0/../../../../arm-none-eabi/lib/thumb/v7e-m+dp/hard/libc_nano.a(libc_a-stdio.o)
 .debug_str     0x000064b9      0x518 /usr/lib/gcc/arm-none-eabi/13.2.0/../../../../arm-none-eabi/lib/thumb/v7e-m+dp/hard/libc_nano.a(libc_a-wbuf.o)
 .debug_str     0x000064b9      0x513 /usr/lib/gcc/arm-none-eabi/13.2.0/../../../../arm-none-eabi/lib/thumb/v7e-m+dp/hard/libc_nano.a(libc_a-wsetup.o)
 .debug_str     0x000064b9      0x1c2 /usr/lib/gcc/arm-none-eabi/13.2.0/../../../../arm-none-eabi/lib/thumb/v7e-m+dp/hard/libc_nano.a(libc_a-memset.o)
 .debug_str     0x000064b9      0x4d8 /usr/lib/gcc/arm-none-eabi/13.2.0/../../../../arm-none-eabi/lib/thumb/v7e-m+dp/hard/libc_nano.a(libc_a-closer.o)
 .debug_str     0x000064b9      0x501 /usr/lib/gcc/arm-none-eabi/13.2.0/../../../../arm-none-eabi/lib/thumb/v7e-m+dp/hard/libc_nano.a(libc_a-reent.o)
 .debug_str     0x000064b9      0x4e2 /usr/lib/gcc/arm-none-eabi/13.2.0/../../../../arm-none-eabi/lib/thumb/v7e-m+dp/hard/libc_nano.a(libc_a-impure.o)
 .debug_str     0x000064b9      0x4e6 /usr/lib/gcc/arm-none-eabi/13.2.0/../../../../arm-none-eabi/lib/thumb/v7e-m+dp/hard/libc_nano.a(libc_a-lseekr.o)
 .debug_str     0x000064b9      0x4e6 /usr/lib/gcc/arm-none-eabi/13.2.0/../../../../arm-none-eabi/lib/thumb/v7e-m+dp/hard/libc_nano.a(libc_a-readr.o)
 .debug_str     0x000064b9      0x4e8 /usr/lib/gcc/arm-none-eabi/13.2.0/../../../../arm-none-eabi/lib/thumb/v7e-m+dp/hard/libc_nano.a(libc_a-writer.o)
 .debug_str     0x000064b9      0x223 /usr/lib/gcc/arm-none-eabi/13.2.0/../../../../arm-none-eabi/lib/thumb/v7e-m+dp/hard/libc_nano.a(libc_a-init.o)
 .debug_str     0x000064b9      0x335 /usr/lib/gcc/arm-none-eabi/13.2.0/../../../../arm-none-eabi/lib/thumb/v7e-m+dp/hard/libc_nano.a(libc_a-lock.o)
 .debug_str     0x000064b9      0x562 /usr/lib/gcc/arm-none-eabi/13.2.0/../../../../arm-none-eabi/lib/thumb/v7e-m+dp/hard/libc_nano.a(libc_a-freer.o)
 .debug_str     0x000064b9      0x5c3 /usr/lib/gcc/arm-none-eabi/13.2.0/../../../../arm-none-eabi/lib/thumb/v7e-m+dp/hard/libc_nano.a(libc_a-mallocr.o)
 .debug_str     0x000064b9      0x564 /usr/lib/gcc/arm-none-eabi/13.2.0/../../../../arm-none-eabi/lib/thumb/v7e-m+dp/hard/libc_nano.a(libc_a-mlock.o)
 .debug_str     0x000064b9      0x5ad /usr/lib/gcc/arm-none-eabi/13.2.0/../../../../arm-none-eabi/lib/thumb/v7e-m+dp/hard/libc_nano.a(libc_a-fflush.o)
 .debug_str     0x000064b9      0x675 /usr/lib/gcc/arm-none-eabi/13.2.0/../../../../arm-none-eabi/lib/thumb/v7e-m+dp/hard/libc_nano.a(libc_a-makebuf.o)
 .debug_str     0x000064b9      0x62a /usr/lib/gcc/arm-none-eabi/13.2.0/../../../../arm-none-eabi/lib/thumb/v7e-m+dp/hard/libc_nano.a(libc_a-fstatr.o)
 .debug_str     0x000064b9      0x4e2 /usr/lib/gcc/arm-none-eabi/13.2.0/../../../../arm-none-eabi/lib/thumb/v7e-m+dp/hard/libc_nano.a(libc_a-isattyr.o)
 .debug_str     0x000064b9      0x4eb /usr/lib/gcc/arm-none-eabi/13.2.0/../../../../arm-none-eabi/lib/thumb/v7e-m+dp/hard/libc_nano.a(libc_a-sbrkr.o)
 .debug_str     0x000064b9       0x9e /usr/lib/gcc/arm-none-eabi/13.2.0/thumb/v7e-m+dp/hard/libgcc.a(_aeabi_uldivmod.o)
 .debug_str     0x000064b9      0x6b9 /usr/lib/gcc/arm-none-eabi/13.2.0/thumb/v7e-m+dp/hard/libgcc.a(_udivmoddi4.o)
 .debug_str     0x000064b9       0xbe /usr/lib/gcc/arm-none-eabi/13.2.0/thumb/v7e-m+dp/hard/libgcc.a(_dvmd_tls.o)

.comment        0x00000000       0x3c
 .comment       0x00000000       0x3c build/main.o
                                 0x1f (size before relaxing)
 .comment       0x0000003c       0x1f build/stm32h7xx_it.o
 .comment       0x0000003c       0x1f build/stm32h7xx_hal_msp.o
 .comment       0x0000003c       0x1f build/stm32h7xx_hal_cortex.o
 .comment       0x0000003c       0x1f build/stm32h7xx_hal_rcc.o
 .comment       0x0000003c       0x1f build/stm32h7xx_hal_rcc_ex.o
 .comment       0x0000003c       0x1f build/stm32h7xx_hal_gpio.o
 .comment       0x0000003c       0x1f build/stm32h7xx_hal_hsem.o
 .comment       0x0000003c       0x1f build/stm32h7xx_hal_pwr_ex.o
 .comment       0x0000003c       0x1f build/stm32h7xx_hal.o
 .comment       0x0000003c       0x1f build/system_stm32h7xx_dualcore_boot_cm4_cm7.o
 .comment       0x0000003c       0x1f build/stm32h7xx_hal_uart.o
 .comment       0x0000003c       0x1f build/stm32h7xx_hal_uart_ex.o
 .comment       0x0000003c       0x1f build/stm32h7xx_hal_spi.o
 .comment       0x0000003c       0x1f /usr/lib/gcc/arm-none-eabi/13.2.0/../../../../arm-none-eabi/lib/thumb/v7e-m+dp/hard/libc_nano.a(libc_a-findfp.o)
 .comment       0x0000003c       0x1f /usr/lib/gcc/arm-none-eabi/13.2.0/../../../../arm-none-eabi/lib/thumb/v7e-m+dp/hard/libc_nano.a(libc_a-fwalk.o)
 .comment       0x0000003c       0x1f /usr/lib/gcc/arm-none-eabi/13.2.0/../../../../arm-none-eabi/lib/thumb/v7e-m+dp/hard/libc_nano.a(libc_a-puts.o)
 .comment       0x0000003c       0x1f /usr/lib/gcc/arm-none-eabi/13.2.0/../../../../arm-none-eabi/lib/thumb/v7e-m+dp/hard/libc_nano.a(libc_a-stdio.o)
 .comment       0x0000003c       0x1f /usr/lib/gcc/arm-none-eabi/13.2.0/../../../../arm-none-eabi/lib/thumb/v7e-m+dp/hard/libc_nano.a(libc_a-wbuf.o)
 .comment       0x0000003c       0x1f /usr/lib/gcc/arm-none-eabi/13.2.0/../../../../arm-none-eabi/lib/thumb/v7e-m+dp/hard/libc_nano.a(libc_a-wsetup.o)
 .comment       0x0000003c       0x1f /usr/lib/gcc/arm-none-eabi/13.2.0/../../../../arm-none-eabi/lib/thumb/v7e-m+dp/hard/libc_nano.a(libc_a-memset.o)
 .comment       0x0000003c       0x1f /usr/lib/gcc/arm-none-eabi/13.2.0/../../../../arm-none-eabi/lib/thumb/v7e-m+dp/hard/libc_nano.a(libc_a-closer.o)
 .comment       0x0000003c       0x1f /usr/lib/gcc/arm-none-eabi/13.2.0/../../../../arm-none-eabi/lib/thumb/v7e-m+dp/hard/libc_nano.a(libc_a-reent.o)
 .comment       0x0000003c       0x1f /usr/lib/gcc/arm-none-eabi/13.2.0/../../../../arm-none-eabi/lib/thumb/v7e-m+dp/hard/libc_nano.a(libc_a-impure.o)
 .comment       0x0000003c       0x1f /usr/lib/gcc/arm-none-eabi/13.2.0/../../../../arm-none-eabi/lib/thumb/v7e-m+dp/hard/libc_nano.a(libc_a-lseekr.o)
 .comment       0x0000003c       0x1f /usr/lib/gcc/arm-none-eabi/13.2.0/../../../../arm-none-eabi/lib/thumb/v7e-m+dp/hard/libc_nano.a(libc_a-readr.o)
 .comment       0x0000003c       0x1f /usr/lib/gcc/arm-none-eabi/13.2.0/../../../../arm-none-eabi/lib/thumb/v7e-m+dp/hard/libc_nano.a(libc_a-writer.o)
 .comment       0x0000003c       0x1f /usr/lib/gcc/arm-none-eabi/13.2.0/../../../../arm-none-eabi/lib/thumb/v7e-m+dp/hard/libc_nano.a(libc_a-init.o)
 .comment       0x0000003c       0x1f /usr/lib/gcc/arm-none-eabi/13.2.0/../../../../arm-none-eabi/lib/thumb/v7e-m+dp/hard/libc_nano.a(libc_a-lock.o)
 .comment       0x0000003c       0x1f /usr/lib/gcc/arm-none-eabi/13.2.0/../../../../arm-none-eabi/lib/thumb/v7e-m+dp/hard/libc_nano.a(libc_a-freer.o)
 .comment       0x0000003c       0x1f /usr/lib/gcc/arm-none-eabi/13.2.0/../../../../arm-none-eabi/lib/thumb/v7e-m+dp/hard/libc_nano.a(libc_a-mallocr.o)
 .comment       0x0000003c       0x1f /usr/lib/gcc/arm-none-eabi/13.2.0/../../../../arm-none-eabi/lib/thumb/v7e-m+dp/hard/libc_nano.a(libc_a-mlock.o)
 .comment       0x0000003c       0x1f /usr/lib/gcc/arm-none-eabi/13.2.0/../../../../arm-none-eabi/lib/thumb/v7e-m+dp/hard/libc_nano.a(libc_a-fflush.o)
 .comment       0x0000003c       0x1f /usr/lib/gcc/arm-none-eabi/13.2.0/../../../../arm-none-eabi/lib/thumb/v7e-m+dp/hard/libc_nano.a(libc_a-makebuf.o)
 .comment       0x0000003c       0x1f /usr/lib/gcc/arm-none-eabi/13.2.0/../../../../arm-none-eabi/lib/thumb/v7e-m+dp/hard/libc_nano.a(libc_a-fstatr.o)
 .comment       0x0000003c       0x1f /usr/lib/gcc/arm-none-eabi/13.2.0/../../../../arm-none-eabi/lib/thumb/v7e-m+dp/hard/libc_nano.a(libc_a-isattyr.o)
 .comment       0x0000003c       0x1f /usr/lib/gcc/arm-none-eabi/13.2.0/../../../../arm-none-eabi/lib/thumb/v7e-m+dp/hard/libc_nano.a(libc_a-sbrkr.o)
 .comment       0x0000003c       0x1f /usr/lib/gcc/arm-none-eabi/13.2.0/thumb/v7e-m+dp/hard/libgcc.a(_udivmoddi4.o)

.debug_frame    0x00000000     0x25f0
 .debug_frame   0x00000000       0xc8 build/main.o
 .debug_frame   0x000000c8       0xa8 build/stm32h7xx_it.o
 .debug_frame   0x00000170       0xa4 build/stm32h7xx_hal_msp.o
 .debug_frame   0x00000214      0x1f4 build/stm32h7xx_hal_cortex.o
 .debug_frame   0x00000408      0x18c build/stm32h7xx_hal_rcc.o
 .debug_frame   0x00000594      0x294 build/stm32h7xx_hal_rcc_ex.o
 .debug_frame   0x00000828       0xd4 build/stm32h7xx_hal_gpio.o
 .debug_frame   0x000008fc       0xc8 build/stm32h7xx_hal_hsem.o
 .debug_frame   0x000009c4      0x324 build/stm32h7xx_hal_pwr_ex.o
 .debug_frame   0x00000ce8      0x438 build/stm32h7xx_hal.o
 .debug_frame   0x00001120       0x3c build/system_stm32h7xx_dualcore_boot_cm4_cm7.o
 .debug_frame   0x0000115c      0x680 build/stm32h7xx_hal_uart.o
 .debug_frame   0x000017dc      0x1c8 build/stm32h7xx_hal_uart_ex.o
 .debug_frame   0x000019a4      0x494 build/stm32h7xx_hal_spi.o
 .debug_frame   0x00001e38      0x144 /usr/lib/gcc/arm-none-eabi/13.2.0/../../../../arm-none-eabi/lib/thumb/v7e-m+dp/hard/libc_nano.a(libc_a-findfp.o)
 .debug_frame   0x00001f7c       0x34 /usr/lib/gcc/arm-none-eabi/13.2.0/../../../../arm-none-eabi/lib/thumb/v7e-m+dp/hard/libc_nano.a(libc_a-fwalk.o)
 .debug_frame   0x00001fb0       0x3c /usr/lib/gcc/arm-none-eabi/13.2.0/../../../../arm-none-eabi/lib/thumb/v7e-m+dp/hard/libc_nano.a(libc_a-puts.o)
 .debug_frame   0x00001fec       0x88 /usr/lib/gcc/arm-none-eabi/13.2.0/../../../../arm-none-eabi/lib/thumb/v7e-m+dp/hard/libc_nano.a(libc_a-stdio.o)
 .debug_frame   0x00002074       0x40 /usr/lib/gcc/arm-none-eabi/13.2.0/../../../../arm-none-eabi/lib/thumb/v7e-m+dp/hard/libc_nano.a(libc_a-wbuf.o)
 .debug_frame   0x000020b4       0x2c /usr/lib/gcc/arm-none-eabi/13.2.0/../../../../arm-none-eabi/lib/thumb/v7e-m+dp/hard/libc_nano.a(libc_a-wsetup.o)
 .debug_frame   0x000020e0       0x20 /usr/lib/gcc/arm-none-eabi/13.2.0/../../../../arm-none-eabi/lib/thumb/v7e-m+dp/hard/libc_nano.a(libc_a-memset.o)
 .debug_frame   0x00002100       0x2c /usr/lib/gcc/arm-none-eabi/13.2.0/../../../../arm-none-eabi/lib/thumb/v7e-m+dp/hard/libc_nano.a(libc_a-closer.o)
 .debug_frame   0x0000212c       0x38 /usr/lib/gcc/arm-none-eabi/13.2.0/../../../../arm-none-eabi/lib/thumb/v7e-m+dp/hard/libc_nano.a(libc_a-reent.o)
 .debug_frame   0x00002164       0x2c /usr/lib/gcc/arm-none-eabi/13.2.0/../../../../arm-none-eabi/lib/thumb/v7e-m+dp/hard/libc_nano.a(libc_a-lseekr.o)
 .debug_frame   0x00002190       0x2c /usr/lib/gcc/arm-none-eabi/13.2.0/../../../../arm-none-eabi/lib/thumb/v7e-m+dp/hard/libc_nano.a(libc_a-readr.o)
 .debug_frame   0x000021bc       0x2c /usr/lib/gcc/arm-none-eabi/13.2.0/../../../../arm-none-eabi/lib/thumb/v7e-m+dp/hard/libc_nano.a(libc_a-writer.o)
 .debug_frame   0x000021e8       0x2c /usr/lib/gcc/arm-none-eabi/13.2.0/../../../../arm-none-eabi/lib/thumb/v7e-m+dp/hard/libc_nano.a(libc_a-init.o)
 .debug_frame   0x00002214       0xb0 /usr/lib/gcc/arm-none-eabi/13.2.0/../../../../arm-none-eabi/lib/thumb/v7e-m+dp/hard/libc_nano.a(libc_a-lock.o)
 .debug_frame   0x000022c4       0x38 /usr/lib/gcc/arm-none-eabi/13.2.0/../../../../arm-none-eabi/lib/thumb/v7e-m+dp/hard/libc_nano.a(libc_a-freer.o)
 .debug_frame   0x000022fc       0x4c /usr/lib/gcc/arm-none-eabi/13.2.0/../../../../arm-none-eabi/lib/thumb/v7e-m+dp/hard/libc_nano.a(libc_a-mallocr.o)
 .debug_frame   0x00002348       0x30 /usr/lib/gcc/arm-none-eabi/13.2.0/../../../../arm-none-eabi/lib/thumb/v7e-m+dp/hard/libc_nano.a(libc_a-mlock.o)
 .debug_frame   0x00002378       0x5c /usr/lib/gcc/arm-none-eabi/13.2.0/../../../../arm-none-eabi/lib/thumb/v7e-m+dp/hard/libc_nano.a(libc_a-fflush.o)
 .debug_frame   0x000023d4       0x58 /usr/lib/gcc/arm-none-eabi/13.2.0/../../../../arm-none-eabi/lib/thumb/v7e-m+dp/hard/libc_nano.a(libc_a-makebuf.o)
 .debug_frame   0x0000242c       0x2c /usr/lib/gcc/arm-none-eabi/13.2.0/../../../../arm-none-eabi/lib/thumb/v7e-m+dp/hard/libc_nano.a(libc_a-fstatr.o)
 .debug_frame   0x00002458       0x2c /usr/lib/gcc/arm-none-eabi/13.2.0/../../../../arm-none-eabi/lib/thumb/v7e-m+dp/hard/libc_nano.a(libc_a-isattyr.o)
 .debug_frame   0x00002484       0x2c /usr/lib/gcc/arm-none-eabi/13.2.0/../../../../arm-none-eabi/lib/thumb/v7e-m+dp/hard/libc_nano.a(libc_a-sbrkr.o)
 .debug_frame   0x000024b0       0x20 /usr/lib/gcc/arm-none-eabi/13.2.0/../../../../arm-none-eabi/lib/thumb/v7e-m+dp/hard/libnosys.a(close.o)
 .debug_frame   0x000024d0       0x20 /usr/lib/gcc/arm-none-eabi/13.2.0/../../../../arm-none-eabi/lib/thumb/v7e-m+dp/hard/libnosys.a(fstat.o)
 .debug_frame   0x000024f0       0x20 /usr/lib/gcc/arm-none-eabi/13.2.0/../../../../arm-none-eabi/lib/thumb/v7e-m+dp/hard/libnosys.a(isatty.o)
 .debug_frame   0x00002510       0x20 /usr/lib/gcc/arm-none-eabi/13.2.0/../../../../arm-none-eabi/lib/thumb/v7e-m+dp/hard/libnosys.a(lseek.o)
 .debug_frame   0x00002530       0x20 /usr/lib/gcc/arm-none-eabi/13.2.0/../../../../arm-none-eabi/lib/thumb/v7e-m+dp/hard/libnosys.a(read.o)
 .debug_frame   0x00002550       0x20 /usr/lib/gcc/arm-none-eabi/13.2.0/../../../../arm-none-eabi/lib/thumb/v7e-m+dp/hard/libnosys.a(sbrk.o)
 .debug_frame   0x00002570       0x20 /usr/lib/gcc/arm-none-eabi/13.2.0/../../../../arm-none-eabi/lib/thumb/v7e-m+dp/hard/libnosys.a(write.o)
 .debug_frame   0x00002590       0x2c /usr/lib/gcc/arm-none-eabi/13.2.0/thumb/v7e-m+dp/hard/libgcc.a(_aeabi_uldivmod.o)
 .debug_frame   0x000025bc       0x34 /usr/lib/gcc/arm-none-eabi/13.2.0/thumb/v7e-m+dp/hard/libgcc.a(_udivmoddi4.o)

.debug_loclists
                0x00000000     0x1a9e
 .debug_loclists
                0x00000000      0x252 /usr/lib/gcc/arm-none-eabi/13.2.0/../../../../arm-none-eabi/lib/thumb/v7e-m+dp/hard/libc_nano.a(libc_a-findfp.o)
 .debug_loclists
                0x00000252       0x85 /usr/lib/gcc/arm-none-eabi/13.2.0/../../../../arm-none-eabi/lib/thumb/v7e-m+dp/hard/libc_nano.a(libc_a-fwalk.o)
 .debug_loclists
                0x000002d7      0x1c9 /usr/lib/gcc/arm-none-eabi/13.2.0/../../../../arm-none-eabi/lib/thumb/v7e-m+dp/hard/libc_nano.a(libc_a-puts.o)
 .debug_loclists
                0x000004a0      0x203 /usr/lib/gcc/arm-none-eabi/13.2.0/../../../../arm-none-eabi/lib/thumb/v7e-m+dp/hard/libc_nano.a(libc_a-stdio.o)
 .debug_loclists
                0x000006a3       0xe3 /usr/lib/gcc/arm-none-eabi/13.2.0/../../../../arm-none-eabi/lib/thumb/v7e-m+dp/hard/libc_nano.a(libc_a-wbuf.o)
 .debug_loclists
                0x00000786       0x41 /usr/lib/gcc/arm-none-eabi/13.2.0/../../../../arm-none-eabi/lib/thumb/v7e-m+dp/hard/libc_nano.a(libc_a-wsetup.o)
 .debug_loclists
                0x000007c7       0x47 /usr/lib/gcc/arm-none-eabi/13.2.0/../../../../arm-none-eabi/lib/thumb/v7e-m+dp/hard/libc_nano.a(libc_a-memset.o)
 .debug_loclists
                0x0000080e       0x4c /usr/lib/gcc/arm-none-eabi/13.2.0/../../../../arm-none-eabi/lib/thumb/v7e-m+dp/hard/libc_nano.a(libc_a-closer.o)
 .debug_loclists
                0x0000085a       0x72 /usr/lib/gcc/arm-none-eabi/13.2.0/../../../../arm-none-eabi/lib/thumb/v7e-m+dp/hard/libc_nano.a(libc_a-reent.o)
 .debug_loclists
                0x000008cc       0x88 /usr/lib/gcc/arm-none-eabi/13.2.0/../../../../arm-none-eabi/lib/thumb/v7e-m+dp/hard/libc_nano.a(libc_a-lseekr.o)
 .debug_loclists
                0x00000954       0x88 /usr/lib/gcc/arm-none-eabi/13.2.0/../../../../arm-none-eabi/lib/thumb/v7e-m+dp/hard/libc_nano.a(libc_a-readr.o)
 .debug_loclists
                0x000009dc       0x88 /usr/lib/gcc/arm-none-eabi/13.2.0/../../../../arm-none-eabi/lib/thumb/v7e-m+dp/hard/libc_nano.a(libc_a-writer.o)
 .debug_loclists
                0x00000a64       0x44 /usr/lib/gcc/arm-none-eabi/13.2.0/../../../../arm-none-eabi/lib/thumb/v7e-m+dp/hard/libc_nano.a(libc_a-init.o)
 .debug_loclists
                0x00000aa8       0x23 /usr/lib/gcc/arm-none-eabi/13.2.0/../../../../arm-none-eabi/lib/thumb/v7e-m+dp/hard/libc_nano.a(libc_a-lock.o)
 .debug_loclists
                0x00000acb       0xd4 /usr/lib/gcc/arm-none-eabi/13.2.0/../../../../arm-none-eabi/lib/thumb/v7e-m+dp/hard/libc_nano.a(libc_a-freer.o)
 .debug_loclists
                0x00000b9f      0x219 /usr/lib/gcc/arm-none-eabi/13.2.0/../../../../arm-none-eabi/lib/thumb/v7e-m+dp/hard/libc_nano.a(libc_a-mallocr.o)
 .debug_loclists
                0x00000db8       0x3a /usr/lib/gcc/arm-none-eabi/13.2.0/../../../../arm-none-eabi/lib/thumb/v7e-m+dp/hard/libc_nano.a(libc_a-mlock.o)
 .debug_loclists
                0x00000df2      0x1dc /usr/lib/gcc/arm-none-eabi/13.2.0/../../../../arm-none-eabi/lib/thumb/v7e-m+dp/hard/libc_nano.a(libc_a-fflush.o)
 .debug_loclists
                0x00000fce      0x11d /usr/lib/gcc/arm-none-eabi/13.2.0/../../../../arm-none-eabi/lib/thumb/v7e-m+dp/hard/libc_nano.a(libc_a-makebuf.o)
 .debug_loclists
                0x000010eb       0x6a /usr/lib/gcc/arm-none-eabi/13.2.0/../../../../arm-none-eabi/lib/thumb/v7e-m+dp/hard/libc_nano.a(libc_a-fstatr.o)
 .debug_loclists
                0x00001155       0x4c /usr/lib/gcc/arm-none-eabi/13.2.0/../../../../arm-none-eabi/lib/thumb/v7e-m+dp/hard/libc_nano.a(libc_a-isattyr.o)
 .debug_loclists
                0x000011a1       0x4c /usr/lib/gcc/arm-none-eabi/13.2.0/../../../../arm-none-eabi/lib/thumb/v7e-m+dp/hard/libc_nano.a(libc_a-sbrkr.o)
 .debug_loclists
                0x000011ed       0x23 /usr/lib/gcc/arm-none-eabi/13.2.0/../../../../arm-none-eabi/lib/thumb/v7e-m+dp/hard/libnosys.a(close.o)
 .debug_loclists
                0x00001210       0x23 /usr/lib/gcc/arm-none-eabi/13.2.0/../../../../arm-none-eabi/lib/thumb/v7e-m+dp/hard/libnosys.a(fstat.o)
 .debug_loclists
                0x00001233       0x23 /usr/lib/gcc/arm-none-eabi/13.2.0/../../../../arm-none-eabi/lib/thumb/v7e-m+dp/hard/libnosys.a(isatty.o)
 .debug_loclists
                0x00001256       0x3a /usr/lib/gcc/arm-none-eabi/13.2.0/../../../../arm-none-eabi/lib/thumb/v7e-m+dp/hard/libnosys.a(lseek.o)
 .debug_loclists
                0x00001290       0x3a /usr/lib/gcc/arm-none-eabi/13.2.0/../../../../arm-none-eabi/lib/thumb/v7e-m+dp/hard/libnosys.a(read.o)
 .debug_loclists
                0x000012ca       0x32 /usr/lib/gcc/arm-none-eabi/13.2.0/../../../../arm-none-eabi/lib/thumb/v7e-m+dp/hard/libnosys.a(sbrk.o)
 .debug_loclists
                0x000012fc       0x3a /usr/lib/gcc/arm-none-eabi/13.2.0/../../../../arm-none-eabi/lib/thumb/v7e-m+dp/hard/libnosys.a(write.o)
 .debug_loclists
                0x00001336      0x768 /usr/lib/gcc/arm-none-eabi/13.2.0/thumb/v7e-m+dp/hard/libgcc.a(_udivmoddi4.o)

.debug_rnglists
                0x00000000      0x40a
 .debug_rnglists
                0x00000000       0x7a /usr/lib/gcc/arm-none-eabi/13.2.0/../../../../arm-none-eabi/lib/thumb/v7e-m+dp/hard/libc_nano.a(libc_a-findfp.o)
 .debug_rnglists
                0x0000007a       0x13 /usr/lib/gcc/arm-none-eabi/13.2.0/../../../../arm-none-eabi/lib/thumb/v7e-m+dp/hard/libc_nano.a(libc_a-fwalk.o)
 .debug_rnglists
                0x0000008d       0x44 /usr/lib/gcc/arm-none-eabi/13.2.0/../../../../arm-none-eabi/lib/thumb/v7e-m+dp/hard/libc_nano.a(libc_a-puts.o)
 .debug_rnglists
                0x000000d1       0x2b /usr/lib/gcc/arm-none-eabi/13.2.0/../../../../arm-none-eabi/lib/thumb/v7e-m+dp/hard/libc_nano.a(libc_a-stdio.o)
 .debug_rnglists
                0x000000fc       0x25 /usr/lib/gcc/arm-none-eabi/13.2.0/../../../../arm-none-eabi/lib/thumb/v7e-m+dp/hard/libc_nano.a(libc_a-wbuf.o)
 .debug_rnglists
                0x00000121       0x26 /usr/lib/gcc/arm-none-eabi/13.2.0/../../../../arm-none-eabi/lib/thumb/v7e-m+dp/hard/libc_nano.a(libc_a-wsetup.o)
 .debug_rnglists
                0x00000147       0x13 /usr/lib/gcc/arm-none-eabi/13.2.0/../../../../arm-none-eabi/lib/thumb/v7e-m+dp/hard/libc_nano.a(libc_a-memset.o)
 .debug_rnglists
                0x0000015a       0x13 /usr/lib/gcc/arm-none-eabi/13.2.0/../../../../arm-none-eabi/lib/thumb/v7e-m+dp/hard/libc_nano.a(libc_a-closer.o)
 .debug_rnglists
                0x0000016d       0x30 /usr/lib/gcc/arm-none-eabi/13.2.0/../../../../arm-none-eabi/lib/thumb/v7e-m+dp/hard/libc_nano.a(libc_a-reent.o)
 .debug_rnglists
                0x0000019d       0x13 /usr/lib/gcc/arm-none-eabi/13.2.0/../../../../arm-none-eabi/lib/thumb/v7e-m+dp/hard/libc_nano.a(libc_a-lseekr.o)
 .debug_rnglists
                0x000001b0       0x13 /usr/lib/gcc/arm-none-eabi/13.2.0/../../../../arm-none-eabi/lib/thumb/v7e-m+dp/hard/libc_nano.a(libc_a-readr.o)
 .debug_rnglists
                0x000001c3       0x13 /usr/lib/gcc/arm-none-eabi/13.2.0/../../../../arm-none-eabi/lib/thumb/v7e-m+dp/hard/libc_nano.a(libc_a-writer.o)
 .debug_rnglists
                0x000001d6       0x13 /usr/lib/gcc/arm-none-eabi/13.2.0/../../../../arm-none-eabi/lib/thumb/v7e-m+dp/hard/libc_nano.a(libc_a-init.o)
 .debug_rnglists
                0x000001e9       0x49 /usr/lib/gcc/arm-none-eabi/13.2.0/../../../../arm-none-eabi/lib/thumb/v7e-m+dp/hard/libc_nano.a(libc_a-lock.o)
 .debug_rnglists
                0x00000232       0x14 /usr/lib/gcc/arm-none-eabi/13.2.0/../../../../arm-none-eabi/lib/thumb/v7e-m+dp/hard/libc_nano.a(libc_a-freer.o)
 .debug_rnglists
                0x00000246       0x29 /usr/lib/gcc/arm-none-eabi/13.2.0/../../../../arm-none-eabi/lib/thumb/v7e-m+dp/hard/libc_nano.a(libc_a-mallocr.o)
 .debug_rnglists
                0x0000026f       0x19 /usr/lib/gcc/arm-none-eabi/13.2.0/../../../../arm-none-eabi/lib/thumb/v7e-m+dp/hard/libc_nano.a(libc_a-mlock.o)
 .debug_rnglists
                0x00000288       0x3e /usr/lib/gcc/arm-none-eabi/13.2.0/../../../../arm-none-eabi/lib/thumb/v7e-m+dp/hard/libc_nano.a(libc_a-fflush.o)
 .debug_rnglists
                0x000002c6       0x19 /usr/lib/gcc/arm-none-eabi/13.2.0/../../../../arm-none-eabi/lib/thumb/v7e-m+dp/hard/libc_nano.a(libc_a-makebuf.o)
 .debug_rnglists
                0x000002df       0x13 /usr/lib/gcc/arm-none-eabi/13.2.0/../../../../arm-none-eabi/lib/thumb/v7e-m+dp/hard/libc_nano.a(libc_a-fstatr.o)
 .debug_rnglists
                0x000002f2       0x13 /usr/lib/gcc/arm-none-eabi/13.2.0/../../../../arm-none-eabi/lib/thumb/v7e-m+dp/hard/libc_nano.a(libc_a-isattyr.o)
 .debug_rnglists
                0x00000305       0x13 /usr/lib/gcc/arm-none-eabi/13.2.0/../../../../arm-none-eabi/lib/thumb/v7e-m+dp/hard/libc_nano.a(libc_a-sbrkr.o)
 .debug_rnglists
                0x00000318       0x13 /usr/lib/gcc/arm-none-eabi/13.2.0/../../../../arm-none-eabi/lib/thumb/v7e-m+dp/hard/libnosys.a(close.o)
 .debug_rnglists
                0x0000032b       0x13 /usr/lib/gcc/arm-none-eabi/13.2.0/../../../../arm-none-eabi/lib/thumb/v7e-m+dp/hard/libnosys.a(fstat.o)
 .debug_rnglists
                0x0000033e       0x13 /usr/lib/gcc/arm-none-eabi/13.2.0/../../../../arm-none-eabi/lib/thumb/v7e-m+dp/hard/libnosys.a(isatty.o)
 .debug_rnglists
                0x00000351       0x13 /usr/lib/gcc/arm-none-eabi/13.2.0/../../../../arm-none-eabi/lib/thumb/v7e-m+dp/hard/libnosys.a(lseek.o)
 .debug_rnglists
                0x00000364       0x13 /usr/lib/gcc/arm-none-eabi/13.2.0/../../../../arm-none-eabi/lib/thumb/v7e-m+dp/hard/libnosys.a(read.o)
 .debug_rnglists
                0x00000377       0x13 /usr/lib/gcc/arm-none-eabi/13.2.0/../../../../arm-none-eabi/lib/thumb/v7e-m+dp/hard/libnosys.a(sbrk.o)
 .debug_rnglists
                0x0000038a       0x13 /usr/lib/gcc/arm-none-eabi/13.2.0/../../../../arm-none-eabi/lib/thumb/v7e-m+dp/hard/libnosys.a(write.o)
 .debug_rnglists
                0x0000039d       0x6d /usr/lib/gcc/arm-none-eabi/13.2.0/thumb/v7e-m+dp/hard/libgcc.a(_udivmoddi4.o)

.debug_line_str
                0x00000000       0x9e
 .debug_line_str
                0x00000000       0x9e /usr/lib/gcc/arm-none-eabi/13.2.0/thumb/v7e-m+dp/hard/libgcc.a(_aeabi_uldivmod.o)
                                 0x92 (size before relaxing)
 .debug_line_str
                0x0000009e       0x96 /usr/lib/gcc/arm-none-eabi/13.2.0/thumb/v7e-m+dp/hard/libgcc.a(_dvmd_tls.o)

Cross Reference Table

Symbol                                            File
ADC3_IRQHandler                                   build/startup_stm32h755xx_CM7.o
ADC_IRQHandler                                    build/startup_stm32h755xx_CM7.o
BDMA_Channel0_IRQHandler                          build/startup_stm32h755xx_CM7.o
BDMA_Channel1_IRQHandler                          build/startup_stm32h755xx_CM7.o
BDMA_Channel2_IRQHandler                          build/startup_stm32h755xx_CM7.o
BDMA_Channel3_IRQHandler                          build/startup_stm32h755xx_CM7.o
BDMA_Channel4_IRQHandler                          build/startup_stm32h755xx_CM7.o
BDMA_Channel5_IRQHandler                          build/startup_stm32h755xx_CM7.o
BDMA_Channel6_IRQHandler                          build/startup_stm32h755xx_CM7.o
BDMA_Channel7_IRQHandler                          build/startup_stm32h755xx_CM7.o