Archive member included to satisfy reference by file (symbol)

/usr/lib/gcc/arm-none-eabi/13.2.0/../../../../arm-none-eabi/lib/thumb/v7e-m+fp/hard/libc_nano.a(libc_a-atexit.o)
                              /usr/lib/gcc/arm-none-eabi/13.2.0/../../../../arm-none-eabi/lib/thumb/v7e-m+fp/hard/crt0.o (atexit)
/usr/lib/gcc/arm-none-eabi/13.2.0/../../../../arm-none-eabi/lib/thumb/v7e-m+fp/hard/libc_nano.a(libc_a-exit.o)
                              /usr/lib/gcc/arm-none-eabi/13.2.0/../../../../arm-none-eabi/lib/thumb/v7e-m+fp/hard/crt0.o (exit)
/usr/lib/gcc/arm-none-eabi/13.2.0/../../../../arm-none-eabi/lib/thumb/v7e-m+fp/hard/libc_nano.a(libc_a-findfp.o)
                              /usr/lib/gcc/arm-none-eabi/13.2.0/../../../../arm-none-eabi/lib/thumb/v7e-m+fp/hard/libc_nano.a(libc_a-exit.o) (__stdio_exit_handler)
/usr/lib/gcc/arm-none-eabi/13.2.0/../../../../arm-none-eabi/lib/thumb/v7e-m+fp/hard/libc_nano.a(libc_a-fwalk.o)
                              /usr/lib/gcc/arm-none-eabi/13.2.0/../../../../arm-none-eabi/lib/thumb/v7e-m+fp/hard/libc_nano.a(libc_a-findfp.o) (_fwalk_sglue)
/usr/lib/gcc/arm-none-eabi/13.2.0/../../../../arm-none-eabi/lib/thumb/v7e-m+fp/hard/libc_nano.a(libc_a-stdio.o)
                              /usr/lib/gcc/arm-none-eabi/13.2.0/../../../../arm-none-eabi/lib/thumb/v7e-m+fp/hard/libc_nano.a(libc_a-findfp.o) (__sread)
/usr/lib/gcc/arm-none-eabi/13.2.0/../../../../arm-none-eabi/lib/thumb/v7e-m+fp/hard/libc_nano.a(libc_a-memset.o)
                              /usr/lib/gcc/arm-none-eabi/13.2.0/../../../../arm-none-eabi/lib/thumb/v7e-m+fp/hard/crt0.o (memset)
/usr/lib/gcc/arm-none-eabi/13.2.0/../../../../arm-none-eabi/lib/thumb/v7e-m+fp/hard/libc_nano.a(libc_a-closer.o)
                              /usr/lib/gcc/arm-none-eabi/13.2.0/../../../../arm-none-eabi/lib/thumb/v7e-m+fp/hard/libc_nano.a(libc_a-stdio.o) (_close_r)
/usr/lib/gcc/arm-none-eabi/13.2.0/../../../../arm-none-eabi/lib/thumb/v7e-m+fp/hard/libc_nano.a(libc_a-reent.o)
                              /usr/lib/gcc/arm-none-eabi/13.2.0/../../../../arm-none-eabi/lib/thumb/v7e-m+fp/hard/libc_nano.a(libc_a-closer.o) (errno)
/usr/lib/gcc/arm-none-eabi/13.2.0/../../../../arm-none-eabi/lib/thumb/v7e-m+fp/hard/libc_nano.a(libc_a-impure.o)
                              /usr/lib/gcc/arm-none-eabi/13.2.0/../../../../arm-none-eabi/lib/thumb/v7e-m+fp/hard/libc_nano.a(libc_a-reent.o) (_impure_ptr)
/usr/lib/gcc/arm-none-eabi/13.2.0/../../../../arm-none-eabi/lib/thumb/v7e-m+fp/hard/libc_nano.a(libc_a-lseekr.o)
                              /usr/lib/gcc/arm-none-eabi/13.2.0/../../../../arm-none-eabi/lib/thumb/v7e-m+fp/hard/libc_nano.a(libc_a-stdio.o) (_lseek_r)
/usr/lib/gcc/arm-none-eabi/13.2.0/../../../../arm-none-eabi/lib/thumb/v7e-m+fp/hard/libc_nano.a(libc_a-readr.o)
                              /usr/lib/gcc/arm-none-eabi/13.2.0/../../../../arm-none-eabi/lib/thumb/v7e-m+fp/hard/libc_nano.a(libc_a-stdio.o) (_read_r)
/usr/lib/gcc/arm-none-eabi/13.2.0/../../../../arm-none-eabi/lib/thumb/v7e-m+fp/hard/libc_nano.a(libc_a-writer.o)
                              /usr/lib/gcc/arm-none-eabi/13.2.0/../../../../arm-none-eabi/lib/thumb/v7e-m+fp/hard/libc_nano.a(libc_a-stdio.o) (_write_r)
/usr/lib/gcc/arm-none-eabi/13.2.0/../../../../arm-none-eabi/lib/thumb/v7e-m+fp/hard/libc_nano.a(libc_a-init.o)
                              /usr/lib/gcc/arm-none-eabi/13.2.0/../../../../arm-none-eabi/lib/thumb/v7e-m+fp/hard/crt0.o (__libc_init_array)
/usr/lib/gcc/arm-none-eabi/13.2.0/../../../../arm-none-eabi/lib/thumb/v7e-m+fp/hard/libc_nano.a(libc_a-fini.o)
                              /usr/lib/gcc/arm-none-eabi/13.2.0/../../../../arm-none-eabi/lib/thumb/v7e-m+fp/hard/crt0.o (__libc_fini_array)
/usr/lib/gcc/arm-none-eabi/13.2.0/../../../../arm-none-eabi/lib/thumb/v7e-m+fp/hard/libc_nano.a(libc_a-lock.o)
                              /usr/lib/gcc/arm-none-eabi/13.2.0/../../../../arm-none-eabi/lib/thumb/v7e-m+fp/hard/libc_nano.a(libc_a-findfp.o) (__retarget_lock_init_recursive)
/usr/lib/gcc/arm-none-eabi/13.2.0/../../../../arm-none-eabi/lib/thumb/v7e-m+fp/hard/libc_nano.a(libc_a-__atexit.o)
                              /usr/lib/gcc/arm-none-eabi/13.2.0/../../../../arm-none-eabi/lib/thumb/v7e-m+fp/hard/libc_nano.a(libc_a-atexit.o) (__register_exitproc)
/usr/lib/gcc/arm-none-eabi/13.2.0/../../../../arm-none-eabi/lib/thumb/v7e-m+fp/hard/libc_nano.a(libc_a-__call_atexit.o)
                              /usr/lib/gcc/arm-none-eabi/13.2.0/../../../../arm-none-eabi/lib/thumb/v7e-m+fp/hard/libc_nano.a(libc_a-__atexit.o) (__call_exitprocs)
/usr/lib/gcc/arm-none-eabi/13.2.0/../../../../arm-none-eabi/lib/thumb/v7e-m+fp/hard/libc_nano.a(libc_a-freer.o)
                              /usr/lib/gcc/arm-none-eabi/13.2.0/../../../../arm-none-eabi/lib/thumb/v7e-m+fp/hard/libc_nano.a(libc_a-reent.o) (_free_r)
/usr/lib/gcc/arm-none-eabi/13.2.0/../../../../arm-none-eabi/lib/thumb/v7e-m+fp/hard/libc_nano.a(libc_a-mallocr.o)
[...]
Memory Configuration

Name             Origin             Length             Attributes
FLASH            0x08100000         0x00100000         xr
RAM              0x10000000         0x00048000         xrw
*default*        0x00000000         0xffffffff

Linker script and memory map

LOAD /usr/lib/gcc/arm-none-eabi/13.2.0/thumb/v7e-m+fp/hard/crti.o
LOAD /usr/lib/gcc/arm-none-eabi/13.2.0/thumb/v7e-m+fp/hard/crtbegin.o
LOAD /usr/lib/gcc/arm-none-eabi/13.2.0/../../../../arm-none-eabi/lib/thumb/v7e-m+fp/hard/crt0.o
LOAD build/main.o
LOAD build/stm32h7xx_it.o
LOAD build/stm32h7xx_hal_msp.o
LOAD build/stm32h7xx_hal_cortex.o
LOAD build/stm32h7xx_hal_tim.o
LOAD build/stm32h7xx_hal_tim_ex.o
LOAD build/stm32h7xx_hal_rcc.o
LOAD build/stm32h7xx_hal_rcc_ex.o
LOAD build/stm32h7xx_hal_flash.o
LOAD build/stm32h7xx_hal_flash_ex.o
LOAD build/stm32h7xx_hal_gpio.o
LOAD build/stm32h7xx_hal_hsem.o
LOAD build/stm32h7xx_hal_dma.o
LOAD build/stm32h7xx_hal_dma_ex.o
LOAD build/stm32h7xx_hal_mdma.o
LOAD build/stm32h7xx_hal_pwr.o
LOAD build/stm32h7xx_hal_pwr_ex.o
LOAD build/stm32h7xx_hal.o
LOAD build/stm32h7xx_hal_i2c.o
LOAD build/stm32h7xx_hal_i2c_ex.o
LOAD build/stm32h7xx_hal_exti.o
LOAD build/system_stm32h7xx_dualcore_boot_cm4_cm7.o
LOAD build/startup_stm32h755xx_CM4.o
LOAD /usr/lib/gcc/arm-none-eabi/13.2.0/../../../../arm-none-eabi/lib/thumb/v7e-m+fp/hard/libc_nano.a
LOAD /usr/lib/gcc/arm-none-eabi/13.2.0/../../../../arm-none-eabi/lib/thumb/v7e-m+fp/hard/libm.a
LOAD /usr/lib/gcc/arm-none-eabi/13.2.0/../../../../arm-none-eabi/lib/thumb/v7e-m+fp/hard/libnosys.a
START GROUP
LOAD /usr/lib/gcc/arm-none-eabi/13.2.0/thumb/v7e-m+fp/hard/libgcc.a
LOAD /usr/lib/gcc/arm-none-eabi/13.2.0/../../../../arm-none-eabi/lib/thumb/v7e-m+fp/hard/libc_nano.a
END GROUP
START GROUP
LOAD /usr/lib/gcc/arm-none-eabi/13.2.0/thumb/v7e-m+fp/hard/libgcc.a
LOAD /usr/lib/gcc/arm-none-eabi/13.2.0/../../../../arm-none-eabi/lib/thumb/v7e-m+fp/hard/libc_nano.a
END GROUP
LOAD /usr/lib/gcc/arm-none-eabi/13.2.0/thumb/v7e-m+fp/hard/crtend.o
LOAD /usr/lib/gcc/arm-none-eabi/13.2.0/thumb/v7e-m+fp/hard/crtn.o
                0x10048000                        _estack = 0x10048000
                0x00000200                        _Min_Heap_Size = 0x200
                0x00000400                        _Min_Stack_Size = 0x400

.isr_vector     0x08100000      0x298
                0x08100000                        . = ALIGN (0x4)
 *(.isr_vector)
 .isr_vector    0x08100000      0x298 build/startup_stm32h755xx_CM4.o
                0x08100000                g_pfnVectors
                0x08100298                        . = ALIGN (0x4)

.text           0x08100298      0x670
                0x08100298                        . = ALIGN (0x4)
 *(.text)
 *(.text*)
 .text.__do_global_dtors_aux
                0x08100298       0x24 /usr/lib/gcc/arm-none-eabi/13.2.0/thumb/v7e-m+fp/hard/crtbegin.o
 .text.frame_dummy
                0x081002bc       0x1c /usr/lib/gcc/arm-none-eabi/13.2.0/thumb/v7e-m+fp/hard/crtbegin.o
 .text.main     0x081002d8       0x70 build/main.o
                0x081002d8                main
 .text.NMI_Handler
                0x08100348        0x2 build/stm32h7xx_it.o
                0x08100348                NMI_Handler
 .text.HardFault_Handler
                0x0810034a        0x2 build/stm32h7xx_it.o
                0x0810034a                HardFault_Handler
 .text.MemManage_Handler
                0x0810034c        0x2 build/stm32h7xx_it.o
                0x0810034c                MemManage_Handler
 .text.BusFault_Handler
                0x0810034e        0x2 build/stm32h7xx_it.o
                0x0810034e                BusFault_Handler
 .text.UsageFault_Handler
                0x08100350        0x2 build/stm32h7xx_it.o
                0x08100350                UsageFault_Handler
 .text.SVC_Handler
                0x08100352        0x2 build/stm32h7xx_it.o
                0x08100352                SVC_Handler
 .text.DebugMon_Handler
                0x08100354        0x2 build/stm32h7xx_it.o
                0x08100354                DebugMon_Handler
 .text.PendSV_Handler
                0x08100356        0x2 build/stm32h7xx_it.o
                0x08100356                PendSV_Handler
 .text.SysTick_Handler
                0x08100358        0x8 build/stm32h7xx_it.o
                0x08100358                SysTick_Handler
 .text.HAL_MspInit
                0x08100360       0x24 build/stm32h7xx_hal_msp.o
                0x08100360                HAL_MspInit
 .text.__NVIC_SetPriority
                0x08100384       0x24 build/stm32h7xx_hal_cortex.o
 .text.NVIC_EncodePriority
                0x081003a8       0x3e build/stm32h7xx_hal_cortex.o
 *fill*         0x081003e6        0x2 
 .text.HAL_NVIC_SetPriorityGrouping
                0x081003e8       0x24 build/stm32h7xx_hal_cortex.o
                0x081003e8                HAL_NVIC_SetPriorityGrouping
 .text.HAL_NVIC_SetPriority
                0x0810040c       0x20 build/stm32h7xx_hal_cortex.o
                0x0810040c                HAL_NVIC_SetPriority
 .text.HAL_SYSTICK_Config
                0x0810042c       0x28 build/stm32h7xx_hal_cortex.o
                0x0810042c                HAL_SYSTICK_Config
 .text.HAL_GetCurrentCPUID
                0x08100454       0x18 build/stm32h7xx_hal_cortex.o
                0x08100454                HAL_GetCurrentCPUID
 .text.HAL_RCC_GetSysClockFreq
                0x0810046c      0x1f8 build/stm32h7xx_hal_rcc.o
                0x0810046c                HAL_RCC_GetSysClockFreq
 .text.HAL_HSEM_ActivateNotification
                0x08100664       0x10 build/stm32h7xx_hal_hsem.o
                0x08100664                HAL_HSEM_ActivateNotification
 .text.HAL_PWREx_EnterSTOPMode
                0x08100674       0xb0 build/stm32h7xx_hal_pwr_ex.o
                0x08100674                HAL_PWREx_EnterSTOPMode
 .text.HAL_PWREx_ClearPendingEvent
                0x08100724       0x14 build/stm32h7xx_hal_pwr_ex.o
                0x08100724                HAL_PWREx_ClearPendingEvent
 .text.HAL_InitTick
                0x08100738       0x50 build/stm32h7xx_hal.o
                0x08100738                HAL_InitTick
 .text.HAL_Init
                0x08100788       0x98 build/stm32h7xx_hal.o
                0x08100788                HAL_Init
 .text.HAL_IncTick
                0x08100820       0x18 build/stm32h7xx_hal.o
                0x08100820                HAL_IncTick
 .text.SystemInit
                0x08100838       0x1c build/system_stm32h7xx_dualcore_boot_cm4_cm7.o
                0x08100838                SystemInit
 .text.Reset_Handler
                0x08100854       0x50 build/startup_stm32h755xx_CM4.o
                0x08100854                Reset_Handler
 .text.Default_Handler
                0x081008a4        0x2 build/startup_stm32h755xx_CM4.o
                0x081008a4                RTC_Alarm_IRQHandler
                0x081008a4                HASH_RNG_IRQHandler
                0x081008a4                EXTI2_IRQHandler
                0x081008a4                TIM8_CC_IRQHandler
                0x081008a4                HRTIM1_Master_IRQHandler
                0x081008a4                UART8_IRQHandler
                0x081008a4                SPI4_IRQHandler
                0x081008a4                TIM1_CC_IRQHandler
                0x081008a4                BDMA_Channel6_IRQHandler
                0x081008a4                DMA2_Stream5_IRQHandler
                0x081008a4                HRTIM1_FLT_IRQHandler
                0x081008a4                JPEG_IRQHandler
                0x081008a4                DMA1_Stream5_IRQHandler
                0x081008a4                BDMA_Channel1_IRQHandler
                0x081008a4                HRTIM1_TIMD_IRQHandler
                0x081008a4                TAMP_STAMP_IRQHandler
                0x081008a4                EXTI3_IRQHandler
                0x081008a4                LPTIM4_IRQHandler
                0x081008a4                TIM8_TRG_COM_TIM14_IRQHandler
                0x081008a4                LPTIM2_IRQHandler
                0x081008a4                DFSDM1_FLT1_IRQHandler
                0x081008a4                DMAMUX2_OVR_IRQHandler
                0x081008a4                TIM8_UP_TIM13_IRQHandler
                0x081008a4                I2C3_ER_IRQHandler
                0x081008a4                DFSDM1_FLT2_IRQHandler
                0x081008a4                MDMA_IRQHandler
                0x081008a4                LPTIM3_IRQHandler
                0x081008a4                HSEM1_IRQHandler
                0x081008a4                EXTI0_IRQHandler
                0x081008a4                I2C2_EV_IRQHandler
                0x081008a4                DMA1_Stream2_IRQHandler
                0x081008a4                FPU_IRQHandler
                0x081008a4                OTG_HS_WKUP_IRQHandler
                0x081008a4                FDCAN1_IT1_IRQHandler
                0x081008a4                LTDC_ER_IRQHandler
                0x081008a4                DMA2_Stream2_IRQHandler
                0x081008a4                HRTIM1_TIME_IRQHandler
                0x081008a4                SPI1_IRQHandler
                0x081008a4                TIM6_DAC_IRQHandler
                0x081008a4                DCMI_IRQHandler
                0x081008a4                HRTIM1_TIMC_IRQHandler
                0x081008a4                DMA2_Stream3_IRQHandler
                0x081008a4                SAI2_IRQHandler
                0x081008a4                DFSDM1_FLT3_IRQHandler
                0x081008a4                USART6_IRQHandler
                0x081008a4                TIM17_IRQHandler
                0x081008a4                USART3_IRQHandler
                0x081008a4                BDMA_Channel7_IRQHandler
                0x081008a4                CRYP_IRQHandler
                0x081008a4                LPTIM5_IRQHandler
                0x081008a4                UART5_IRQHandler
                0x081008a4                ADC3_IRQHandler
                0x081008a4                DMA2_Stream0_IRQHandler
                0x081008a4                TIM4_IRQHandler
                0x081008a4                BDMA_Channel2_IRQHandler
                0x081008a4                QUADSPI_IRQHandler
                0x081008a4                I2C1_EV_IRQHandler
                0x081008a4                DMA1_Stream6_IRQHandler
                0x081008a4                DMAMUX1_OVR_IRQHandler
                0x081008a4                DMA1_Stream1_IRQHandler
                0x081008a4                TIM16_IRQHandler
                0x081008a4                UART4_IRQHandler
                0x081008a4                BDMA_Channel5_IRQHandler
                0x081008a4                TIM3_IRQHandler
                0x081008a4                RCC_IRQHandler
                0x081008a4                TIM8_BRK_TIM12_IRQHandler
                0x081008a4                TIM1_TRG_COM_IRQHandler
                0x081008a4                Default_Handler
                0x081008a4                ECC_IRQHandler
                0x081008a4                CEC_IRQHandler
                0x081008a4                EXTI15_10_IRQHandler
                0x081008a4                BDMA_Channel0_IRQHandler
                0x081008a4                ADC_IRQHandler
                0x081008a4                DMA1_Stream7_IRQHandler
                0x081008a4                HRTIM1_TIMA_IRQHandler
                0x081008a4                SPI5_IRQHandler
                0x081008a4                TIM7_IRQHandler
                0x081008a4                SDMMC1_IRQHandler
                0x081008a4                TIM5_IRQHandler
                0x081008a4                DMA2_Stream7_IRQHandler
                0x081008a4                TIM15_IRQHandler
                0x081008a4                PVD_AVD_IRQHandler
                0x081008a4                I2C3_EV_IRQHandler
                0x081008a4                EXTI9_5_IRQHandler
                0x081008a4                RTC_WKUP_IRQHandler
                0x081008a4                LTDC_IRQHandler
                0x081008a4                SAI3_IRQHandler
                0x081008a4                ETH_WKUP_IRQHandler
                0x081008a4                SPDIF_RX_IRQHandler
                0x081008a4                SPI2_IRQHandler
                0x081008a4                OTG_HS_EP1_IN_IRQHandler
                0x081008a4                DMA1_Stream0_IRQHandler
                0x081008a4                CRS_IRQHandler
                0x081008a4                CM7_SEV_IRQHandler
                0x081008a4                EXTI4_IRQHandler
                0x081008a4                CM4_SEV_IRQHandler
                0x081008a4                HRTIM1_TIMB_IRQHandler
                0x081008a4                FDCAN2_IT1_IRQHandler
                0x081008a4                ETH_IRQHandler
                0x081008a4                TIM1_UP_IRQHandler
                0x081008a4                WWDG_RST_IRQHandler
                0x081008a4                BDMA_Channel4_IRQHandler
                0x081008a4                OTG_HS_EP1_OUT_IRQHandler
                0x081008a4                WWDG_IRQHandler
                0x081008a4                SPI6_IRQHandler
                0x081008a4                MDIOS_IRQHandler
                0x081008a4                I2C4_EV_IRQHandler
                0x081008a4                FDCAN2_IT0_IRQHandler
                0x081008a4                LPUART1_IRQHandler
                0x081008a4                FDCAN1_IT0_IRQHandler
                0x081008a4                TIM2_IRQHandler
                0x081008a4                OTG_FS_WKUP_IRQHandler
                0x081008a4                OTG_HS_IRQHandler
                0x081008a4                HSEM2_IRQHandler
                0x081008a4                DMA2D_IRQHandler
                0x081008a4                TIM1_BRK_IRQHandler
                0x081008a4                EXTI1_IRQHandler
                0x081008a4                SDMMC2_IRQHandler
                0x081008a4                OTG_FS_EP1_OUT_IRQHandler
                0x081008a4                BDMA_Channel3_IRQHandler
                0x081008a4                HOLD_CORE_IRQHandler
                0x081008a4                UART7_IRQHandler
                0x081008a4                MDIOS_WKUP_IRQHandler
                0x081008a4                USART2_IRQHandler
                0x081008a4                DFSDM1_FLT0_IRQHandler
                0x081008a4                SAI4_IRQHandler
                0x081008a4                I2C2_ER_IRQHandler
                0x081008a4                DMA2_Stream1_IRQHandler
                0x081008a4                FLASH_IRQHandler
                0x081008a4                DMA2_Stream4_IRQHandler
                0x081008a4                USART1_IRQHandler
                0x081008a4                OTG_FS_IRQHandler
                0x081008a4                SPI3_IRQHandler
                0x081008a4                WAKEUP_PIN_IRQHandler
                0x081008a4                DMA1_Stream4_IRQHandler
                0x081008a4                OTG_FS_EP1_IN_IRQHandler
                0x081008a4                I2C1_ER_IRQHandler
                0x081008a4                FMC_IRQHandler
                0x081008a4                FDCAN_CAL_IRQHandler
                0x081008a4                SWPMI1_IRQHandler
                0x081008a4                COMP1_IRQHandler
                0x081008a4                LPTIM1_IRQHandler
                0x081008a4                I2C4_ER_IRQHandler
                0x081008a4                DMA2_Stream6_IRQHandler
                0x081008a4                SAI1_IRQHandler
                0x081008a4                DMA1_Stream3_IRQHandler
 *fill*         0x081008a6        0x2 
 .text.__libc_init_array
                0x081008a8       0x48 /usr/lib/gcc/arm-none-eabi/13.2.0/../../../../arm-none-eabi/lib/thumb/v7e-m+fp/hard/libc_nano.a(libc_a-init.o)
                0x081008a8                __libc_init_array
 *(.glue_7)
 .glue_7        0x081008f0        0x0 linker stubs
 *(.glue_7t)
 .glue_7t       0x081008f0        0x0 linker stubs
 *(.eh_frame)
 .eh_frame      0x081008f0        0x0 /usr/lib/gcc/arm-none-eabi/13.2.0/thumb/v7e-m+fp/hard/crtbegin.o
 *(.init)
 .init          0x081008f0        0x4 /usr/lib/gcc/arm-none-eabi/13.2.0/thumb/v7e-m+fp/hard/crti.o
                0x081008f0                _init
 .init          0x081008f4        0x8 /usr/lib/gcc/arm-none-eabi/13.2.0/thumb/v7e-m+fp/hard/crtn.o
 *(.fini)
 .fini          0x081008fc        0x4 /usr/lib/gcc/arm-none-eabi/13.2.0/thumb/v7e-m+fp/hard/crti.o
                0x081008fc                _fini
 .fini          0x08100900        0x8 /usr/lib/gcc/arm-none-eabi/13.2.0/thumb/v7e-m+fp/hard/crtn.o
                0x08100908                        . = ALIGN (0x4)
                0x08100908                        _etext = .

.vfp11_veneer   0x08100908        0x0
 .vfp11_veneer  0x08100908        0x0 linker stubs

.v4_bx          0x08100908        0x0
 .v4_bx         0x08100908        0x0 linker stubs

.iplt           0x08100908        0x0
 .iplt          0x08100908        0x0 /usr/lib/gcc/arm-none-eabi/13.2.0/thumb/v7e-m+fp/hard/crtbegin.o

.rodata         0x08100908       0x10
                0x08100908                        . = ALIGN (0x4)
 *(.rodata)
 *(.rodata*)
 .rodata.D1CorePrescTable
                0x08100908       0x10 build/system_stm32h7xx_dualcore_boot_cm4_cm7.o
                0x08100908                D1CorePrescTable
                0x08100918                        . = ALIGN (0x4)

.rel.dyn        0x08100918        0x0
 .rel.iplt      0x08100918        0x0 /usr/lib/gcc/arm-none-eabi/13.2.0/thumb/v7e-m+fp/hard/crtbegin.o

.ARM.extab
 *(.ARM.extab* .gnu.linkonce.armextab.*)

.ARM            0x08100918        0x0
                0x08100918                        __exidx_start = .
 *(.ARM.exidx*)
                0x08100918                        __exidx_end = .

.preinit_array  0x08100918        0x0
                0x08100918                        PROVIDE (__preinit_array_start = .)
 *(.preinit_array*)
                0x08100918                        PROVIDE (__preinit_array_end = .)

.init_array     0x08100918        0x4
                0x08100918                        PROVIDE (__init_array_start = .)
 *(SORT_BY_NAME(.init_array.*))
 *(.init_array*)
 .init_array    0x08100918        0x4 /usr/lib/gcc/arm-none-eabi/13.2.0/thumb/v7e-m+fp/hard/crtbegin.o
                0x0810091c                        PROVIDE (__init_array_end = .)

.fini_array     0x0810091c        0x4
                0x0810091c                        PROVIDE (__fini_array_start = .)
 *(SORT_BY_NAME(.fini_array.*))
 *(.fini_array*)
 .fini_array    0x0810091c        0x4 /usr/lib/gcc/arm-none-eabi/13.2.0/thumb/v7e-m+fp/hard/crtbegin.o
                0x08100920                        PROVIDE (__fini_array_end = .)
                0x08100920                        _sidata = LOADADDR (.data)

.data           0x10000000       0x10 load address 0x08100920
                0x10000000                        . = ALIGN (0x4)
                0x10000000                        _sdata = .
 *(.data)
 *(.data*)
 .data.uwTickFreq
                0x10000000        0x1 build/stm32h7xx_hal.o
                0x10000000                uwTickFreq
 *fill*         0x10000001        0x3 
 .data.uwTickPrio
                0x10000004        0x4 build/stm32h7xx_hal.o
                0x10000004                uwTickPrio
 .data.SystemD2Clock
                0x10000008        0x4 build/system_stm32h7xx_dualcore_boot_cm4_cm7.o
                0x10000008                SystemD2Clock
 .data.SystemCoreClock
                0x1000000c        0x4 build/system_stm32h7xx_dualcore_boot_cm4_cm7.o
                0x1000000c                SystemCoreClock
                0x10000010                        . = ALIGN (0x4)
                0x10000010                        _edata = .

.igot.plt       0x10000010        0x0 load address 0x08100930
 .igot.plt      0x10000010        0x0 /usr/lib/gcc/arm-none-eabi/13.2.0/thumb/v7e-m+fp/hard/crtbegin.o
                0x10000010                        . = ALIGN (0x4)

.bss            0x10000010       0x20 load address 0x08100930
                0x10000010                        _sbss = .
                0x10000010                        __bss_start__ = _sbss
 *(.bss)
 *(.bss*)
 .bss.completed.1
                0x10000010        0x1 /usr/lib/gcc/arm-none-eabi/13.2.0/thumb/v7e-m+fp/hard/crtbegin.o
 *fill*         0x10000011        0x3 
 .bss.object.0  0x10000014       0x18 /usr/lib/gcc/arm-none-eabi/13.2.0/thumb/v7e-m+fp/hard/crtbegin.o
 .bss.uwTick    0x1000002c        0x4 build/stm32h7xx_hal.o
                0x1000002c                uwTick
 *(COMMON)
                0x10000030                        . = ALIGN (0x4)
                0x10000030                        _ebss = .
                0x10000030                        __bss_end__ = _ebss

._user_heap_stack
                0x10000030      0x600 load address 0x08100930
                0x10000030                        . = ALIGN (0x8)
                0x10000030                        PROVIDE (end = .)
                [!provide]                        PROVIDE (_end = .)
                0x10000230                        . = (. + _Min_Heap_Size)
 *fill*         0x10000030      0x200 
                0x10000630                        . = (. + _Min_Stack_Size)
 *fill*         0x10000230      0x400 
                0x10000630                        . = ALIGN (0x8)

/DISCARD/
 libc.a(*)
 libm.a(*)
 libgcc.a(*)

.ARM.attributes
                0x00000000       0x30
 *(.ARM.attributes)
 .ARM.attributes
                0x00000000       0x22 /usr/lib/gcc/arm-none-eabi/13.2.0/thumb/v7e-m+fp/hard/crti.o
 .ARM.attributes
                0x00000022       0x34 /usr/lib/gcc/arm-none-eabi/13.2.0/thumb/v7e-m+fp/hard/crtbegin.o
 .ARM.attributes
                0x00000056       0x34 build/main.o
 .ARM.attributes
                0x0000008a       0x34 build/stm32h7xx_it.o
 .ARM.attributes
                0x000000be       0x34 build/stm32h7xx_hal_msp.o
 .ARM.attributes
                0x000000f2       0x34 build/stm32h7xx_hal_cortex.o
 .ARM.attributes
                0x00000126       0x34 build/stm32h7xx_hal_rcc.o
 .ARM.attributes
                0x0000015a       0x34 build/stm32h7xx_hal_hsem.o
 .ARM.attributes
                0x0000018e       0x34 build/stm32h7xx_hal_pwr_ex.o
 .ARM.attributes
                0x000001c2       0x34 build/stm32h7xx_hal.o
 .ARM.attributes
                0x000001f6       0x34 build/system_stm32h7xx_dualcore_boot_cm4_cm7.o
 .ARM.attributes
                0x0000022a       0x21 build/startup_stm32h755xx_CM4.o
 .ARM.attributes
                0x0000024b       0x34 /usr/lib/gcc/arm-none-eabi/13.2.0/../../../../arm-none-eabi/lib/thumb/v7e-m+fp/hard/libc_nano.a(libc_a-init.o)
 .ARM.attributes
                0x0000027f       0x22 /usr/lib/gcc/arm-none-eabi/13.2.0/thumb/v7e-m+fp/hard/crtn.o
OUTPUT(build/robot_CM4.elf elf32-littlearm)
LOAD linker stubs
LOAD /usr/lib/gcc/arm-none-eabi/13.2.0/../../../../arm-none-eabi/lib/thumb/v7e-m+fp/hard/libc.a
LOAD /usr/lib/gcc/arm-none-eabi/13.2.0/../../../../arm-none-eabi/lib/thumb/v7e-m+fp/hard/libm.a
LOAD /usr/lib/gcc/arm-none-eabi/13.2.0/thumb/v7e-m+fp/hard/libgcc.a

.debug_info     0x00000000     0x7646
 .debug_info    0x00000000      0x964 build/main.o
 .debug_info    0x00000964      0x16d build/stm32h7xx_it.o
 .debug_info    0x00000ad1      0x543 build/stm32h7xx_hal_msp.o
 .debug_info    0x00001014     0x1329 build/stm32h7xx_hal_cortex.o
 .debug_info    0x0000233d     0x1401 build/stm32h7xx_hal_rcc.o
 .debug_info    0x0000373e      0x46d build/stm32h7xx_hal_hsem.o
 .debug_info    0x00003bab     0x14cf build/stm32h7xx_hal_pwr_ex.o
 .debug_info    0x0000507a     0x1c17 build/stm32h7xx_hal.o
 .debug_info    0x00006c91      0x87a build/system_stm32h7xx_dualcore_boot_cm4_cm7.o
 .debug_info    0x0000750b       0x30 build/startup_stm32h755xx_CM4.o
 .debug_info    0x0000753b      0x10b /usr/lib/gcc/arm-none-eabi/13.2.0/../../../../arm-none-eabi/lib/thumb/v7e-m+fp/hard/libc_nano.a(libc_a-init.o)

.debug_abbrev   0x00000000     0x1338
 .debug_abbrev  0x00000000      0x1c0 build/main.o
 .debug_abbrev  0x000001c0       0x80 build/stm32h7xx_it.o
 .debug_abbrev  0x00000240       0xc8 build/stm32h7xx_hal_msp.o
 .debug_abbrev  0x00000308      0x3e6 build/stm32h7xx_hal_cortex.o
 .debug_abbrev  0x000006ee      0x29b build/stm32h7xx_hal_rcc.o
 .debug_abbrev  0x00000989      0x1e3 build/stm32h7xx_hal_hsem.o
 .debug_abbrev  0x00000b6c      0x2ef build/stm32h7xx_hal_pwr_ex.o
 .debug_abbrev  0x00000e5b      0x2cd build/stm32h7xx_hal.o
 .debug_abbrev  0x00001128      0x12a build/system_stm32h7xx_dualcore_boot_cm4_cm7.o
 .debug_abbrev  0x00001252       0x1d build/startup_stm32h755xx_CM4.o
 .debug_abbrev  0x0000126f       0xc9 /usr/lib/gcc/arm-none-eabi/13.2.0/../../../../arm-none-eabi/lib/thumb/v7e-m+fp/hard/libc_nano.a(libc_a-init.o)

.debug_loc      0x00000000     0x27bb
 .debug_loc     0x00000000       0x2c build/main.o
 .debug_loc     0x0000002c       0x20 build/stm32h7xx_it.o
 .debug_loc     0x0000004c       0x2c build/stm32h7xx_hal_msp.o
 .debug_loc     0x00000078      0x898 build/stm32h7xx_hal_cortex.o
 .debug_loc     0x00000910      0xb0a build/stm32h7xx_hal_rcc.o
 .debug_loc     0x0000141a      0x161 build/stm32h7xx_hal_hsem.o
 .debug_loc     0x0000157b      0x8f5 build/stm32h7xx_hal_pwr_ex.o
 .debug_loc     0x00001e70      0x71e build/stm32h7xx_hal.o
 .debug_loc     0x0000258e      0x22d build/system_stm32h7xx_dualcore_boot_cm4_cm7.o

.debug_aranges  0x00000000      0x668
 .debug_aranges
                0x00000000       0x28 build/main.o
 .debug_aranges
                0x00000028       0x60 build/stm32h7xx_it.o
 .debug_aranges
                0x00000088       0x20 build/stm32h7xx_hal_msp.o
 .debug_aranges
                0x000000a8       0xe8 build/stm32h7xx_hal_cortex.o
 .debug_aranges
                0x00000190       0x88 build/stm32h7xx_hal_rcc.o
 .debug_aranges
                0x00000218       0x70 build/stm32h7xx_hal_hsem.o
 .debug_aranges
                0x00000288      0x170 build/stm32h7xx_hal_pwr_ex.o
 .debug_aranges
                0x000003f8      0x200 build/stm32h7xx_hal.o
 .debug_aranges
                0x000005f8       0x28 build/system_stm32h7xx_dualcore_boot_cm4_cm7.o
 .debug_aranges
                0x00000620       0x28 build/startup_stm32h755xx_CM4.o
 .debug_aranges
                0x00000648       0x20 /usr/lib/gcc/arm-none-eabi/13.2.0/../../../../arm-none-eabi/lib/thumb/v7e-m+fp/hard/libc_nano.a(libc_a-init.o)

.debug_ranges   0x00000000      0x680
 .debug_ranges  0x00000000       0x18 build/main.o
 .debug_ranges  0x00000018       0x50 build/stm32h7xx_it.o
 .debug_ranges  0x00000068       0x10 build/stm32h7xx_hal_msp.o
 .debug_ranges  0x00000078       0xd8 build/stm32h7xx_hal_cortex.o
 .debug_ranges  0x00000150       0xe8 build/stm32h7xx_hal_rcc.o
 .debug_ranges  0x00000238       0x60 build/stm32h7xx_hal_hsem.o
 .debug_ranges  0x00000298      0x1c0 build/stm32h7xx_hal_pwr_ex.o
 .debug_ranges  0x00000458      0x1f0 build/stm32h7xx_hal.o
 .debug_ranges  0x00000648       0x18 build/system_stm32h7xx_dualcore_boot_cm4_cm7.o
 .debug_ranges  0x00000660       0x20 build/startup_stm32h755xx_CM4.o

.debug_line     0x00000000     0x3dda
 .debug_line    0x00000000      0x1fb build/main.o
 .debug_line    0x000001fb      0x14d build/stm32h7xx_it.o
 .debug_line    0x00000348      0x109 build/stm32h7xx_hal_msp.o
 .debug_line    0x00000451      0x7d2 build/stm32h7xx_hal_cortex.o
 .debug_line    0x00000c23     0x1349 build/stm32h7xx_hal_rcc.o
 .debug_line    0x00001f6c      0x2da build/stm32h7xx_hal_hsem.o
 .debug_line    0x00002246      0xc8a build/stm32h7xx_hal_pwr_ex.o
 .debug_line    0x00002ed0      0xa30 build/stm32h7xx_hal.o
 .debug_line    0x00003900      0x32e build/system_stm32h7xx_dualcore_boot_cm4_cm7.o
 .debug_line    0x00003c2e       0x77 build/startup_stm32h755xx_CM4.o
 .debug_line    0x00003ca5      0x135 /usr/lib/gcc/arm-none-eabi/13.2.0/../../../../arm-none-eabi/lib/thumb/v7e-m+fp/hard/libc_nano.a(libc_a-init.o)

.debug_str      0x00000000     0x2ac4
 .debug_str     0x00000000     0x2ac4 build/main.o
                                0x52c (size before relaxing)
 .debug_str     0x00002ac4      0x221 build/stm32h7xx_it.o
 .debug_str     0x00002ac4      0x3d4 build/stm32h7xx_hal_msp.o
 .debug_str     0x00002ac4      0xfa9 build/stm32h7xx_hal_cortex.o
 .debug_str     0x00002ac4      0xa0b build/stm32h7xx_hal_rcc.o
 .debug_str     0x00002ac4      0x365 build/stm32h7xx_hal_hsem.o
 .debug_str     0x00002ac4      0xa32 build/stm32h7xx_hal_pwr_ex.o
 .debug_str     0x00002ac4     0x16d0 build/stm32h7xx_hal.o
 .debug_str     0x00002ac4      0x4e5 build/system_stm32h7xx_dualcore_boot_cm4_cm7.o
 .debug_str     0x00002ac4       0x63 build/startup_stm32h755xx_CM4.o
 .debug_str     0x00002ac4      0x220 /usr/lib/gcc/arm-none-eabi/13.2.0/../../../../arm-none-eabi/lib/thumb/v7e-m+fp/hard/libc_nano.a(libc_a-init.o)

.comment        0x00000000       0x3c
 .comment       0x00000000       0x3c build/main.o
                                 0x1f (size before relaxing)
 .comment       0x0000003c       0x1f build/stm32h7xx_it.o
 .comment       0x0000003c       0x1f build/stm32h7xx_hal_msp.o
 .comment       0x0000003c       0x1f build/stm32h7xx_hal_cortex.o
 .comment       0x0000003c       0x1f build/stm32h7xx_hal_rcc.o
 .comment       0x0000003c       0x1f build/stm32h7xx_hal_hsem.o
 .comment       0x0000003c       0x1f build/stm32h7xx_hal_pwr_ex.o
 .comment       0x0000003c       0x1f build/stm32h7xx_hal.o
 .comment       0x0000003c       0x1f build/system_stm32h7xx_dualcore_boot_cm4_cm7.o
 .comment       0x0000003c       0x1f /usr/lib/gcc/arm-none-eabi/13.2.0/../../../../arm-none-eabi/lib/thumb/v7e-m+fp/hard/libc_nano.a(libc_a-init.o)

.debug_frame    0x00000000      0xd1c
 .debug_frame   0x00000000       0x38 build/main.o
 .debug_frame   0x00000038       0xa8 build/stm32h7xx_it.o
 .debug_frame   0x000000e0       0x28 build/stm32h7xx_hal_msp.o
 .debug_frame   0x00000108      0x1f4 build/stm32h7xx_hal_cortex.o
 .debug_frame   0x000002fc      0x18c build/stm32h7xx_hal_rcc.o
 .debug_frame   0x00000488       0xc8 build/stm32h7xx_hal_hsem.o
 .debug_frame   0x00000550      0x324 build/stm32h7xx_hal_pwr_ex.o
 .debug_frame   0x00000874      0x440 build/stm32h7xx_hal.o
 .debug_frame   0x00000cb4       0x3c build/system_stm32h7xx_dualcore_boot_cm4_cm7.o
 .debug_frame   0x00000cf0       0x2c /usr/lib/gcc/arm-none-eabi/13.2.0/../../../../arm-none-eabi/lib/thumb/v7e-m+fp/hard/libc_nano.a(libc_a-init.o)

.debug_loclists
                0x00000000       0x44
 .debug_loclists
                0x00000000       0x44 /usr/lib/gcc/arm-none-eabi/13.2.0/../../../../arm-none-eabi/lib/thumb/v7e-m+fp/hard/libc_nano.a(libc_a-init.o)

.debug_rnglists
                0x00000000       0x13
 .debug_rnglists
                0x00000000       0x13 /usr/lib/gcc/arm-none-eabi/13.2.0/../../../../arm-none-eabi/lib/thumb/v7e-m+fp/hard/libc_nano.a(libc_a-init.o)

Cross Reference Table

Symbol                                            File
ADC3_IRQHandler                                   build/startup_stm32h755xx_CM4.o
ADC_IRQHandler                                    build/startup_stm32h755xx_CM4.o
BDMA_Channel0_IRQHandler                          build/startup_stm32h755xx_CM4.o
BDMA_Channel1_IRQHandler                          build/startup_stm32h755xx_CM4.o
BDMA_Channel2_IRQHandler                          build/startup_stm32h755xx_CM4.o
BDMA_Channel3_IRQHandler                          build/startup_stm32h755xx_CM4.o
BDMA_Channel4_IRQHandler                          build/startup_stm32h755xx_CM4.o
BDMA_Channel5_IRQHandler                          build/startup_stm32h755xx_CM4.o
BDMA_Channel6_IRQHandler                          build/startup_stm32h755xx_CM4.o
BDMA_Channel7_IRQHandler                          build/startup_stm32h755xx_CM4.o
BusFault_Handler                                  build/stm32h7xx_it.o
CEC_IRQHandler                                    build/startup_stm32h755xx_CM4.o
CM4_SEV_IRQHandler                                build/startup_stm32h755xx_CM4.o
CM7_SEV_IRQHandler                                build/startup_stm32h755xx_CM4.o
COMP1_IRQHandler                                  build/startup_stm32h755xx_CM4.o
CRS_IRQHandler                                    build/startup_stm32h755xx_CM4.o
CRYP_IRQHandler                                   build/startup_stm32h755xx_CM4.o
D1CorePrescTable                                  build/system_stm32h7xx_dualcore_boot_cm4_cm7.o
                                                  build/stm32h7xx_hal.o
                                                  build/stm32h7xx_hal_rcc_ex.o
                                                  build/stm32h7xx_hal_rcc.o
DCMI_IRQHandler                                   build/startup_stm32h755xx_CM4.o
DFSDM1_FLT0_IRQHandler                            build/startup_stm32h755xx_CM4.o
DFSDM1_FLT1_IRQHandler                            build/startup_stm32h755xx_CM4.o
DFSDM1_FLT2_IRQHandler                            build/startup_stm32h755xx_CM4.o
DFSDM1_FLT3_IRQHandler                            build/startup_stm32h755xx_CM4.o
DMA1_Stream0_IRQHandler                           build/startup_stm32h755xx_CM4.o
DMA1_Stream1_IRQHandler                           build/startup_stm32h755xx_CM4.o
DMA1_Stream2_IRQHandler                           build/startup_stm32h755xx_CM4.o
DMA1_Stream3_IRQHandler                           build/startup_stm32h755xx_CM4.o
DMA1_Stream4_IRQHandler                           build/startup_stm32h755xx_CM4.o
DMA1_Stream5_IRQHandler                           build/startup_stm32h755xx_CM4.o
DMA1_Stream6_IRQHandler                           build/startup_stm32h755xx_CM4.o
DMA1_Stream7_IRQHandler                           build/startup_stm32h755xx_CM4.o
DMA2D_IRQHandler                                  build/startup_stm32h755xx_CM4.o
DMA2_Stream0_IRQHandler                           build/startup_stm32h755xx_CM4.o
DMA2_Stream1_IRQHandler                           build/startup_stm32h755xx_CM4.o
DMA2_Stream2_IRQHandler                           build/startup_stm32h755xx_CM4.o
DMA2_Stream3_IRQHandler                           build/startup_stm32h755xx_CM4.o
DMA2_Stream4_IRQHandler                           build/startup_stm32h755xx_CM4.o
DMA2_Stream5_IRQHandler                           build/startup_stm32h755xx_CM4.o
DMA2_Stream6_IRQHandler                           build/startup_stm32h755xx_CM4.o
DMA2_Stream7_IRQHandler                           build/startup_stm32h755xx_CM4.o
DMAMUX1_OVR_IRQHandler                            build/startup_stm32h755xx_CM4.o
DMAMUX2_OVR_IRQHandler                            build/startup_stm32h755xx_CM4.o
DebugMon_Handler                                  build/stm32h7xx_it.o
Default_Handler                                   build/startup_stm32h755xx_CM4.o
ECC_IRQHandler                                    build/startup_stm32h755xx_CM4.o
ETH_IRQHandler                                    build/startup_stm32h755xx_CM4.o
ETH_WKUP_IRQHandler                               build/startup_stm32h755xx_CM4.o
EXTI0_IRQHandler                                  build/startup_stm32h755xx_CM4.o
EXTI15_10_IRQHandler                              build/startup_stm32h755xx_CM4.o
EXTI1_IRQHandler                                  build/startup_stm32h755xx_CM4.o
EXTI2_IRQHandler                                  build/startup_stm32h755xx_CM4.o
EXTI3_IRQHandler                                  build/startup_stm32h755xx_CM4.o
EXTI4_IRQHandler                                  build/startup_stm32h755xx_CM4.o
EXTI9_5_IRQHandler                                build/startup_stm32h755xx_CM4.o
Error_Handler                                     build/main.o
FDCAN1_IT0_IRQHandler                             build/startup_stm32h755xx_CM4.o
FDCAN1_IT1_IRQHandler                             build/startup_stm32h755xx_CM4.o
FDCAN2_IT0_IRQHandler                             build/startup_stm32h755xx_CM4.o
FDCAN2_IT1_IRQHandler                             build/startup_stm32h755xx_CM4.o
FDCAN_CAL_IRQHandler                              build/startup_stm32h755xx_CM4.o
FLASH_CRC_WaitForLastOperation                    build/stm32h7xx_hal_flash.o
                                                  build/stm32h7xx_hal_flash_ex.o
FLASH_Erase_Sector                                build/stm32h7xx_hal_flash_ex.o
                                                  build/stm32h7xx_hal_flash.o
FLASH_IRQHandler                                  build/startup_stm32h755xx_CM4.o
FLASH_OB_WaitForLastOperation                     build/stm32h7xx_hal_flash.o
                                                  build/stm32h7xx_hal_flash_ex.o
FLASH_WaitForLastOperation                        build/stm32h7xx_hal_flash.o
                                                  build/stm32h7xx_hal_flash_ex.o
FMC_IRQHandler                                    build/startup_stm32h755xx_CM4.o
FPU_IRQHandler                                    build/startup_stm32h755xx_CM4.o
HAL_DBGMCU_DisableDBGSleepMode                    build/stm32h7xx_hal.o
HAL_DBGMCU_DisableDBGStandbyMode                  build/stm32h7xx_hal.o
HAL_DBGMCU_DisableDBGStopMode                     build/stm32h7xx_hal.o
HAL_DBGMCU_EnableDBGSleepMode                     build/stm32h7xx_hal.o
HAL_DBGMCU_EnableDBGStandbyMode                   build/stm32h7xx_hal.o
HAL_DBGMCU_EnableDBGStopMode                      build/stm32h7xx_hal.o
HAL_DMAEx_ChangeMemory                            build/stm32h7xx_hal_dma_ex.o
HAL_DMAEx_ConfigMuxRequestGenerator               build/stm32h7xx_hal_dma_ex.o
HAL_DMAEx_ConfigMuxSync                           build/stm32h7xx_hal_dma_ex.o
HAL_DMAEx_DisableMuxRequestGenerator              build/stm32h7xx_hal_dma_ex.o
HAL_DMAEx_EnableMuxRequestGenerator               build/stm32h7xx_hal_dma_ex.o
HAL_DMAEx_MUX_IRQHandler                          build/stm32h7xx_hal_dma_ex.o
HAL_DMAEx_MultiBufferStart                        build/stm32h7xx_hal_dma_ex.o
HAL_DMAEx_MultiBufferStart_IT                     build/stm32h7xx_hal_dma_ex.o
HAL_DMA_Abort                                     build/stm32h7xx_hal_dma.o
HAL_DMA_Abort_IT                                  build/stm32h7xx_hal_dma.o
                                                  build/stm32h7xx_hal_i2c.o
HAL_DMA_DeInit                                    build/stm32h7xx_hal_dma.o
HAL_DMA_GetError                                  build/stm32h7xx_hal_dma.o
                                                  build/stm32h7xx_hal_i2c.o
HAL_DMA_GetState                                  build/stm32h7xx_hal_dma.o
                                                  build/stm32h7xx_hal_i2c.o
HAL_DMA_IRQHandler                                build/stm32h7xx_hal_dma.o
HAL_DMA_Init                                      build/stm32h7xx_hal_dma.o
HAL_DMA_PollForTransfer                           build/stm32h7xx_hal_dma.o
HAL_DMA_RegisterCallback                          build/stm32h7xx_hal_dma.o
HAL_DMA_Start                                     build/stm32h7xx_hal_dma.o
HAL_DMA_Start_IT                                  build/stm32h7xx_hal_dma.o
                                                  build/stm32h7xx_hal_i2c.o
HAL_DMA_UnRegisterCallback                        build/stm32h7xx_hal_dma.o
HAL_DeInit                                        build/stm32h7xx_hal.o
HAL_Delay                                         build/stm32h7xx_hal.o
HAL_DisableCompensationCell                       build/stm32h7xx_hal.o
HAL_DisableDomain2DBGSleepMode                    build/stm32h7xx_hal.o
HAL_DisableDomain2DBGStandbyMode                  build/stm32h7xx_hal.o
HAL_DisableDomain2DBGStopMode                     build/stm32h7xx_hal.o
HAL_EXTI_ClearConfigLine                          build/stm32h7xx_hal_exti.o
HAL_EXTI_ClearPending                             build/stm32h7xx_hal_exti.o
HAL_EXTI_D1_ClearFlag                             build/stm32h7xx_hal.o
HAL_EXTI_D1_EventInputConfig                      build/stm32h7xx_hal.o
HAL_EXTI_D2_ClearFlag                             build/stm32h7xx_hal.o
HAL_EXTI_D2_EventInputConfig                      build/stm32h7xx_hal.o
HAL_EXTI_D3_EventInputConfig                      build/stm32h7xx_hal.o
HAL_EXTI_EdgeConfig                               build/stm32h7xx_hal.o
HAL_EXTI_GenerateSWI                              build/stm32h7xx_hal_exti.o
HAL_EXTI_GenerateSWInterrupt                      build/stm32h7xx_hal.o
HAL_EXTI_GetConfigLine                            build/stm32h7xx_hal_exti.o
HAL_EXTI_GetHandle                                build/stm32h7xx_hal_exti.o
HAL_EXTI_GetPending                               build/stm32h7xx_hal_exti.o
HAL_EXTI_IRQHandler                               build/stm32h7xx_hal_exti.o
HAL_EXTI_RegisterCallback                         build/stm32h7xx_hal_exti.o
HAL_EXTI_SetConfigLine                            build/stm32h7xx_hal_exti.o
HAL_EnableCompensationCell                        build/stm32h7xx_hal.o
HAL_EnableDomain2DBGSleepMode                     build/stm32h7xx_hal.o
HAL_EnableDomain2DBGStandbyMode                   build/stm32h7xx_hal.o
HAL_EnableDomain2DBGStopMode                      build/stm32h7xx_hal.o
HAL_FLASHEx_ComputeCRC                            build/stm32h7xx_hal_flash_ex.o
HAL_FLASHEx_Erase                                 build/stm32h7xx_hal_flash_ex.o
HAL_FLASHEx_Erase_IT                              build/stm32h7xx_hal_flash_ex.o
HAL_FLASHEx_Lock_Bank1                            build/stm32h7xx_hal_flash_ex.o
HAL_FLASHEx_Lock_Bank2                            build/stm32h7xx_hal_flash_ex.o
HAL_FLASHEx_OBGetConfig                           build/stm32h7xx_hal_flash_ex.o
HAL_FLASHEx_OBProgram                             build/stm32h7xx_hal_flash_ex.o
HAL_FLASHEx_Unlock_Bank1                          build/stm32h7xx_hal_flash_ex.o
HAL_FLASHEx_Unlock_Bank2                          build/stm32h7xx_hal_flash_ex.o
HAL_FLASH_EndOfOperationCallback                  build/stm32h7xx_hal_flash.o
HAL_FLASH_GetError                                build/stm32h7xx_hal_flash.o
HAL_FLASH_IRQHandler                              build/stm32h7xx_hal_flash.o
HAL_FLASH_Lock                                    build/stm32h7xx_hal_flash.o
HAL_FLASH_OB_Launch                               build/stm32h7xx_hal_flash.o
HAL_FLASH_OB_Lock                                 build/stm32h7xx_hal_flash.o
HAL_FLASH_OB_Unlock                               build/stm32h7xx_hal_flash.o
HAL_FLASH_OperationErrorCallback                  build/stm32h7xx_hal_flash.o
HAL_FLASH_Program                                 build/stm32h7xx_hal_flash.o
HAL_FLASH_Program_IT                              build/stm32h7xx_hal_flash.o
HAL_FLASH_Unlock                                  build/stm32h7xx_hal_flash.o
HAL_GPIO_DeInit                                   build/stm32h7xx_hal_gpio.o
HAL_GPIO_EXTI_Callback                            build/stm32h7xx_hal_gpio.o
HAL_GPIO_EXTI_IRQHandler                          build/stm32h7xx_hal_gpio.o
HAL_GPIO_Init                                     build/stm32h7xx_hal_gpio.o
                                                  build/stm32h7xx_hal_rcc.o
HAL_GPIO_LockPin                                  build/stm32h7xx_hal_gpio.o
HAL_GPIO_ReadPin                                  build/stm32h7xx_hal_gpio.o
HAL_GPIO_TogglePin                                build/stm32h7xx_hal_gpio.o
HAL_GPIO_WritePin                                 build/stm32h7xx_hal_gpio.o
HAL_GetCurrentCPUID                               build/stm32h7xx_hal_cortex.o
                                                  build/stm32h7xx_hal_exti.o
                                                  build/stm32h7xx_hal_pwr_ex.o
                                                  build/stm32h7xx_hal_pwr.o
HAL_GetDEVID                                      build/stm32h7xx_hal.o
HAL_GetFMCMemorySwappingConfig                    build/stm32h7xx_hal.o
HAL_GetHalVersion                                 build/stm32h7xx_hal.o
HAL_GetREVID                                      build/stm32h7xx_hal.o
                                                  build/stm32h7xx_hal_rcc_ex.o
                                                  build/stm32h7xx_hal_rcc.o
HAL_GetTick                                       build/stm32h7xx_hal.o
                                                  build/stm32h7xx_hal_i2c.o
                                                  build/stm32h7xx_hal_pwr_ex.o
                                                  build/stm32h7xx_hal_mdma.o
                                                  build/stm32h7xx_hal_dma.o
                                                  build/stm32h7xx_hal_flash.o
                                                  build/stm32h7xx_hal_rcc_ex.o
                                                  build/stm32h7xx_hal_rcc.o
HAL_GetTickFreq                                   build/stm32h7xx_hal.o
HAL_GetTickPrio                                   build/stm32h7xx_hal.o
HAL_GetUIDw0                                      build/stm32h7xx_hal.o
HAL_GetUIDw1                                      build/stm32h7xx_hal.o
HAL_GetUIDw2                                      build/stm32h7xx_hal.o
HAL_HSEM_ActivateNotification                     build/stm32h7xx_hal_hsem.o
                                                  build/main.o
HAL_HSEM_DeactivateNotification                   build/stm32h7xx_hal_hsem.o
HAL_HSEM_FastTake                                 build/stm32h7xx_hal_hsem.o
HAL_HSEM_FreeCallback                             build/stm32h7xx_hal_hsem.o
HAL_HSEM_GetClearKey                              build/stm32h7xx_hal_hsem.o
HAL_HSEM_IRQHandler                               build/stm32h7xx_hal_hsem.o
HAL_HSEM_IsSemTaken                               build/stm32h7xx_hal_hsem.o
HAL_HSEM_Release                                  build/stm32h7xx_hal_hsem.o
HAL_HSEM_ReleaseAll                               build/stm32h7xx_hal_hsem.o
HAL_HSEM_SetClearKey                              build/stm32h7xx_hal_hsem.o
HAL_HSEM_Take                                     build/stm32h7xx_hal_hsem.o
HAL_I2CEx_ConfigAnalogFilter                      build/stm32h7xx_hal_i2c_ex.o
HAL_I2CEx_ConfigDigitalFilter                     build/stm32h7xx_hal_i2c_ex.o
HAL_I2CEx_DisableFastModePlus                     build/stm32h7xx_hal_i2c_ex.o
HAL_I2CEx_DisableWakeUp                           build/stm32h7xx_hal_i2c_ex.o
HAL_I2CEx_EnableFastModePlus                      build/stm32h7xx_hal_i2c_ex.o
HAL_I2CEx_EnableWakeUp                            build/stm32h7xx_hal_i2c_ex.o
HAL_I2C_AbortCpltCallback                         build/stm32h7xx_hal_i2c.o
HAL_I2C_AddrCallback                              build/stm32h7xx_hal_i2c.o
HAL_I2C_DeInit                                    build/stm32h7xx_hal_i2c.o
HAL_I2C_DisableListen_IT                          build/stm32h7xx_hal_i2c.o
HAL_I2C_ER_IRQHandler                             build/stm32h7xx_hal_i2c.o
HAL_I2C_EV_IRQHandler                             build/stm32h7xx_hal_i2c.o
HAL_I2C_EnableListen_IT                           build/stm32h7xx_hal_i2c.o
HAL_I2C_ErrorCallback                             build/stm32h7xx_hal_i2c.o
HAL_I2C_GetError                                  build/stm32h7xx_hal_i2c.o
HAL_I2C_GetMode                                   build/stm32h7xx_hal_i2c.o
HAL_I2C_GetState                                  build/stm32h7xx_hal_i2c.o
HAL_I2C_Init                                      build/stm32h7xx_hal_i2c.o
HAL_I2C_IsDeviceReady                             build/stm32h7xx_hal_i2c.o
HAL_I2C_ListenCpltCallback                        build/stm32h7xx_hal_i2c.o
HAL_I2C_MasterRxCpltCallback                      build/stm32h7xx_hal_i2c.o
HAL_I2C_MasterTxCpltCallback                      build/stm32h7xx_hal_i2c.o
HAL_I2C_Master_Abort_IT                           build/stm32h7xx_hal_i2c.o
HAL_I2C_Master_Receive                            build/stm32h7xx_hal_i2c.o
HAL_I2C_Master_Receive_DMA                        build/stm32h7xx_hal_i2c.o
HAL_I2C_Master_Receive_IT                         build/stm32h7xx_hal_i2c.o
HAL_I2C_Master_Seq_Receive_DMA                    build/stm32h7xx_hal_i2c.o
HAL_I2C_Master_Seq_Receive_IT                     build/stm32h7xx_hal_i2c.o
HAL_I2C_Master_Seq_Transmit_DMA                   build/stm32h7xx_hal_i2c.o
HAL_I2C_Master_Seq_Transmit_IT                    build/stm32h7xx_hal_i2c.o
HAL_I2C_Master_Transmit                           build/stm32h7xx_hal_i2c.o
HAL_I2C_Master_Transmit_DMA                       build/stm32h7xx_hal_i2c.o
HAL_I2C_Master_Transmit_IT                        build/stm32h7xx_hal_i2c.o
HAL_I2C_MemRxCpltCallback                         build/stm32h7xx_hal_i2c.o
HAL_I2C_MemTxCpltCallback                         build/stm32h7xx_hal_i2c.o
HAL_I2C_Mem_Read                                  build/stm32h7xx_hal_i2c.o
HAL_I2C_Mem_Read_DMA                              build/stm32h7xx_hal_i2c.o
HAL_I2C_Mem_Read_IT                               build/stm32h7xx_hal_i2c.o
HAL_I2C_Mem_Write                                 build/stm32h7xx_hal_i2c.o
HAL_I2C_Mem_Write_DMA                             build/stm32h7xx_hal_i2c.o
HAL_I2C_Mem_Write_IT                              build/stm32h7xx_hal_i2c.o
HAL_I2C_MspDeInit                                 build/stm32h7xx_hal_i2c.o
HAL_I2C_MspInit                                   build/stm32h7xx_hal_i2c.o
HAL_I2C_SlaveRxCpltCallback                       build/stm32h7xx_hal_i2c.o
HAL_I2C_SlaveTxCpltCallback                       build/stm32h7xx_hal_i2c.o
HAL_I2C_Slave_Receive                             build/stm32h7xx_hal_i2c.o
HAL_I2C_Slave_Receive_DMA                         build/stm32h7xx_hal_i2c.o
HAL_I2C_Slave_Receive_IT                          build/stm32h7xx_hal_i2c.o
HAL_I2C_Slave_Seq_Receive_DMA                     build/stm32h7xx_hal_i2c.o
HAL_I2C_Slave_Seq_Receive_IT                      build/stm32h7xx_hal_i2c.o
HAL_I2C_Slave_Seq_Transmit_DMA                    build/stm32h7xx_hal_i2c.o
HAL_I2C_Slave_Seq_Transmit_IT                     build/stm32h7xx_hal_i2c.o
HAL_I2C_Slave_Transmit                            build/stm32h7xx_hal_i2c.o
HAL_I2C_Slave_Transmit_DMA                        build/stm32h7xx_hal_i2c.o
HAL_I2C_Slave_Transmit_IT                         build/stm32h7xx_hal_i2c.o
HAL_IncTick                                       build/stm32h7xx_hal.o
                                                  build/stm32h7xx_it.o
HAL_Init                                          build/stm32h7xx_hal.o
                                                  build/main.o
HAL_InitTick                                      build/stm32h7xx_hal.o
                                                  build/stm32h7xx_hal_rcc.o
HAL_MDMA_Abort                                    build/stm32h7xx_hal_mdma.o
HAL_MDMA_Abort_IT                                 build/stm32h7xx_hal_mdma.o
HAL_MDMA_ConfigPostRequestMask                    build/stm32h7xx_hal_mdma.o
HAL_MDMA_DeInit                                   build/stm32h7xx_hal_mdma.o
HAL_MDMA_GenerateSWRequest                        build/stm32h7xx_hal_mdma.o
HAL_MDMA_GetError                                 build/stm32h7xx_hal_mdma.o
HAL_MDMA_GetState                                 build/stm32h7xx_hal_mdma.o
HAL_MDMA_IRQHandler                               build/stm32h7xx_hal_mdma.o
HAL_MDMA_Init                                     build/stm32h7xx_hal_mdma.o
HAL_MDMA_LinkedList_AddNode                       build/stm32h7xx_hal_mdma.o
HAL_MDMA_LinkedList_CreateNode                    build/stm32h7xx_hal_mdma.o
HAL_MDMA_LinkedList_DisableCircularMode           build/stm32h7xx_hal_mdma.o
HAL_MDMA_LinkedList_EnableCircularMode            build/stm32h7xx_hal_mdma.o
HAL_MDMA_LinkedList_RemoveNode                    build/stm32h7xx_hal_mdma.o
HAL_MDMA_PollForTransfer                          build/stm32h7xx_hal_mdma.o
HAL_MDMA_RegisterCallback                         build/stm32h7xx_hal_mdma.o
HAL_MDMA_Start                                    build/stm32h7xx_hal_mdma.o
HAL_MDMA_Start_IT                                 build/stm32h7xx_hal_mdma.o
HAL_MDMA_UnRegisterCallback                       build/stm32h7xx_hal_mdma.o
HAL_MPU_ConfigRegion                              build/stm32h7xx_hal_cortex.o
HAL_MPU_Disable                                   build/stm32h7xx_hal_cortex.o
HAL_MPU_Enable                                    build/stm32h7xx_hal_cortex.o
HAL_MspDeInit                                     build/stm32h7xx_hal.o
HAL_MspInit                                       build/stm32h7xx_hal_msp.o
HAL_NVIC_ClearPendingIRQ                          build/stm32h7xx_hal_cortex.o
HAL_NVIC_DisableIRQ                               build/stm32h7xx_hal_cortex.o
HAL_NVIC_EnableIRQ                                build/stm32h7xx_hal_cortex.o
HAL_NVIC_GetActive                                build/stm32h7xx_hal_cortex.o
HAL_NVIC_GetPendingIRQ                            build/stm32h7xx_hal_cortex.o
HAL_NVIC_GetPriority                              build/stm32h7xx_hal_cortex.o
HAL_NVIC_GetPriorityGrouping                      build/stm32h7xx_hal_cortex.o
HAL_NVIC_SetPendingIRQ                            build/stm32h7xx_hal_cortex.o
HAL_NVIC_SetPriority                              build/stm32h7xx_hal_cortex.o
                                                  build/stm32h7xx_hal.o
HAL_NVIC_SetPriorityGrouping                      build/stm32h7xx_hal_cortex.o
                                                  build/stm32h7xx_hal.o
HAL_NVIC_SystemReset                              build/stm32h7xx_hal_cortex.o
HAL_PWREx_AVDCallback                             build/stm32h7xx_hal_pwr_ex.o
HAL_PWREx_ClearDomainFlags                        build/stm32h7xx_hal_pwr_ex.o
HAL_PWREx_ClearPendingEvent                       build/stm32h7xx_hal_pwr_ex.o
                                                  build/main.o
HAL_PWREx_ClearWakeupFlag                         build/stm32h7xx_hal_pwr_ex.o
HAL_PWREx_ConfigAVD                               build/stm32h7xx_hal_pwr_ex.o
HAL_PWREx_ConfigD3Domain                          build/stm32h7xx_hal_pwr_ex.o
HAL_PWREx_ConfigSupply                            build/stm32h7xx_hal_pwr_ex.o
HAL_PWREx_ControlStopModeVoltageScaling           build/stm32h7xx_hal_pwr_ex.o
HAL_PWREx_ControlVoltageScaling                   build/stm32h7xx_hal_pwr_ex.o
HAL_PWREx_DisableAVD                              build/stm32h7xx_hal_pwr_ex.o
HAL_PWREx_DisableBatteryCharging                  build/stm32h7xx_hal_pwr_ex.o
HAL_PWREx_DisableBkUpReg                          build/stm32h7xx_hal_pwr_ex.o
HAL_PWREx_DisableFlashPowerDown                   build/stm32h7xx_hal_pwr_ex.o
HAL_PWREx_DisableMonitoring                       build/stm32h7xx_hal_pwr_ex.o
HAL_PWREx_DisableUSBReg                           build/stm32h7xx_hal_pwr_ex.o
HAL_PWREx_DisableUSBVoltageDetector               build/stm32h7xx_hal_pwr_ex.o
HAL_PWREx_DisableWakeUpPin                        build/stm32h7xx_hal_pwr_ex.o
HAL_PWREx_EnableAVD                               build/stm32h7xx_hal_pwr_ex.o
HAL_PWREx_EnableBatteryCharging                   build/stm32h7xx_hal_pwr_ex.o
HAL_PWREx_EnableBkUpReg                           build/stm32h7xx_hal_pwr_ex.o
HAL_PWREx_EnableFlashPowerDown                    build/stm32h7xx_hal_pwr_ex.o
HAL_PWREx_EnableMonitoring                        build/stm32h7xx_hal_pwr_ex.o
HAL_PWREx_EnableUSBReg                            build/stm32h7xx_hal_pwr_ex.o
HAL_PWREx_EnableUSBVoltageDetector                build/stm32h7xx_hal_pwr_ex.o
HAL_PWREx_EnableWakeUpPin                         build/stm32h7xx_hal_pwr_ex.o
HAL_PWREx_EnterSTANDBYMode                        build/stm32h7xx_hal_pwr_ex.o
HAL_PWREx_EnterSTOPMode                           build/stm32h7xx_hal_pwr_ex.o
                                                  build/main.o
HAL_PWREx_GetStopModeVoltageRange                 build/stm32h7xx_hal_pwr_ex.o
HAL_PWREx_GetSupplyConfig                         build/stm32h7xx_hal_pwr_ex.o
HAL_PWREx_GetTemperatureLevel                     build/stm32h7xx_hal_pwr_ex.o
HAL_PWREx_GetVBATLevel                            build/stm32h7xx_hal_pwr_ex.o
HAL_PWREx_GetVoltageRange                         build/stm32h7xx_hal_pwr_ex.o
HAL_PWREx_GetWakeupFlag                           build/stm32h7xx_hal_pwr_ex.o
HAL_PWREx_HoldCore                                build/stm32h7xx_hal_pwr_ex.o
HAL_PWREx_PVD_AVD_IRQHandler                      build/stm32h7xx_hal_pwr_ex.o
HAL_PWREx_ReleaseCore                             build/stm32h7xx_hal_pwr_ex.o
HAL_PWREx_WAKEUP_PIN_IRQHandler                   build/stm32h7xx_hal_pwr_ex.o
HAL_PWREx_WKUP1_Callback                          build/stm32h7xx_hal_pwr_ex.o
HAL_PWREx_WKUP2_Callback                          build/stm32h7xx_hal_pwr_ex.o
HAL_PWREx_WKUP3_Callback                          build/stm32h7xx_hal_pwr_ex.o
HAL_PWREx_WKUP4_Callback                          build/stm32h7xx_hal_pwr_ex.o
HAL_PWREx_WKUP5_Callback                          build/stm32h7xx_hal_pwr_ex.o
HAL_PWREx_WKUP6_Callback                          build/stm32h7xx_hal_pwr_ex.o
HAL_PWR_ConfigPVD                                 build/stm32h7xx_hal_pwr.o
HAL_PWR_DeInit                                    build/stm32h7xx_hal_pwr.o
HAL_PWR_DisableBkUpAccess                         build/stm32h7xx_hal_pwr.o
HAL_PWR_DisablePVD                                build/stm32h7xx_hal_pwr.o
HAL_PWR_DisableSEVOnPend                          build/stm32h7xx_hal_pwr.o
HAL_PWR_DisableSleepOnExit                        build/stm32h7xx_hal_pwr.o
HAL_PWR_DisableWakeUpPin                          build/stm32h7xx_hal_pwr.o
HAL_PWR_EnableBkUpAccess                          build/stm32h7xx_hal_pwr.o
HAL_PWR_EnablePVD                                 build/stm32h7xx_hal_pwr.o
HAL_PWR_EnableSEVOnPend                           build/stm32h7xx_hal_pwr.o
HAL_PWR_EnableSleepOnExit                         build/stm32h7xx_hal_pwr.o
HAL_PWR_EnableWakeUpPin                           build/stm32h7xx_hal_pwr.o
HAL_PWR_EnterSLEEPMode                            build/stm32h7xx_hal_pwr.o
HAL_PWR_EnterSTANDBYMode                          build/stm32h7xx_hal_pwr.o
HAL_PWR_EnterSTOPMode                             build/stm32h7xx_hal_pwr.o
HAL_PWR_PVDCallback                               build/stm32h7xx_hal_pwr.o
                                                  build/stm32h7xx_hal_pwr_ex.o
HAL_PWR_PVD_IRQHandler                            build/stm32h7xx_hal_pwr.o
HAL_RCCEx_CRSConfig                               build/stm32h7xx_hal_rcc_ex.o
HAL_RCCEx_CRSGetSynchronizationInfo               build/stm32h7xx_hal_rcc_ex.o
HAL_RCCEx_CRSSoftwareSynchronizationGenerate      build/stm32h7xx_hal_rcc_ex.o
HAL_RCCEx_CRSWaitSynchronization                  build/stm32h7xx_hal_rcc_ex.o
HAL_RCCEx_CRS_ErrorCallback                       build/stm32h7xx_hal_rcc_ex.o
HAL_RCCEx_CRS_ExpectedSyncCallback                build/stm32h7xx_hal_rcc_ex.o
HAL_RCCEx_CRS_IRQHandler                          build/stm32h7xx_hal_rcc_ex.o
HAL_RCCEx_CRS_SyncOkCallback                      build/stm32h7xx_hal_rcc_ex.o
HAL_RCCEx_CRS_SyncWarnCallback                    build/stm32h7xx_hal_rcc_ex.o
HAL_RCCEx_DisableLSECSS                           build/stm32h7xx_hal_rcc_ex.o
HAL_RCCEx_EnableBootCore                          build/stm32h7xx_hal_rcc_ex.o
HAL_RCCEx_EnableLSECSS                            build/stm32h7xx_hal_rcc_ex.o
HAL_RCCEx_EnableLSECSS_IT                         build/stm32h7xx_hal_rcc_ex.o
HAL_RCCEx_GetD1PCLK1Freq                          build/stm32h7xx_hal_rcc_ex.o
HAL_RCCEx_GetD1SysClockFreq                       build/stm32h7xx_hal_rcc_ex.o
HAL_RCCEx_GetD3PCLK1Freq                          build/stm32h7xx_hal_rcc_ex.o
HAL_RCCEx_GetPLL1ClockFreq                        build/stm32h7xx_hal_rcc_ex.o
HAL_RCCEx_GetPLL2ClockFreq                        build/stm32h7xx_hal_rcc_ex.o
HAL_RCCEx_GetPLL3ClockFreq                        build/stm32h7xx_hal_rcc_ex.o
HAL_RCCEx_GetPeriphCLKConfig                      build/stm32h7xx_hal_rcc_ex.o
HAL_RCCEx_GetPeriphCLKFreq                        build/stm32h7xx_hal_rcc_ex.o
HAL_RCCEx_KerWakeUpStopCLKConfig                  build/stm32h7xx_hal_rcc_ex.o
HAL_RCCEx_LSECSS_Callback                         build/stm32h7xx_hal_rcc_ex.o
HAL_RCCEx_LSECSS_IRQHandler                       build/stm32h7xx_hal_rcc_ex.o
HAL_RCCEx_PeriphCLKConfig                         build/stm32h7xx_hal_rcc_ex.o
HAL_RCCEx_WWDGxSysResetConfig                     build/stm32h7xx_hal_rcc_ex.o
HAL_RCCEx_WakeUpStopCLKConfig                     build/stm32h7xx_hal_rcc_ex.o
HAL_RCC_CSSCallback                               build/stm32h7xx_hal_rcc.o
HAL_RCC_ClockConfig                               build/stm32h7xx_hal_rcc.o
HAL_RCC_DeInit                                    build/stm32h7xx_hal_rcc.o
HAL_RCC_DisableCSS                                build/stm32h7xx_hal_rcc.o
HAL_RCC_EnableCSS                                 build/stm32h7xx_hal_rcc.o
HAL_RCC_GetClockConfig                            build/stm32h7xx_hal_rcc.o
HAL_RCC_GetHCLKFreq                               build/stm32h7xx_hal_rcc.o
                                                  build/stm32h7xx_hal_rcc_ex.o
HAL_RCC_GetOscConfig                              build/stm32h7xx_hal_rcc.o
HAL_RCC_GetPCLK1Freq                              build/stm32h7xx_hal_rcc.o
                                                  build/stm32h7xx_hal_rcc_ex.o
HAL_RCC_GetPCLK2Freq                              build/stm32h7xx_hal_rcc.o
HAL_RCC_GetSysClockFreq                           build/stm32h7xx_hal_rcc.o
                                                  build/stm32h7xx_hal.o
                                                  build/stm32h7xx_hal_rcc_ex.o
HAL_RCC_MCOConfig                                 build/stm32h7xx_hal_rcc.o
HAL_RCC_NMI_IRQHandler                            build/stm32h7xx_hal_rcc.o
HAL_RCC_OscConfig                                 build/stm32h7xx_hal_rcc.o
HAL_ResumeTick                                    build/stm32h7xx_hal.o
HAL_SYSCFG_AnalogSwitchConfig                     build/stm32h7xx_hal.o
HAL_SYSCFG_CM4BootAddConfig                       build/stm32h7xx_hal.o
HAL_SYSCFG_CM7BootAddConfig                       build/stm32h7xx_hal.o
HAL_SYSCFG_CompensationCodeConfig                 build/stm32h7xx_hal.o
HAL_SYSCFG_CompensationCodeSelect                 build/stm32h7xx_hal.o
HAL_SYSCFG_DisableBOOST                           build/stm32h7xx_hal.o
HAL_SYSCFG_DisableCM4BOOT                         build/stm32h7xx_hal.o
HAL_SYSCFG_DisableCM7BOOT                         build/stm32h7xx_hal.o
HAL_SYSCFG_DisableIOSpeedOptimize                 build/stm32h7xx_hal.o
HAL_SYSCFG_DisableVREFBUF                         build/stm32h7xx_hal.o
HAL_SYSCFG_ETHInterfaceSelect                     build/stm32h7xx_hal.o
HAL_SYSCFG_EnableBOOST                            build/stm32h7xx_hal.o
HAL_SYSCFG_EnableCM4BOOT                          build/stm32h7xx_hal.o
HAL_SYSCFG_EnableCM7BOOT                          build/stm32h7xx_hal.o
HAL_SYSCFG_EnableIOSpeedOptimize                  build/stm32h7xx_hal.o
HAL_SYSCFG_EnableVREFBUF                          build/stm32h7xx_hal.o
HAL_SYSCFG_VREFBUF_HighImpedanceConfig            build/stm32h7xx_hal.o
HAL_SYSCFG_VREFBUF_TrimmingConfig                 build/stm32h7xx_hal.o
HAL_SYSCFG_VREFBUF_VoltageScalingConfig           build/stm32h7xx_hal.o
HAL_SYSTICK_CLKSourceConfig                       build/stm32h7xx_hal_cortex.o
HAL_SYSTICK_Callback                              build/stm32h7xx_hal_cortex.o
HAL_SYSTICK_Config                                build/stm32h7xx_hal_cortex.o
                                                  build/stm32h7xx_hal.o
HAL_SYSTICK_IRQHandler                            build/stm32h7xx_hal_cortex.o
HAL_SetFMCMemorySwappingConfig                    build/stm32h7xx_hal.o
HAL_SetTickFreq                                   build/stm32h7xx_hal.o
HAL_SuspendTick                                   build/stm32h7xx_hal.o
HASH_RNG_IRQHandler                               build/startup_stm32h755xx_CM4.o
HOLD_CORE_IRQHandler                              build/startup_stm32h755xx_CM4.o
HRTIM1_FLT_IRQHandler                             build/startup_stm32h755xx_CM4.o
HRTIM1_Master_IRQHandler                          build/startup_stm32h755xx_CM4.o
HRTIM1_TIMA_IRQHandler                            build/startup_stm32h755xx_CM4.o
HRTIM1_TIMB_IRQHandler                            build/startup_stm32h755xx_CM4.o
HRTIM1_TIMC_IRQHandler                            build/startup_stm32h755xx_CM4.o
HRTIM1_TIMD_IRQHandler                            build/startup_stm32h755xx_CM4.o
HRTIM1_TIME_IRQHandler                            build/startup_stm32h755xx_CM4.o
HSEM1_IRQHandler                                  build/startup_stm32h755xx_CM4.o
HSEM2_IRQHandler                                  build/startup_stm32h755xx_CM4.o
HardFault_Handler                                 build/stm32h7xx_it.o
I2C1_ER_IRQHandler                                build/startup_stm32h755xx_CM4.o
I2C1_EV_IRQHandler                                build/startup_stm32h755xx_CM4.o
I2C2_ER_IRQHandler                                build/startup_stm32h755xx_CM4.o
I2C2_EV_IRQHandler                                build/startup_stm32h755xx_CM4.o
I2C3_ER_IRQHandler                                build/startup_stm32h755xx_CM4.o
I2C3_EV_IRQHandler                                build/startup_stm32h755xx_CM4.o
I2C4_ER_IRQHandler                                build/startup_stm32h755xx_CM4.o
I2C4_EV_IRQHandler                                build/startup_stm32h755xx_CM4.o
JPEG_IRQHandler                                   build/startup_stm32h755xx_CM4.o
LPTIM1_IRQHandler                                 build/startup_stm32h755xx_CM4.o
LPTIM2_IRQHandler                                 build/startup_stm32h755xx_CM4.o
LPTIM3_IRQHandler                                 build/startup_stm32h755xx_CM4.o
LPTIM4_IRQHandler                                 build/startup_stm32h755xx_CM4.o
LPTIM5_IRQHandler                                 build/startup_stm32h755xx_CM4.o
LPUART1_IRQHandler                                build/startup_stm32h755xx_CM4.o
LTDC_ER_IRQHandler                                build/startup_stm32h755xx_CM4.o
LTDC_IRQHandler                                   build/startup_stm32h755xx_CM4.o
MDIOS_IRQHandler                                  build/startup_stm32h755xx_CM4.o
MDIOS_WKUP_IRQHandler                             build/startup_stm32h755xx_CM4.o
MDMA_IRQHandler                                   build/startup_stm32h755xx_CM4.o
MemManage_Handler                                 build/stm32h7xx_it.o
NMI_Handler                                       build/stm32h7xx_it.o
OTG_FS_EP1_IN_IRQHandler                          build/startup_stm32h755xx_CM4.o
OTG_FS_EP1_OUT_IRQHandler                         build/startup_stm32h755xx_CM4.o
OTG_FS_IRQHandler                                 build/startup_stm32h755xx_CM4.o
OTG_FS_WKUP_IRQHandler                            build/startup_stm32h755xx_CM4.o
OTG_HS_EP1_IN_IRQHandler                          build/startup_stm32h755xx_CM4.o
OTG_HS_EP1_OUT_IRQHandler                         build/startup_stm32h755xx_CM4.o
OTG_HS_IRQHandler                                 build/startup_stm32h755xx_CM4.o
OTG_HS_WKUP_IRQHandler                            build/startup_stm32h755xx_CM4.o
PVD_AVD_IRQHandler                                build/startup_stm32h755xx_CM4.o
PendSV_Handler                                    build/stm32h7xx_it.o
QUADSPI_IRQHandler                                build/startup_stm32h755xx_CM4.o
RCC_IRQHandler                                    build/startup_stm32h755xx_CM4.o
RTC_Alarm_IRQHandler                              build/startup_stm32h755xx_CM4.o
RTC_WKUP_IRQHandler                               build/startup_stm32h755xx_CM4.o
Reset_Handler                                     build/startup_stm32h755xx_CM4.o
SAI1_IRQHandler                                   build/startup_stm32h755xx_CM4.o
SAI2_IRQHandler                                   build/startup_stm32h755xx_CM4.o
SAI3_IRQHandler                                   build/startup_stm32h755xx_CM4.o
SAI4_IRQHandler                                   build/startup_stm32h755xx_CM4.o
SDMMC1_IRQHandler                                 build/startup_stm32h755xx_CM4.o
SDMMC2_IRQHandler                                 build/startup_stm32h755xx_CM4.o
SPDIF_RX_IRQHandler                               build/startup_stm32h755xx_CM4.o
SPI1_IRQHandler                                   build/startup_stm32h755xx_CM4.o
SPI2_IRQHandler                                   build/startup_stm32h755xx_CM4.o
SPI3_IRQHandler                                   build/startup_stm32h755xx_CM4.o
SPI4_IRQHandler                                   build/startup_stm32h755xx_CM4.o
SPI5_IRQHandler                                   build/startup_stm32h755xx_CM4.o
SPI6_IRQHandler                                   build/startup_stm32h755xx_CM4.o
SVC_Handler                                       build/stm32h7xx_it.o
SWPMI1_IRQHandler                                 build/startup_stm32h755xx_CM4.o
SysTick_Handler                                   build/stm32h7xx_it.o
SystemCoreClock                                   build/system_stm32h7xx_dualcore_boot_cm4_cm7.o
                                                  build/stm32h7xx_hal.o
                                                  build/stm32h7xx_hal_mdma.o
                                                  build/stm32h7xx_hal_dma.o
                                                  build/stm32h7xx_hal_rcc_ex.o
                                                  build/stm32h7xx_hal_rcc.o
SystemCoreClockUpdate                             build/system_stm32h7xx_dualcore_boot_cm4_cm7.o
SystemD2Clock                                     build/system_stm32h7xx_dualcore_boot_cm4_cm7.o
                                                  build/stm32h7xx_hal.o
                                                  build/stm32h7xx_hal_rcc_ex.o
                                                  build/stm32h7xx_hal_rcc.o
SystemInit                                        build/system_stm32h7xx_dualcore_boot_cm4_cm7.o
                                                  build/startup_stm32h755xx_CM4.o
TAMP_STAMP_IRQHandler                             build/startup_stm32h755xx_CM4.o
TIM15_IRQHandler                                  build/startup_stm32h755xx_CM4.o
TIM16_IRQHandler                                  build/startup_stm32h755xx_CM4.o
TIM17_IRQHandler                                  build/startup_stm32h755xx_CM4.o
TIM1_BRK_IRQHandler                               build/startup_stm32h755xx_CM4.o
TIM1_CC_IRQHandler                                build/startup_stm32h755xx_CM4.o
TIM1_TRG_COM_IRQHandler                           build/startup_stm32h755xx_CM4.o
TIM1_UP_IRQHandler                                build/startup_stm32h755xx_CM4.o
TIM2_IRQHandler                                   build/startup_stm32h755xx_CM4.o
TIM3_IRQHandler                                   build/startup_stm32h755xx_CM4.o
TIM4_IRQHandler                                   build/startup_stm32h755xx_CM4.o
TIM5_IRQHandler                                   build/startup_stm32h755xx_CM4.o
TIM6_DAC_IRQHandler                               build/startup_stm32h755xx_CM4.o
TIM7_IRQHandler                                   build/startup_stm32h755xx_CM4.o
TIM8_BRK_TIM12_IRQHandler                         build/startup_stm32h755xx_CM4.o
TIM8_CC_IRQHandler                                build/startup_stm32h755xx_CM4.o
TIM8_TRG_COM_TIM14_IRQHandler                     build/startup_stm32h755xx_CM4.o
TIM8_UP_TIM13_IRQHandler                          build/startup_stm32h755xx_CM4.o
UART4_IRQHandler                                  build/startup_stm32h755xx_CM4.o
UART5_IRQHandler                                  build/startup_stm32h755xx_CM4.o
UART7_IRQHandler                                  build/startup_stm32h755xx_CM4.o
UART8_IRQHandler                                  build/startup_stm32h755xx_CM4.o
USART1_IRQHandler                                 build/startup_stm32h755xx_CM4.o
USART2_IRQHandler                                 build/startup_stm32h755xx_CM4.o
USART3_IRQHandler                                 build/startup_stm32h755xx_CM4.o
USART6_IRQHandler                                 build/startup_stm32h755xx_CM4.o
UsageFault_Handler                                build/stm32h7xx_it.o
WAKEUP_PIN_IRQHandler                             build/startup_stm32h755xx_CM4.o
WWDG_IRQHandler                                   build/startup_stm32h755xx_CM4.o
WWDG_RST_IRQHandler                               build/startup_stm32h755xx_CM4.o
__atexit                                          /usr/lib/gcc/arm-none-eabi/13.2.0/../../../../arm-none-eabi/lib/thumb/v7e-m+fp/hard/libc_nano.a(libc_a-__call_atexit.o)
                                                  /usr/lib/gcc/arm-none-eabi/13.2.0/../../../../arm-none-eabi/lib/thumb/v7e-m+fp/hard/libc_nano.a(libc_a-__atexit.o)
__atexit0                                         /usr/lib/gcc/arm-none-eabi/13.2.0/../../../../arm-none-eabi/lib/thumb/v7e-m+fp/hard/libc_nano.a(libc_a-__atexit.o)
__atexit_dummy                                    /usr/lib/gcc/arm-none-eabi/13.2.0/../../../../arm-none-eabi/lib/thumb/v7e-m+fp/hard/libc_nano.a(libc_a-__atexit.o)
__atexit_recursive_mutex                          /usr/lib/gcc/arm-none-eabi/13.2.0/../../../../arm-none-eabi/lib/thumb/v7e-m+fp/hard/libc_nano.a(libc_a-__call_atexit.o)
                                                  /usr/lib/gcc/arm-none-eabi/13.2.0/../../../../arm-none-eabi/lib/thumb/v7e-m+fp/hard/libc_nano.a(libc_a-__atexit.o)
__bss_end__                                       /usr/lib/gcc/arm-none-eabi/13.2.0/../../../../arm-none-eabi/lib/thumb/v7e-m+fp/hard/crt0.o
__bss_start__                                     /usr/lib/gcc/arm-none-eabi/13.2.0/../../../../arm-none-eabi/lib/thumb/v7e-m+fp/hard/crt0.o
__call_exitprocs                                  /usr/lib/gcc/arm-none-eabi/13.2.0/../../../../arm-none-eabi/lib/thumb/v7e-m+fp/hard/libc_nano.a(libc_a-__call_atexit.o)
                                                  /usr/lib/gcc/arm-none-eabi/13.2.0/../../../../arm-none-eabi/lib/thumb/v7e-m+fp/hard/libc_nano.a(libc_a-__atexit.o)
                                                  /usr/lib/gcc/arm-none-eabi/13.2.0/../../../../arm-none-eabi/lib/thumb/v7e-m+fp/hard/libc_nano.a(libc_a-exit.o)
__deregister_frame_info                           /usr/lib/gcc/arm-none-eabi/13.2.0/thumb/v7e-m+fp/hard/crtbegin.o
__dso_handle                                      /usr/lib/gcc/arm-none-eabi/13.2.0/thumb/v7e-m+fp/hard/crtbegin.o
__fini_array_end                                  /usr/lib/gcc/arm-none-eabi/13.2.0/../../../../arm-none-eabi/lib/thumb/v7e-m+fp/hard/libc_nano.a(libc_a-fini.o)
__fini_array_start                                /usr/lib/gcc/arm-none-eabi/13.2.0/../../../../arm-none-eabi/lib/thumb/v7e-m+fp/hard/libc_nano.a(libc_a-fini.o)
__fp_lock_all                                     /usr/lib/gcc/arm-none-eabi/13.2.0/../../../../arm-none-eabi/lib/thumb/v7e-m+fp/hard/libc_nano.a(libc_a-findfp.o)
__fp_unlock_all                                   /usr/lib/gcc/arm-none-eabi/13.2.0/../../../../arm-none-eabi/lib/thumb/v7e-m+fp/hard/libc_nano.a(libc_a-findfp.o)
__init_array_end                                  /usr/lib/gcc/arm-none-eabi/13.2.0/../../../../arm-none-eabi/lib/thumb/v7e-m+fp/hard/libc_nano.a(libc_a-init.o)
__init_array_start                                /usr/lib/gcc/arm-none-eabi/13.2.0/../../../../arm-none-eabi/lib/thumb/v7e-m+fp/hard/libc_nano.a(libc_a-init.o)
__libc_fini_array                                 /usr/lib/gcc/arm-none-eabi/13.2.0/../../../../arm-none-eabi/lib/thumb/v7e-m+fp/hard/libc_nano.a(libc_a-fini.o)
                                                  /usr/lib/gcc/arm-none-eabi/13.2.0/../../../../arm-none-eabi/lib/thumb/v7e-m+fp/hard/crt0.o
__libc_init_array                                 /usr/lib/gcc/arm-none-eabi/13.2.0/../../../../arm-none-eabi/lib/thumb/v7e-m+fp/hard/libc_nano.a(libc_a-init.o)
                                                  build/startup_stm32h755xx_CM4.o
                                                  /usr/lib/gcc/arm-none-eabi/13.2.0/../../../../arm-none-eabi/lib/thumb/v7e-m+fp/hard/crt0.o
__lock___arc4random_mutex                         /usr/lib/gcc/arm-none-eabi/13.2.0/../../../../arm-none-eabi/lib/thumb/v7e-m+fp/hard/libc_nano.a(libc_a-lock.o)
__lock___at_quick_exit_mutex                      /usr/lib/gcc/arm-none-eabi/13.2.0/../../../../arm-none-eabi/lib/thumb/v7e-m+fp/hard/libc_nano.a(libc_a-lock.o)
__lock___atexit_recursive_mutex                   /usr/lib/gcc/arm-none-eabi/13.2.0/../../../../arm-none-eabi/lib/thumb/v7e-m+fp/hard/libc_nano.a(libc_a-lock.o)
                                                  /usr/lib/gcc/arm-none-eabi/13.2.0/../../../../arm-none-eabi/lib/thumb/v7e-m+fp/hard/libc_nano.a(libc_a-__call_atexit.o)
__lock___dd_hash_mutex                            /usr/lib/gcc/arm-none-eabi/13.2.0/../../../../arm-none-eabi/lib/thumb/v7e-m+fp/hard/libc_nano.a(libc_a-lock.o)
__lock___env_recursive_mutex                      /usr/lib/gcc/arm-none-eabi/13.2.0/../../../../arm-none-eabi/lib/thumb/v7e-m+fp/hard/libc_nano.a(libc_a-lock.o)
__lock___malloc_recursive_mutex                   /usr/lib/gcc/arm-none-eabi/13.2.0/../../../../arm-none-eabi/lib/thumb/v7e-m+fp/hard/libc_nano.a(libc_a-lock.o)
                                                  /usr/lib/gcc/arm-none-eabi/13.2.0/../../../../arm-none-eabi/lib/thumb/v7e-m+fp/hard/libc_nano.a(libc_a-mlock.o)
__lock___sfp_recursive_mutex                      /usr/lib/gcc/arm-none-eabi/13.2.0/../../../../arm-none-eabi/lib/thumb/v7e-m+fp/hard/libc_nano.a(libc_a-lock.o)
                                                  /usr/lib/gcc/arm-none-eabi/13.2.0/../../../../arm-none-eabi/lib/thumb/v7e-m+fp/hard/libc_nano.a(libc_a-findfp.o)
__lock___tz_mutex                                 /usr/lib/gcc/arm-none-eabi/13.2.0/../../../../arm-none-eabi/lib/thumb/v7e-m+fp/hard/libc_nano.a(libc_a-lock.o)
__malloc_free_list                                /usr/lib/gcc/arm-none-eabi/13.2.0/../../../../arm-none-eabi/lib/thumb/v7e-m+fp/hard/libc_nano.a(libc_a-mallocr.o)
                                                  /usr/lib/gcc/arm-none-eabi/13.2.0/../../../../arm-none-eabi/lib/thumb/v7e-m+fp/hard/libc_nano.a(libc_a-freer.o)
__malloc_lock                                     /usr/lib/gcc/arm-none-eabi/13.2.0/../../../../arm-none-eabi/lib/thumb/v7e-m+fp/hard/libc_nano.a(libc_a-mlock.o)
                                                  /usr/lib/gcc/arm-none-eabi/13.2.0/../../../../arm-none-eabi/lib/thumb/v7e-m+fp/hard/libc_nano.a(libc_a-mallocr.o)
                                                  /usr/lib/gcc/arm-none-eabi/13.2.0/../../../../arm-none-eabi/lib/thumb/v7e-m+fp/hard/libc_nano.a(libc_a-freer.o)
__malloc_sbrk_start                               /usr/lib/gcc/arm-none-eabi/13.2.0/../../../../arm-none-eabi/lib/thumb/v7e-m+fp/hard/libc_nano.a(libc_a-mallocr.o)
__malloc_unlock                                   /usr/lib/gcc/arm-none-eabi/13.2.0/../../../../arm-none-eabi/lib/thumb/v7e-m+fp/hard/libc_nano.a(libc_a-mlock.o)
                                                  /usr/lib/gcc/arm-none-eabi/13.2.0/../../../../arm-none-eabi/lib/thumb/v7e-m+fp/hard/libc_nano.a(libc_a-mallocr.o)
                                                  /usr/lib/gcc/arm-none-eabi/13.2.0/../../../../arm-none-eabi/lib/thumb/v7e-m+fp/hard/libc_nano.a(libc_a-freer.o)
__on_exit_args                                    /usr/lib/gcc/arm-none-eabi/13.2.0/../../../../arm-none-eabi/lib/thumb/v7e-m+fp/hard/libc_nano.a(libc_a-__atexit.o)
__preinit_array_end                               /usr/lib/gcc/arm-none-eabi/13.2.0/../../../../arm-none-eabi/lib/thumb/v7e-m+fp/hard/libc_nano.a(libc_a-init.o)
__preinit_array_start                             /usr/lib/gcc/arm-none-eabi/13.2.0/../../../../arm-none-eabi/lib/thumb/v7e-m+fp/hard/libc_nano.a(libc_a-init.o)
__register_exitproc                               /usr/lib/gcc/arm-none-eabi/13.2.0/../../../../arm-none-eabi/lib/thumb/v7e-m+fp/hard/libc_nano.a(libc_a-__atexit.o)
                                                  /usr/lib/gcc/arm-none-eabi/13.2.0/../../../../arm-none-eabi/lib/thumb/v7e-m+fp/hard/libc_nano.a(libc_a-atexit.o)
__register_frame_info                             /usr/lib/gcc/arm-none-eabi/13.2.0/thumb/v7e-m+fp/hard/crtbegin.o
__retarget_lock_acquire                           /usr/lib/gcc/arm-none-eabi/13.2.0/../../../../arm-none-eabi/lib/thumb/v7e-m+fp/hard/libc_nano.a(libc_a-lock.o)
__retarget_lock_acquire_recursive                 /usr/lib/gcc/arm-none-eabi/13.2.0/../../../../arm-none-eabi/lib/thumb/v7e-m+fp/hard/libc_nano.a(libc_a-lock.o)
                                                  /usr/lib/gcc/arm-none-eabi/13.2.0/../../../../arm-none-eabi/lib/thumb/v7e-m+fp/hard/libc_nano.a(libc_a-fflush.o)
                                                  /usr/lib/gcc/arm-none-eabi/13.2.0/../../../../arm-none-eabi/lib/thumb/v7e-m+fp/hard/libc_nano.a(libc_a-mlock.o)
                                                  /usr/lib/gcc/arm-none-eabi/13.2.0/../../../../arm-none-eabi/lib/thumb/v7e-m+fp/hard/libc_nano.a(libc_a-__call_atexit.o)
                                                  /usr/lib/gcc/arm-none-eabi/13.2.0/../../../../arm-none-eabi/lib/thumb/v7e-m+fp/hard/libc_nano.a(libc_a-__atexit.o)
                                                  /usr/lib/gcc/arm-none-eabi/13.2.0/../../../../arm-none-eabi/lib/thumb/v7e-m+fp/hard/libc_nano.a(libc_a-findfp.o)
__retarget_lock_close                             /usr/lib/gcc/arm-none-eabi/13.2.0/../../../../arm-none-eabi/lib/thumb/v7e-m+fp/hard/libc_nano.a(libc_a-lock.o)
__retarget_lock_close_recursive                   /usr/lib/gcc/arm-none-eabi/13.2.0/../../../../arm-none-eabi/lib/thumb/v7e-m+fp/hard/libc_nano.a(libc_a-lock.o)
__retarget_lock_init                              /usr/lib/gcc/arm-none-eabi/13.2.0/../../../../arm-none-eabi/lib/thumb/v7e-m+fp/hard/libc_nano.a(libc_a-lock.o)
__retarget_lock_init_recursive                    /usr/lib/gcc/arm-none-eabi/13.2.0/../../../../arm-none-eabi/lib/thumb/v7e-m+fp/hard/libc_nano.a(libc_a-lock.o)
                                                  /usr/lib/gcc/arm-none-eabi/13.2.0/../../../../arm-none-eabi/lib/thumb/v7e-m+fp/hard/libc_nano.a(libc_a-findfp.o)
__retarget_lock_release                           /usr/lib/gcc/arm-none-eabi/13.2.0/../../../../arm-none-eabi/lib/thumb/v7e-m+fp/hard/libc_nano.a(libc_a-lock.o)
__retarget_lock_release_recursive                 /usr/lib/gcc/arm-none-eabi/13.2.0/../../../../arm-none-eabi/lib/thumb/v7e-m+fp/hard/libc_nano.a(libc_a-lock.o)
                                                  /usr/lib/gcc/arm-none-eabi/13.2.0/../../../../arm-none-eabi/lib/thumb/v7e-m+fp/hard/libc_nano.a(libc_a-fflush.o)
                                                  /usr/lib/gcc/arm-none-eabi/13.2.0/../../../../arm-none-eabi/lib/thumb/v7e-m+fp/hard/libc_nano.a(libc_a-mlock.o)
                                                  /usr/lib/gcc/arm-none-eabi/13.2.0/../../../../arm-none-eabi/lib/thumb/v7e-m+fp/hard/libc_nano.a(libc_a-__call_atexit.o)
                                                  /usr/lib/gcc/arm-none-eabi/13.2.0/../../../../arm-none-eabi/lib/thumb/v7e-m+fp/hard/libc_nano.a(libc_a-__atexit.o)
                                                  /usr/lib/gcc/arm-none-eabi/13.2.0/../../../../arm-none-eabi/lib/thumb/v7e-m+fp/hard/libc_nano.a(libc_a-findfp.o)
__retarget_lock_try_acquire                       /usr/lib/gcc/arm-none-eabi/13.2.0/../../../../arm-none-eabi/lib/thumb/v7e-m+fp/hard/libc_nano.a(libc_a-lock.o)
__retarget_lock_try_acquire_recursive             /usr/lib/gcc/arm-none-eabi/13.2.0/../../../../arm-none-eabi/lib/thumb/v7e-m+fp/hard/libc_nano.a(libc_a-lock.o)
__sclose                                          /usr/lib/gcc/arm-none-eabi/13.2.0/../../../../arm-none-eabi/lib/thumb/v7e-m+fp/hard/libc_nano.a(libc_a-stdio.o)
                                                  /usr/lib/gcc/arm-none-eabi/13.2.0/../../../../arm-none-eabi/lib/thumb/v7e-m+fp/hard/libc_nano.a(libc_a-findfp.o)
__seofread                                        /usr/lib/gcc/arm-none-eabi/13.2.0/../../../../arm-none-eabi/lib/thumb/v7e-m+fp/hard/libc_nano.a(libc_a-stdio.o)
__sf                                              /usr/lib/gcc/arm-none-eabi/13.2.0/../../../../arm-none-eabi/lib/thumb/v7e-m+fp/hard/libc_nano.a(libc_a-findfp.o)
                                                  /usr/lib/gcc/arm-none-eabi/13.2.0/../../../../arm-none-eabi/lib/thumb/v7e-m+fp/hard/libc_nano.a(libc_a-impure.o)
__sflush_r                                        /usr/lib/gcc/arm-none-eabi/13.2.0/../../../../arm-none-eabi/lib/thumb/v7e-m+fp/hard/libc_nano.a(libc_a-fflush.o)
__sfp                                             /usr/lib/gcc/arm-none-eabi/13.2.0/../../../../arm-none-eabi/lib/thumb/v7e-m+fp/hard/libc_nano.a(libc_a-findfp.o)
__sfp_lock_acquire                                /usr/lib/gcc/arm-none-eabi/13.2.0/../../../../arm-none-eabi/lib/thumb/v7e-m+fp/hard/libc_nano.a(libc_a-findfp.o)
__sfp_lock_release                                /usr/lib/gcc/arm-none-eabi/13.2.0/../../../../arm-none-eabi/lib/thumb/v7e-m+fp/hard/libc_nano.a(libc_a-findfp.o)
__sglue                                           /usr/lib/gcc/arm-none-eabi/13.2.0/../../../../arm-none-eabi/lib/thumb/v7e-m+fp/hard/libc_nano.a(libc_a-findfp.o)
                                                  /usr/lib/gcc/arm-none-eabi/13.2.0/../../../../arm-none-eabi/lib/thumb/v7e-m+fp/hard/libc_nano.a(libc_a-fflush.o)
__sinit                                           /usr/lib/gcc/arm-none-eabi/13.2.0/../../../../arm-none-eabi/lib/thumb/v7e-m+fp/hard/libc_nano.a(libc_a-findfp.o)
                                                  /usr/lib/gcc/arm-none-eabi/13.2.0/../../../../arm-none-eabi/lib/thumb/v7e-m+fp/hard/libc_nano.a(libc_a-fflush.o)
__sread                                           /usr/lib/gcc/arm-none-eabi/13.2.0/../../../../arm-none-eabi/lib/thumb/v7e-m+fp/hard/libc_nano.a(libc_a-stdio.o)
                                                  /usr/lib/gcc/arm-none-eabi/13.2.0/../../../../arm-none-eabi/lib/thumb/v7e-m+fp/hard/libc_nano.a(libc_a-findfp.o)
__sseek                                           /usr/lib/gcc/arm-none-eabi/13.2.0/../../../../arm-none-eabi/lib/thumb/v7e-m+fp/hard/libc_nano.a(libc_a-stdio.o)
                                                  /usr/lib/gcc/arm-none-eabi/13.2.0/../../../../arm-none-eabi/lib/thumb/v7e-m+fp/hard/libc_nano.a(libc_a-findfp.o)
__stack                                           /usr/lib/gcc/arm-none-eabi/13.2.0/../../../../arm-none-eabi/lib/thumb/v7e-m+fp/hard/crt0.o
__stdio_exit_handler                              /usr/lib/gcc/arm-none-eabi/13.2.0/../../../../arm-none-eabi/lib/thumb/v7e-m+fp/hard/libc_nano.a(libc_a-findfp.o)
                                                  /usr/lib/gcc/arm-none-eabi/13.2.0/../../../../arm-none-eabi/lib/thumb/v7e-m+fp/hard/libc_nano.a(libc_a-exit.o)
__swrite                                          /usr/lib/gcc/arm-none-eabi/13.2.0/../../../../arm-none-eabi/lib/thumb/v7e-m+fp/hard/libc_nano.a(libc_a-stdio.o)
                                                  /usr/lib/gcc/arm-none-eabi/13.2.0/../../../../arm-none-eabi/lib/thumb/v7e-m+fp/hard/libc_nano.a(libc_a-findfp.o)
_close                                            /usr/lib/gcc/arm-none-eabi/13.2.0/../../../../arm-none-eabi/lib/thumb/v7e-m+fp/hard/libnosys.a(close.o)
                                                  /usr/lib/gcc/arm-none-eabi/13.2.0/../../../../arm-none-eabi/lib/thumb/v7e-m+fp/hard/libc_nano.a(libc_a-closer.o)
_close_r                                          /usr/lib/gcc/arm-none-eabi/13.2.0/../../../../arm-none-eabi/lib/thumb/v7e-m+fp/hard/libc_nano.a(libc_a-closer.o)
                                                  /usr/lib/gcc/arm-none-eabi/13.2.0/../../../../arm-none-eabi/lib/thumb/v7e-m+fp/hard/libc_nano.a(libc_a-stdio.o)
_ebss                                             build/startup_stm32h755xx_CM4.o
_edata                                            build/startup_stm32h755xx_CM4.o
_estack                                           build/startup_stm32h755xx_CM4.o
_exit                                             /usr/lib/gcc/arm-none-eabi/13.2.0/../../../../arm-none-eabi/lib/thumb/v7e-m+fp/hard/libnosys.a(_exit.o)
                                                  /usr/lib/gcc/arm-none-eabi/13.2.0/../../../../arm-none-eabi/lib/thumb/v7e-m+fp/hard/libc_nano.a(libc_a-exit.o)
_fflush_r                                         /usr/lib/gcc/arm-none-eabi/13.2.0/../../../../arm-none-eabi/lib/thumb/v7e-m+fp/hard/libc_nano.a(libc_a-fflush.o)
                                                  /usr/lib/gcc/arm-none-eabi/13.2.0/../../../../arm-none-eabi/lib/thumb/v7e-m+fp/hard/libc_nano.a(libc_a-findfp.o)
_fini                                             /usr/lib/gcc/arm-none-eabi/13.2.0/thumb/v7e-m+fp/hard/crti.o
                                                  /usr/lib/gcc/arm-none-eabi/13.2.0/../../../../arm-none-eabi/lib/thumb/v7e-m+fp/hard/libc_nano.a(libc_a-fini.o)
_free_r                                           /usr/lib/gcc/arm-none-eabi/13.2.0/../../../../arm-none-eabi/lib/thumb/v7e-m+fp/hard/libc_nano.a(libc_a-freer.o)
                                                  /usr/lib/gcc/arm-none-eabi/13.2.0/../../../../arm-none-eabi/lib/thumb/v7e-m+fp/hard/libc_nano.a(libc_a-fflush.o)
                                                  /usr/lib/gcc/arm-none-eabi/13.2.0/../../../../arm-none-eabi/lib/thumb/v7e-m+fp/hard/libc_nano.a(libc_a-reent.o)
_fwalk_sglue                                      /usr/lib/gcc/arm-none-eabi/13.2.0/../../../../arm-none-eabi/lib/thumb/v7e-m+fp/hard/libc_nano.a(libc_a-fwalk.o)
                                                  /usr/lib/gcc/arm-none-eabi/13.2.0/../../../../arm-none-eabi/lib/thumb/v7e-m+fp/hard/libc_nano.a(libc_a-fflush.o)
                                                  /usr/lib/gcc/arm-none-eabi/13.2.0/../../../../arm-none-eabi/lib/thumb/v7e-m+fp/hard/libc_nano.a(libc_a-findfp.o)
_impure_data                                      /usr/lib/gcc/arm-none-eabi/13.2.0/../../../../arm-none-eabi/lib/thumb/v7e-m+fp/hard/libc_nano.a(libc_a-impure.o)
                                                  /usr/lib/gcc/arm-none-eabi/13.2.0/../../../../arm-none-eabi/lib/thumb/v7e-m+fp/hard/libc_nano.a(libc_a-fflush.o)
                                                  /usr/lib/gcc/arm-none-eabi/13.2.0/../../../../arm-none-eabi/lib/thumb/v7e-m+fp/hard/libc_nano.a(libc_a-findfp.o)
_impure_ptr                                       /usr/lib/gcc/arm-none-eabi/13.2.0/../../../../arm-none-eabi/lib/thumb/v7e-m+fp/hard/libc_nano.a(libc_a-impure.o)
                                                  /usr/lib/gcc/arm-none-eabi/13.2.0/../../../../arm-none-eabi/lib/thumb/v7e-m+fp/hard/libc_nano.a(libc_a-fflush.o)
                                                  /usr/lib/gcc/arm-none-eabi/13.2.0/../../../../arm-none-eabi/lib/thumb/v7e-m+fp/hard/libc_nano.a(libc_a-reent.o)
_init                                             /usr/lib/gcc/arm-none-eabi/13.2.0/thumb/v7e-m+fp/hard/crti.o
                                                  /usr/lib/gcc/arm-none-eabi/13.2.0/../../../../arm-none-eabi/lib/thumb/v7e-m+fp/hard/libc_nano.a(libc_a-init.o)
_lseek                                            /usr/lib/gcc/arm-none-eabi/13.2.0/../../../../arm-none-eabi/lib/thumb/v7e-m+fp/hard/libnosys.a(lseek.o)
                                                  /usr/lib/gcc/arm-none-eabi/13.2.0/../../../../arm-none-eabi/lib/thumb/v7e-m+fp/hard/libc_nano.a(libc_a-lseekr.o)
_lseek_r                                          /usr/lib/gcc/arm-none-eabi/13.2.0/../../../../arm-none-eabi/lib/thumb/v7e-m+fp/hard/libc_nano.a(libc_a-lseekr.o)
                                                  /usr/lib/gcc/arm-none-eabi/13.2.0/../../../../arm-none-eabi/lib/thumb/v7e-m+fp/hard/libc_nano.a(libc_a-stdio.o)
_mainCRTStartup                                   /usr/lib/gcc/arm-none-eabi/13.2.0/../../../../arm-none-eabi/lib/thumb/v7e-m+fp/hard/crt0.o
_malloc_r                                         /usr/lib/gcc/arm-none-eabi/13.2.0/../../../../arm-none-eabi/lib/thumb/v7e-m+fp/hard/libc_nano.a(libc_a-mallocr.o)
                                                  /usr/lib/gcc/arm-none-eabi/13.2.0/../../../../arm-none-eabi/lib/thumb/v7e-m+fp/hard/libc_nano.a(libc_a-findfp.o)
_read                                             /usr/lib/gcc/arm-none-eabi/13.2.0/../../../../arm-none-eabi/lib/thumb/v7e-m+fp/hard/libnosys.a(read.o)
                                                  /usr/lib/gcc/arm-none-eabi/13.2.0/../../../../arm-none-eabi/lib/thumb/v7e-m+fp/hard/libc_nano.a(libc_a-readr.o)
_read_r                                           /usr/lib/gcc/arm-none-eabi/13.2.0/../../../../arm-none-eabi/lib/thumb/v7e-m+fp/hard/libc_nano.a(libc_a-readr.o)
                                                  /usr/lib/gcc/arm-none-eabi/13.2.0/../../../../arm-none-eabi/lib/thumb/v7e-m+fp/hard/libc_nano.a(libc_a-stdio.o)
_reclaim_reent                                    /usr/lib/gcc/arm-none-eabi/13.2.0/../../../../arm-none-eabi/lib/thumb/v7e-m+fp/hard/libc_nano.a(libc_a-reent.o)
_sbrk                                             /usr/lib/gcc/arm-none-eabi/13.2.0/../../../../arm-none-eabi/lib/thumb/v7e-m+fp/hard/libnosys.a(sbrk.o)
                                                  /usr/lib/gcc/arm-none-eabi/13.2.0/../../../../arm-none-eabi/lib/thumb/v7e-m+fp/hard/libc_nano.a(libc_a-sbrkr.o)
_sbrk_r                                           /usr/lib/gcc/arm-none-eabi/13.2.0/../../../../arm-none-eabi/lib/thumb/v7e-m+fp/hard/libc_nano.a(libc_a-sbrkr.o)
                                                  /usr/lib/gcc/arm-none-eabi/13.2.0/../../../../arm-none-eabi/lib/thumb/v7e-m+fp/hard/libc_nano.a(libc_a-mallocr.o)
_sbss                                             build/startup_stm32h755xx_CM4.o
_sdata                                            build/startup_stm32h755xx_CM4.o
_sidata                                           build/startup_stm32h755xx_CM4.o
_stack_init                                       /usr/lib/gcc/arm-none-eabi/13.2.0/../../../../arm-none-eabi/lib/thumb/v7e-m+fp/hard/crt0.o